******************************************************************************
                  TI ARM Linker PC v18.12.4                    
******************************************************************************
>> Linked Sat Apr 11 03:08:14 2020

OUTPUT FILE NAME:   <freertos_demo.out>
ENTRY POINT SYMBOL: "_c_int00_noargs"  address: 000019d1


MEMORY CONFIGURATION

         name            origin    length      used     unused   attr    fill
----------------------  --------  ---------  --------  --------  ----  --------
  FLASH                 00000000   00040000  00001d92  0003e26e  R  X
  SRAM                  20000000   00008000  0000793c  000006c4  RW X


SEGMENT ALLOCATION MAP

run origin  load origin   length   init length attrs members
----------  ----------- ---------- ----------- ----- -------
00000000    00000000    00001d98   00001d98    r-x
  00000000    00000000    0000026c   0000026c    r-- .intvecs
  0000026c    0000026c    00001a5e   00001a5e    r-x .text
  00001ccc    00001ccc    00000090   00000090    r-- .const
  00001d60    00001d60    00000038   00000038    r-- .cinit
20000000    20000000    0000793c   00000000    rw-
  20000000    20000000    000076f8   00000000    rw- .bss
  200076f8    200076f8    00000200   00000000    rw- .stack
  200078f8    200078f8    00000044   00000000    rw- .data


SECTION ALLOCATION MAP

 output                                  attributes/
section   page    origin      length       input sections
--------  ----  ----------  ----------   ----------------
.intvecs   0    00000000    0000026c     
                  00000000    0000026c     startup_ccs.obj (.intvecs)

.text      0    0000026c    00001a5e     
                  0000026c    000001ee     uartstdio.obj (.text:UARTvprintf)
                  0000045a    00000002     startup_ccs.obj (.text:FaultISR)
                  0000045c    00000140     freertos_demo.obj (.text:main)
                  0000059c    00000118     queue.obj (.text:xQueueGenericReceive)
                  000006b4    00000110     driverlib.lib : sysctl.obj (.text:SysCtlClockGet)
                  000007c4    00000104     tasks.obj (.text:xTaskIncrementTick)
                  000008c8    00000100     tasks.obj (.text:xTaskGenericCreate)
                  000009c8    000000e8     queue.obj (.text:xQueueGenericSend)
                  00000ab0    000000e4     tasks.obj (.text:xTaskResumeAll)
                  00000b94    000000d2     portasm.obj (.text)
                  00000c66    00000002     startup_ccs.obj (.text:IntDefaultHandler)
                  00000c68    000000ac     heap_2.obj (.text:pvPortMalloc)
                  00000d14    0000009c     rtsv7M4_T_le_v4SPD16_eabi.lib : memcpy_t2.asm.obj (.text)
                  00000db0    00000098     freertos_demo.obj (.text:Configure_TX)
                  00000e48    00000094     freertos_demo.obj (.text:Configure_RX)
                  00000edc    00000090     tasks.obj (.text:vTaskPriorityInherit)
                  00000f6c    0000008c     tasks.obj (.text:vTaskSwitchContext)
                  00000ff8    00000084     queue.obj (.text:xQueueGenericReset)
                  0000107c    0000007a     rtsv7M4_T_le_v4SPD16_eabi.lib : memset_t2.asm.obj (.text)
                  000010f6    00000002     startup_ccs.obj (.text:NmiSR)
                  000010f8    00000078     tasks.obj (.text:xTaskPriorityDisinherit)
                  00001170    00000074     freertos_demo.obj (.text:Receive)
                  000011e4    00000074     tasks.obj (.text:xTaskRemoveFromEventList)
                  00001258    00000072     queue.obj (.text:prvCopyDataToQueue)
                  000012ca    00000002     rtsv7M4_T_le_v4SPD16_eabi.lib : div0.asm.obj (.text)
                  000012cc    00000068     freertos_demo.obj (.text:Transmit)
                  00001334    00000068     rtsv7M4_T_le_v4SPD16_eabi.lib : copy_decompress_lzss.c.obj (.text:decompress:lzss:__TI_decompress_lzss)
                  0000139c    00000064     freertos_demo.obj (.text:ConfigureUART)
                  00001400    00000064     tasks.obj (.text:vTaskPlaceOnEventList)
                  00001464    00000062     queue.obj (.text:prvUnlockQueue)
                  000014c6    00000002     freertos_demo.obj (.text:vApplicationStackOverflowHook)
                  000014c8    00000060     uartstdio.obj (.text:UARTStdioConfig)
                  00001528    00000060     tasks.obj (.text:prvInitialiseTaskLists)
                  00001588    00000060     tasks.obj (.text:vTaskStartScheduler)
                  000015e8    00000058     tasks.obj (.text:prvCheckTasksWaitingTermination)
                  00001640    00000056     tasks.obj (.text:prvInitialiseTCBVariables)
                  00001696    00000002     --HOLE-- [fill = 0]
                  00001698    00000054     tasks.obj (.text:xTaskCheckForTimeOut)
                  000016ec    0000004e     queue.obj (.text:xQueueCreateMutex)
                  0000173a    00000002     --HOLE-- [fill = 0]
                  0000173c    0000004c     tasks.obj (.text:prvAddCurrentTaskToDelayedList)
                  00001788    00000048     uartstdio.obj (.text:UARTwrite)
                  000017d0    00000046     driverlib.lib : uart.obj (.text:UARTConfigSetExpClk)
                  00001816    00000002     --HOLE-- [fill = 0]
                  00001818    00000044     rtsv7M4_T_le_v4SPD16_eabi.lib : autoinit.c.obj (.text:__TI_auto_init_nobinit_nopinit:__TI_auto_init_nobinit_nopinit)
                  0000185c    00000044     heap_2.obj (.text:vPortFree)
                  000018a0    00000040     rtsv7M4_T_le_v4SPD16_eabi.lib : u_divt2.asm.obj (.text)
                  000018e0    00000040     port.obj (.text:xPortStartScheduler)
                  00001920    0000003c     queue.obj (.text:xQueueGenericCreate)
                  0000195c    0000003a     tasks.obj (.text:prvAllocateTCBAndStack)
                  00001996    00000038     list.obj (.text:vListInsert)
                  000019ce    00000002     --HOLE-- [fill = 0]
                  000019d0    00000034     rtsv7M4_T_le_v4SPD16_eabi.lib : boot_cortex_m.c.obj (.text:_c_int00_noargs:_c_int00_noargs)
                  00001a04    00000030     heap_2.obj (.text:prvHeapInit)
                  00001a34    0000002c     port.obj (.text:xPortSysTickHandler)
                  00001a60    00000028     tasks.obj (.text:prvResetNextTaskUnblockTime)
                  00001a88    00000028     port.obj (.text:pxPortInitialiseStack)
                  00001ab0    00000026     queue.obj (.text:prvCopyDataFromQueue)
                  00001ad6    00000002     --HOLE-- [fill = 0]
                  00001ad8    00000020     driverlib.lib : uart.obj (.text:UARTDisable)
                  00001af8    00000020     list.obj (.text:uxListRemove)
                  00001b18    0000001c     queue.obj (.text:prvIsQueueFull)
                  00001b34    0000001c     port.obj (.text:vPortEnterCritical)
                  00001b50    0000001a     uartstdio.obj (.text:UARTprintf)
                  00001b6a    0000001a     queue.obj (.text:prvIsQueueEmpty)
                  00001b84    00000018     tasks.obj (.text:pvTaskIncrementMutexHeldCount)
                  00001b9c    00000018     list.obj (.text:vListInsertEnd)
                  00001bb4    00000018     port.obj (.text:vPortExitCritical)
                  00001bcc    00000018     tasks.obj (.text:vTaskSetTimeOutState)
                  00001be4    00000016     list.obj (.text:vListInitialise)
                  00001bfa    00000014     driverlib.lib : uart.obj (.text:UARTEnable)
                  00001c0e    00000002     --HOLE-- [fill = 0]
                  00001c10    00000014     port.obj (.text:vPortSetupTimerInterrupt)
                  00001c24    00000012     tasks.obj (.text:prvDeleteTCB)
                  00001c36    00000010     port.obj (.text:prvTaskExitError)
                  00001c46    00000002     --HOLE-- [fill = 0]
                  00001c48    00000010     tasks.obj (.text:vTaskSuspendAll)
                  00001c58    0000000e     driverlib.lib : uart.obj (.text:UARTCharGetNonBlocking)
                  00001c66    0000000e                   : uart.obj (.text:UARTCharPutNonBlocking)
                  00001c74    0000000e                   : uart.obj (.text:UARTCharsAvail)
                  00001c82    0000000e     rtsv7M4_T_le_v4SPD16_eabi.lib : copy_decompress_none.c.obj (.text:decompress:none:__TI_decompress_none)
                  00001c90    0000000c                                   : copy_zero_init.c.obj (.text:decompress:ZI:__TI_zero_init)
                  00001c9c    0000000c     tasks.obj (.text:vTaskMissedYield)
                  00001ca8    00000008     tasks.obj (.text:prvIdleTask)
                  00001cb0    00000006     startup_ccs.obj (.text:ResetISR)
                  00001cb6    00000006     driverlib.lib : uart.obj (.text:UARTClockSourceSet)
                  00001cbc    00000006     list.obj (.text:vListInitialiseItem)
                  00001cc2    00000004     rtsv7M4_T_le_v4SPD16_eabi.lib : pre_init.c.obj (.text:_system_pre_init)
                  00001cc6    00000004                                   : exit.c.obj (.text:abort:abort)

.const     0    00001ccc    00000090     
                  00001ccc    0000006c     driverlib.lib : sysctl.obj (.const:g_pui32Xtals)
                  00001d38    0000000c     uartstdio.obj (.const:g_ui32UARTBase)
                  00001d44    0000000c     uartstdio.obj (.const:g_ui32UARTPeriph)
                  00001d50    00000005     freertos_demo.obj (.const:.string:$P$T0$1)
                  00001d55    00000003     --HOLE-- [fill = 0]
                  00001d58    00000004     port.obj (.const)

.cinit     0    00001d60    00000038     
                  00001d60    0000000f     (.cinit..data.load) [load image, compression = lzss]
                  00001d6f    00000001     --HOLE-- [fill = 0]
                  00001d70    0000000c     (__TI_handler_table)
                  00001d7c    00000004     --HOLE-- [fill = 0]
                  00001d80    00000008     (.cinit..bss.load) [load image, compression = zero_init]
                  00001d88    00000010     (__TI_cinit_table)

.init_array 
*          0    00000000    00000000     UNINITIALIZED

.bss       0    20000000    000076f8     UNINITIALIZED
                  20000000    00007530     heap_2.obj (.bss:ucHeap)
                  20007530    00000140     tasks.obj (.bss:pxReadyTasksLists)
                  20007670    00000014     tasks.obj (.bss:xDelayedTaskList1)
                  20007684    00000014     tasks.obj (.bss:xDelayedTaskList2)
                  20007698    00000014     tasks.obj (.bss:xPendingReadyList)
                  200076ac    00000014     tasks.obj (.bss:xSuspendedTaskList)
                  200076c0    00000014     tasks.obj (.bss:xTasksWaitingTermination)
                  200076d4    00000008     tasks.obj (.bss)
                  200076dc    00000008     heap_2.obj (.bss:xEnd)
                  200076e4    00000008     heap_2.obj (.bss:xStart)
                  200076ec    00000004     (.common:g_pUARTSemaphore)
                  200076f0    00000004     (.common:receive)
                  200076f4    00000004     (.common:transmit)

.data      0    200078f8    00000044     UNINITIALIZED
                  200078f8    00000030     tasks.obj (.data)
                  20007928    00000008     heap_2.obj (.data)
                  20007930    00000005     uartstdio.obj (.data)
                  20007935    00000003     --HOLE--
                  20007938    00000004     port.obj (.data)

.stack     0    200076f8    00000200     UNINITIALIZED
                  200076f8    00000004     rtsv7M4_T_le_v4SPD16_eabi.lib : boot_cortex_m.c.obj (.stack)
                  200076fc    000001fc     --HOLE--

MODULE SUMMARY

       Module                       code   ro data   rw data
       ------                       ----   -------   -------
    .\
       freertos_demo.obj            942    5         12     
       startup_ccs.obj              12     620       0      
    +--+----------------------------+------+---------+---------+
       Total:                       954    625       12     
                                                            
    .\third_party\FreeRTOS\Source\
       tasks.obj                    2090   0         476    
       queue.obj                    1086   0         0      
       list.obj                     140    0         0      
    +--+----------------------------+------+---------+---------+
       Total:                       3316   0         476    
                                                            
    .\third_party\FreeRTOS\Source\portable\CCS\ARM_CM4F\
       port.obj                     236    4         4      
       portasm.obj                  210    0         0      
    +--+----------------------------+------+---------+---------+
       Total:                       446    4         4      
                                                            
    .\third_party\FreeRTOS\Source\portable\MemMang\
       heap_2.obj                   288    0         30024  
    +--+----------------------------+------+---------+---------+
       Total:                       288    0         30024  
                                                            
    .\utils\
       uartstdio.obj                688    24        5      
    +--+----------------------------+------+---------+---------+
       Total:                       688    24        5      
                                                            
    C:/ti/TivaWare_C_Series-2.1.4.178/driverlib/ccs/Debug/driverlib.lib
       sysctl.obj                   272    108       0      
       uart.obj                     170    0         0      
    +--+----------------------------+------+---------+---------+
       Total:                       442    108       0      
                                                            
    C:\ti\ccs930\ccs\tools\compiler\ti-cgt-arm_18.12.4.LTS\lib\rtsv7M4_T_le_v4SPD16_eabi.lib
       memcpy_t2.asm.obj            156    0         0      
       memset_t2.asm.obj            122    0         0      
       copy_decompress_lzss.c.obj   104    0         0      
       autoinit.c.obj               68     0         0      
       u_divt2.asm.obj              64     0         0      
       boot_cortex_m.c.obj          52     0         0      
       copy_decompress_none.c.obj   14     0         0      
       copy_zero_init.c.obj         12     0         0      
       exit.c.obj                   4      0         0      
       pre_init.c.obj               4      0         0      
       div0.asm.obj                 2      0         0      
    +--+----------------------------+------+---------+---------+
       Total:                       602    0         0      
                                                            
       Stack:                       0      0         512    
       Linker Generated:            0      51        0      
    +--+----------------------------+------+---------+---------+
       Grand Total:                 6736   812       31033  


LINKER GENERATED COPY TABLES

__TI_cinit_table @ 00001d88 records: 2, size/record: 8, table size: 16
	.data: load addr=00001d60, load size=0000000f bytes, run addr=200078f8, run size=00000044 bytes, compression=lzss
	.bss: load addr=00001d80, load size=00000008 bytes, run addr=20000000, run size=000076f8 bytes, compression=zero_init


LINKER GENERATED HANDLER TABLE

__TI_handler_table @ 00001d70 records: 3, size/record: 4, table size: 12
	index: 0, handler: __TI_decompress_lzss
	index: 1, handler: __TI_decompress_none
	index: 2, handler: __TI_zero_init


GLOBAL SYMBOLS: SORTED ALPHABETICALLY BY Name 

address   name                          
-------   ----                          
00001cc7  C$$EXIT                       
0000139d  ConfigureUART                 
00000e49  Configure_RX                  
00000db1  Configure_TX                  
00001171  Receive                       
00001cb1  ResetISR                      
000006b5  SysCtlClockGet                
000012cd  Transmit                      
00001c59  UARTCharGetNonBlocking        
00001c67  UARTCharPutNonBlocking        
00001c75  UARTCharsAvail                
00001cb7  UARTClockSourceSet            
000017d1  UARTConfigSetExpClk           
00001ad9  UARTDisable                   
00001bfb  UARTEnable                    
000014c9  UARTStdioConfig               
00001b51  UARTprintf                    
0000026d  UARTvprintf                   
00001789  UARTwrite                     
200078f8  __STACK_END                   
00000200  __STACK_SIZE                  
200078f8  __STACK_TOP                   
00001d88  __TI_CINIT_Base               
00001d98  __TI_CINIT_Limit              
00001d70  __TI_Handler_Table_Base       
00001d7c  __TI_Handler_Table_Limit      
00001819  __TI_auto_init_nobinit_nopinit
00001335  __TI_decompress_lzss          
00001c83  __TI_decompress_none          
ffffffff  __TI_pprof_out_hndl           
ffffffff  __TI_prof_data_size           
ffffffff  __TI_prof_data_start          
00000000  __TI_static_base__            
00001c91  __TI_zero_init                
000012cb  __aeabi_idiv0                 
000012cb  __aeabi_ldiv0                 
0000107d  __aeabi_memclr                
0000107d  __aeabi_memclr4               
0000107d  __aeabi_memclr8               
00000d15  __aeabi_memcpy                
00000d15  __aeabi_memcpy4               
00000d15  __aeabi_memcpy8               
0000107f  __aeabi_memset                
0000107f  __aeabi_memset4               
0000107f  __aeabi_memset8               
000018a1  __aeabi_uidiv                 
000018a1  __aeabi_uidivmod              
ffffffff  __binit__                     
ffffffff  __c_args__                    
UNDEFED   __mpu_init                    
200076f8  __stack                       
000019d1  _c_int00_noargs               
UNDEFED   _system_post_cinit            
00001cc3  _system_pre_init              
00001cc7  abort                         
ffffffff  binit                         
200076ec  g_pUARTSemaphore              
00000000  g_pfnVectors                  
0000045d  main                          
00000d15  memcpy                        
00001085  memset                        
00000c69  pvPortMalloc                  
00001b85  pvTaskIncrementMutexHeldCount 
200078f8  pxCurrentTCB                  
00001a89  pxPortInitialiseStack         
200076f0  receive                       
200076f4  transmit                      
00001d58  ulMaxSyscallInterruptPriority 
00000ba5  ulPortGetIPSR                 
00001af9  uxListRemove                  
000014c7  vApplicationStackOverflowHook 
00001be5  vListInitialise               
00001cbd  vListInitialiseItem           
00001997  vListInsert                   
00001b9d  vListInsertEnd                
00000c59  vPortEnableVFP                
00001b35  vPortEnterCritical            
00001bb5  vPortExitCritical             
0000185d  vPortFree                     
00000c1d  vPortSVCHandler               
00001c11  vPortSetupTimerInterrupt      
00000c3d  vPortStartFirstTask           
00001c9d  vTaskMissedYield              
00001401  vTaskPlaceOnEventList         
00000edd  vTaskPriorityInherit          
00001bcd  vTaskSetTimeOutState          
00001589  vTaskStartScheduler           
00001c49  vTaskSuspendAll               
00000f6d  vTaskSwitchContext            
00000bbd  xPortPendSVHandler            
000018e1  xPortStartScheduler           
00001a35  xPortSysTickHandler           
000016ed  xQueueCreateMutex             
00001921  xQueueGenericCreate           
0000059d  xQueueGenericReceive          
00000ff9  xQueueGenericReset            
000009c9  xQueueGenericSend             
00001699  xTaskCheckForTimeOut          
000008c9  xTaskGenericCreate            
000007c5  xTaskIncrementTick            
000010f9  xTaskPriorityDisinherit       
000011e5  xTaskRemoveFromEventList      
00000ab1  xTaskResumeAll                


GLOBAL SYMBOLS: SORTED BY Symbol Address 

address   name                          
-------   ----                          
00000000  __TI_static_base__            
00000000  g_pfnVectors                  
00000200  __STACK_SIZE                  
0000026d  UARTvprintf                   
0000045d  main                          
0000059d  xQueueGenericReceive          
000006b5  SysCtlClockGet                
000007c5  xTaskIncrementTick            
000008c9  xTaskGenericCreate            
000009c9  xQueueGenericSend             
00000ab1  xTaskResumeAll                
00000ba5  ulPortGetIPSR                 
00000bbd  xPortPendSVHandler            
00000c1d  vPortSVCHandler               
00000c3d  vPortStartFirstTask           
00000c59  vPortEnableVFP                
00000c69  pvPortMalloc                  
00000d15  __aeabi_memcpy                
00000d15  __aeabi_memcpy4               
00000d15  __aeabi_memcpy8               
00000d15  memcpy                        
00000db1  Configure_TX                  
00000e49  Configure_RX                  
00000edd  vTaskPriorityInherit          
00000f6d  vTaskSwitchContext            
00000ff9  xQueueGenericReset            
0000107d  __aeabi_memclr                
0000107d  __aeabi_memclr4               
0000107d  __aeabi_memclr8               
0000107f  __aeabi_memset                
0000107f  __aeabi_memset4               
0000107f  __aeabi_memset8               
00001085  memset                        
000010f9  xTaskPriorityDisinherit       
00001171  Receive                       
000011e5  xTaskRemoveFromEventList      
000012cb  __aeabi_idiv0                 
000012cb  __aeabi_ldiv0                 
000012cd  Transmit                      
00001335  __TI_decompress_lzss          
0000139d  ConfigureUART                 
00001401  vTaskPlaceOnEventList         
000014c7  vApplicationStackOverflowHook 
000014c9  UARTStdioConfig               
00001589  vTaskStartScheduler           
00001699  xTaskCheckForTimeOut          
000016ed  xQueueCreateMutex             
00001789  UARTwrite                     
000017d1  UARTConfigSetExpClk           
00001819  __TI_auto_init_nobinit_nopinit
0000185d  vPortFree                     
000018a1  __aeabi_uidiv                 
000018a1  __aeabi_uidivmod              
000018e1  xPortStartScheduler           
00001921  xQueueGenericCreate           
00001997  vListInsert                   
000019d1  _c_int00_noargs               
00001a35  xPortSysTickHandler           
00001a89  pxPortInitialiseStack         
00001ad9  UARTDisable                   
00001af9  uxListRemove                  
00001b35  vPortEnterCritical            
00001b51  UARTprintf                    
00001b85  pvTaskIncrementMutexHeldCount 
00001b9d  vListInsertEnd                
00001bb5  vPortExitCritical             
00001bcd  vTaskSetTimeOutState          
00001be5  vListInitialise               
00001bfb  UARTEnable                    
00001c11  vPortSetupTimerInterrupt      
00001c49  vTaskSuspendAll               
00001c59  UARTCharGetNonBlocking        
00001c67  UARTCharPutNonBlocking        
00001c75  UARTCharsAvail                
00001c83  __TI_decompress_none          
00001c91  __TI_zero_init                
00001c9d  vTaskMissedYield              
00001cb1  ResetISR                      
00001cb7  UARTClockSourceSet            
00001cbd  vListInitialiseItem           
00001cc3  _system_pre_init              
00001cc7  C$$EXIT                       
00001cc7  abort                         
00001d58  ulMaxSyscallInterruptPriority 
00001d70  __TI_Handler_Table_Base       
00001d7c  __TI_Handler_Table_Limit      
00001d88  __TI_CINIT_Base               
00001d98  __TI_CINIT_Limit              
200076ec  g_pUARTSemaphore              
200076f0  receive                       
200076f4  transmit                      
200076f8  __stack                       
200078f8  __STACK_END                   
200078f8  __STACK_TOP                   
200078f8  pxCurrentTCB                  
ffffffff  __TI_pprof_out_hndl           
ffffffff  __TI_prof_data_size           
ffffffff  __TI_prof_data_start          
ffffffff  __binit__                     
ffffffff  __c_args__                    
ffffffff  binit                         
UNDEFED   __mpu_init                    
UNDEFED   _system_post_cinit            

[103 symbols]
