******************************************************************************
                  TI ARM Linker PC v18.12.4                    
******************************************************************************
>> Linked Sun Apr 12 18:07:52 2020

OUTPUT FILE NAME:   <freertos_demo.out>
ENTRY POINT SYMBOL: "_c_int00_noargs"  address: 00001445


MEMORY CONFIGURATION

         name            origin    length      used     unused   attr    fill
----------------------  --------  ---------  --------  --------  ----  --------
  FLASH                 00000000   00040000  000016ea  0003e916  R  X
  SRAM                  20000000   00008000  00007930  000006d0  RW X


SEGMENT ALLOCATION MAP

run origin  load origin   length   init length attrs members
----------  ----------- ---------- ----------- ----- -------
00000000    00000000    000016f0   000016f0    r-x
  00000000    00000000    0000026c   0000026c    r-- .intvecs
  0000026c    0000026c    0000142a   0000142a    r-x .text
  00001698    00001698    0000001c   0000001c    r-- .const
  000016b8    000016b8    00000038   00000038    r-- .cinit
20000000    20000000    00007934   00000000    rw-
  20000000    20000000    000076ec   00000000    rw- .bss
  200076f0    200076f0    00000200   00000000    rw- .stack
  200078f0    200078f0    00000044   00000000    rw- .data


SECTION ALLOCATION MAP

 output                                  attributes/
section   page    origin      length       input sections
--------  ----  ----------  ----------   ----------------
.intvecs   0    00000000    0000026c     
                  00000000    0000026c     startup_ccs.obj (.intvecs)

.text      0    0000026c    0000142a     
                  0000026c    000001ee     uartstdio.obj (.text:UARTvprintf)
                  0000045a    00000002     startup_ccs.obj (.text:FaultISR)
                  0000045c    00000104     tasks.obj (.text:xTaskIncrementTick)
                  00000560    00000100     tasks.obj (.text:xTaskGenericCreate)
                  00000660    000000e8     queue.obj (.text:xQueueGenericSend)
                  00000748    000000e4     tasks.obj (.text:xTaskResumeAll)
                  0000082c    000000d2     portasm.obj (.text)
                  000008fe    00000002     startup_ccs.obj (.text:IntDefaultHandler)
                  00000900    000000ac     heap_2.obj (.text:pvPortMalloc)
                  000009ac    0000009c     rtsv7M4_T_le_v4SPD16_eabi.lib : memcpy_t2.asm.obj (.text)
                  00000a48    0000008c     main.obj (.text:main)
                  00000ad4    0000008c     tasks.obj (.text:vTaskSwitchContext)
                  00000b60    0000007a     rtsv7M4_T_le_v4SPD16_eabi.lib : memset_t2.asm.obj (.text)
                  00000bda    00000002     startup_ccs.obj (.text:NmiSR)
                  00000bdc    00000078     main.obj (.text:Configure_RX)
                  00000c54    00000078     main.obj (.text:Configure_TX)
                  00000ccc    00000078     tasks.obj (.text:xTaskPriorityDisinherit)
                  00000d44    00000074     tasks.obj (.text:xTaskRemoveFromEventList)
                  00000db8    00000072     queue.obj (.text:prvCopyDataToQueue)
                  00000e2a    00000068     rtsv7M4_T_le_v4SPD16_eabi.lib : copy_decompress_lzss.c.obj (.text:decompress:lzss:__TI_decompress_lzss)
                  00000e92    00000002                                   : div0.asm.obj (.text)
                  00000e94    00000064     main.obj (.text:ConfigureUART)
                  00000ef8    00000064     tasks.obj (.text:vTaskPlaceOnEventList)
                  00000f5c    00000062     queue.obj (.text:prvUnlockQueue)
                  00000fbe    00000002     main.obj (.text:vApplicationStackOverflowHook)
                  00000fc0    00000060     uartstdio.obj (.text:UARTStdioConfig)
                  00001020    00000060     tasks.obj (.text:prvInitialiseTaskLists)
                  00001080    00000060     tasks.obj (.text:vTaskStartScheduler)
                  000010e0    00000058     tasks.obj (.text:prvCheckTasksWaitingTermination)
                  00001138    00000056     tasks.obj (.text:prvInitialiseTCBVariables)
                  0000118e    00000002     --HOLE-- [fill = 0]
                  00001190    00000054     tasks.obj (.text:xTaskCheckForTimeOut)
                  000011e4    0000004e     queue.obj (.text:xQueueCreateMutex)
                  00001232    00000002     --HOLE-- [fill = 0]
                  00001234    0000004c     tasks.obj (.text:prvAddCurrentTaskToDelayedList)
                  00001280    00000048     uartstdio.obj (.text:UARTwrite)
                  000012c8    00000044     rtsv7M4_T_le_v4SPD16_eabi.lib : autoinit.c.obj (.text:__TI_auto_init_nobinit_nopinit:__TI_auto_init_nobinit_nopinit)
                  0000130c    00000044     heap_2.obj (.text:vPortFree)
                  00001350    00000040     rtsv7M4_T_le_v4SPD16_eabi.lib : u_divt2.asm.obj (.text)
                  00001390    00000040     port.obj (.text:xPortStartScheduler)
                  000013d0    0000003a     tasks.obj (.text:prvAllocateTCBAndStack)
                  0000140a    00000038     list.obj (.text:vListInsert)
                  00001442    00000002     --HOLE-- [fill = 0]
                  00001444    00000034     rtsv7M4_T_le_v4SPD16_eabi.lib : boot_cortex_m.c.obj (.text:_c_int00_noargs:_c_int00_noargs)
                  00001478    00000030     heap_2.obj (.text:prvHeapInit)
                  000014a8    0000002c     port.obj (.text:xPortSysTickHandler)
                  000014d4    00000028     tasks.obj (.text:prvResetNextTaskUnblockTime)
                  000014fc    00000028     port.obj (.text:pxPortInitialiseStack)
                  00001524    00000020     list.obj (.text:uxListRemove)
                  00001544    0000001c     queue.obj (.text:prvIsQueueFull)
                  00001560    0000001c     port.obj (.text:vPortEnterCritical)
                  0000157c    0000001a     uartstdio.obj (.text:UARTprintf)
                  00001596    00000018     list.obj (.text:vListInsertEnd)
                  000015ae    00000002     --HOLE-- [fill = 0]
                  000015b0    00000018     port.obj (.text:vPortExitCritical)
                  000015c8    00000018     tasks.obj (.text:vTaskSetTimeOutState)
                  000015e0    00000016     list.obj (.text:vListInitialise)
                  000015f6    00000002     --HOLE-- [fill = 0]
                  000015f8    00000014     port.obj (.text:vPortSetupTimerInterrupt)
                  0000160c    00000012     tasks.obj (.text:prvDeleteTCB)
                  0000161e    00000010     port.obj (.text:prvTaskExitError)
                  0000162e    00000002     --HOLE-- [fill = 0]
                  00001630    00000010     tasks.obj (.text:vTaskSuspendAll)
                  00001640    0000000e     driverlib.lib : uart.obj (.text:UARTCharsAvail)
                  0000164e    0000000e     rtsv7M4_T_le_v4SPD16_eabi.lib : copy_decompress_none.c.obj (.text:decompress:none:__TI_decompress_none)
                  0000165c    0000000c                                   : copy_zero_init.c.obj (.text:decompress:ZI:__TI_zero_init)
                  00001668    0000000c     tasks.obj (.text:vTaskMissedYield)
                  00001674    00000008     tasks.obj (.text:prvIdleTask)
                  0000167c    00000006     startup_ccs.obj (.text:ResetISR)
                  00001682    00000006     driverlib.lib : uart.obj (.text:UARTClockSourceSet)
                  00001688    00000006     list.obj (.text:vListInitialiseItem)
                  0000168e    00000004     rtsv7M4_T_le_v4SPD16_eabi.lib : pre_init.c.obj (.text:_system_pre_init)
                  00001692    00000004                                   : exit.c.obj (.text:abort:abort)

.const     0    00001698    0000001c     
                  00001698    0000000c     uartstdio.obj (.const:g_ui32UARTBase)
                  000016a4    0000000c     uartstdio.obj (.const:g_ui32UARTPeriph)
                  000016b0    00000004     port.obj (.const)

.cinit     0    000016b8    00000038     
                  000016b8    0000000f     (.cinit..data.load) [load image, compression = lzss]
                  000016c7    00000001     --HOLE-- [fill = 0]
                  000016c8    0000000c     (__TI_handler_table)
                  000016d4    00000004     --HOLE-- [fill = 0]
                  000016d8    00000008     (.cinit..bss.load) [load image, compression = zero_init]
                  000016e0    00000010     (__TI_cinit_table)

.init_array 
*          0    00000000    00000000     UNINITIALIZED

.bss       0    20000000    000076ec     UNINITIALIZED
                  20000000    00007530     heap_2.obj (.bss:ucHeap)
                  20007530    00000140     tasks.obj (.bss:pxReadyTasksLists)
                  20007670    00000014     tasks.obj (.bss:xDelayedTaskList1)
                  20007684    00000014     tasks.obj (.bss:xDelayedTaskList2)
                  20007698    00000014     tasks.obj (.bss:xPendingReadyList)
                  200076ac    00000014     tasks.obj (.bss:xSuspendedTaskList)
                  200076c0    00000014     tasks.obj (.bss:xTasksWaitingTermination)
                  200076d4    00000008     tasks.obj (.bss)
                  200076dc    00000008     heap_2.obj (.bss:xEnd)
                  200076e4    00000008     heap_2.obj (.bss:xStart)

.data      0    200078f0    00000044     UNINITIALIZED
                  200078f0    00000030     tasks.obj (.data)
                  20007920    00000008     heap_2.obj (.data)
                  20007928    00000005     uartstdio.obj (.data)
                  2000792d    00000003     --HOLE--
                  20007930    00000004     port.obj (.data)

.stack     0    200076f0    00000200     UNINITIALIZED
                  200076f0    00000004     rtsv7M4_T_le_v4SPD16_eabi.lib : boot_cortex_m.c.obj (.stack)
                  200076f4    000001fc     --HOLE--

MODULE SUMMARY

       Module                       code   ro data   rw data
       ------                       ----   -------   -------
    .\
       startup_ccs.obj              12     620       0      
       main.obj                     482    0         0      
    +--+----------------------------+------+---------+---------+
       Total:                       494    620       0      
                                                            
    .\third_party\FreeRTOS\Source\
       tasks.obj                    1922   0         476    
       queue.obj                    550    0         0      
       list.obj                     140    0         0      
    +--+----------------------------+------+---------+---------+
       Total:                       2612   0         476    
                                                            
    .\third_party\FreeRTOS\Source\portable\CCS\ARM_CM4F\
       port.obj                     236    4         4      
       portasm.obj                  210    0         0      
    +--+----------------------------+------+---------+---------+
       Total:                       446    4         4      
                                                            
    .\third_party\FreeRTOS\Source\portable\MemMang\
       heap_2.obj                   288    0         30024  
    +--+----------------------------+------+---------+---------+
       Total:                       288    0         30024  
                                                            
    .\utils\
       uartstdio.obj                688    24        5      
    +--+----------------------------+------+---------+---------+
       Total:                       688    24        5      
                                                            
    C:/ti/TivaWare_C_Series-2.1.4.178/driverlib/ccs/Debug/driverlib.lib
       uart.obj                     20     0         0      
    +--+----------------------------+------+---------+---------+
       Total:                       20     0         0      
                                                            
    C:\ti\ccs930\ccs\tools\compiler\ti-cgt-arm_18.12.4.LTS\lib\rtsv7M4_T_le_v4SPD16_eabi.lib
       memcpy_t2.asm.obj            156    0         0      
       memset_t2.asm.obj            122    0         0      
       copy_decompress_lzss.c.obj   104    0         0      
       autoinit.c.obj               68     0         0      
       u_divt2.asm.obj              64     0         0      
       boot_cortex_m.c.obj          52     0         0      
       copy_decompress_none.c.obj   14     0         0      
       copy_zero_init.c.obj         12     0         0      
       exit.c.obj                   4      0         0      
       pre_init.c.obj               4      0         0      
       div0.asm.obj                 2      0         0      
    +--+----------------------------+------+---------+---------+
       Total:                       602    0         0      
                                                            
       Stack:                       0      0         512    
       Linker Generated:            0      51        0      
    +--+----------------------------+------+---------+---------+
       Grand Total:                 5150   699       31021  


LINKER GENERATED COPY TABLES

__TI_cinit_table @ 000016e0 records: 2, size/record: 8, table size: 16
	.data: load addr=000016b8, load size=0000000f bytes, run addr=200078f0, run size=00000044 bytes, compression=lzss
	.bss: load addr=000016d8, load size=00000008 bytes, run addr=20000000, run size=000076ec bytes, compression=zero_init


LINKER GENERATED HANDLER TABLE

__TI_handler_table @ 000016c8 records: 3, size/record: 4, table size: 12
	index: 0, handler: __TI_decompress_lzss
	index: 1, handler: __TI_decompress_none
	index: 2, handler: __TI_zero_init


GLOBAL SYMBOLS: SORTED ALPHABETICALLY BY Name 

address   name                          
-------   ----                          
00001693  C$$EXIT                       
00000e95  ConfigureUART                 
00000bdd  Configure_RX                  
00000c55  Configure_TX                  
0000167d  ResetISR                      
00001641  UARTCharsAvail                
00001683  UARTClockSourceSet            
00000fc1  UARTStdioConfig               
0000157d  UARTprintf                    
0000026d  UARTvprintf                   
00001281  UARTwrite                     
200078f0  __STACK_END                   
00000200  __STACK_SIZE                  
200078f0  __STACK_TOP                   
000016e0  __TI_CINIT_Base               
000016f0  __TI_CINIT_Limit              
000016c8  __TI_Handler_Table_Base       
000016d4  __TI_Handler_Table_Limit      
000012c9  __TI_auto_init_nobinit_nopinit
00000e2b  __TI_decompress_lzss          
0000164f  __TI_decompress_none          
ffffffff  __TI_pprof_out_hndl           
ffffffff  __TI_prof_data_size           
ffffffff  __TI_prof_data_start          
00000000  __TI_static_base__            
0000165d  __TI_zero_init                
00000e93  __aeabi_idiv0                 
00000e93  __aeabi_ldiv0                 
00000b61  __aeabi_memclr                
00000b61  __aeabi_memclr4               
00000b61  __aeabi_memclr8               
000009ad  __aeabi_memcpy                
000009ad  __aeabi_memcpy4               
000009ad  __aeabi_memcpy8               
00000b63  __aeabi_memset                
00000b63  __aeabi_memset4               
00000b63  __aeabi_memset8               
00001351  __aeabi_uidiv                 
00001351  __aeabi_uidivmod              
ffffffff  __binit__                     
ffffffff  __c_args__                    
UNDEFED   __mpu_init                    
200076f0  __stack                       
00001445  _c_int00_noargs               
UNDEFED   _system_post_cinit            
0000168f  _system_pre_init              
00001693  abort                         
ffffffff  binit                         
00000000  g_pfnVectors                  
00000a49  main                          
000009ad  memcpy                        
00000b69  memset                        
00000901  pvPortMalloc                  
200078f0  pxCurrentTCB                  
000014fd  pxPortInitialiseStack         
000016b0  ulMaxSyscallInterruptPriority 
0000083d  ulPortGetIPSR                 
00001525  uxListRemove                  
00000fbf  vApplicationStackOverflowHook 
000015e1  vListInitialise               
00001689  vListInitialiseItem           
0000140b  vListInsert                   
00001597  vListInsertEnd                
000008f1  vPortEnableVFP                
00001561  vPortEnterCritical            
000015b1  vPortExitCritical             
0000130d  vPortFree                     
000008b5  vPortSVCHandler               
000015f9  vPortSetupTimerInterrupt      
000008d5  vPortStartFirstTask           
00001669  vTaskMissedYield              
00000ef9  vTaskPlaceOnEventList         
000015c9  vTaskSetTimeOutState          
00001081  vTaskStartScheduler           
00001631  vTaskSuspendAll               
00000ad5  vTaskSwitchContext            
00000855  xPortPendSVHandler            
00001391  xPortStartScheduler           
000014a9  xPortSysTickHandler           
000011e5  xQueueCreateMutex             
00000661  xQueueGenericSend             
00001191  xTaskCheckForTimeOut          
00000561  xTaskGenericCreate            
0000045d  xTaskIncrementTick            
00000ccd  xTaskPriorityDisinherit       
00000d45  xTaskRemoveFromEventList      
00000749  xTaskResumeAll                


GLOBAL SYMBOLS: SORTED BY Symbol Address 

address   name                          
-------   ----                          
00000000  __TI_static_base__            
00000000  g_pfnVectors                  
00000200  __STACK_SIZE                  
0000026d  UARTvprintf                   
0000045d  xTaskIncrementTick            
00000561  xTaskGenericCreate            
00000661  xQueueGenericSend             
00000749  xTaskResumeAll                
0000083d  ulPortGetIPSR                 
00000855  xPortPendSVHandler            
000008b5  vPortSVCHandler               
000008d5  vPortStartFirstTask           
000008f1  vPortEnableVFP                
00000901  pvPortMalloc                  
000009ad  __aeabi_memcpy                
000009ad  __aeabi_memcpy4               
000009ad  __aeabi_memcpy8               
000009ad  memcpy                        
00000a49  main                          
00000ad5  vTaskSwitchContext            
00000b61  __aeabi_memclr                
00000b61  __aeabi_memclr4               
00000b61  __aeabi_memclr8               
00000b63  __aeabi_memset                
00000b63  __aeabi_memset4               
00000b63  __aeabi_memset8               
00000b69  memset                        
00000bdd  Configure_RX                  
00000c55  Configure_TX                  
00000ccd  xTaskPriorityDisinherit       
00000d45  xTaskRemoveFromEventList      
00000e2b  __TI_decompress_lzss          
00000e93  __aeabi_idiv0                 
00000e93  __aeabi_ldiv0                 
00000e95  ConfigureUART                 
00000ef9  vTaskPlaceOnEventList         
00000fbf  vApplicationStackOverflowHook 
00000fc1  UARTStdioConfig               
00001081  vTaskStartScheduler           
00001191  xTaskCheckForTimeOut          
000011e5  xQueueCreateMutex             
00001281  UARTwrite                     
000012c9  __TI_auto_init_nobinit_nopinit
0000130d  vPortFree                     
00001351  __aeabi_uidiv                 
00001351  __aeabi_uidivmod              
00001391  xPortStartScheduler           
0000140b  vListInsert                   
00001445  _c_int00_noargs               
000014a9  xPortSysTickHandler           
000014fd  pxPortInitialiseStack         
00001525  uxListRemove                  
00001561  vPortEnterCritical            
0000157d  UARTprintf                    
00001597  vListInsertEnd                
000015b1  vPortExitCritical             
000015c9  vTaskSetTimeOutState          
000015e1  vListInitialise               
000015f9  vPortSetupTimerInterrupt      
00001631  vTaskSuspendAll               
00001641  UARTCharsAvail                
0000164f  __TI_decompress_none          
0000165d  __TI_zero_init                
00001669  vTaskMissedYield              
0000167d  ResetISR                      
00001683  UARTClockSourceSet            
00001689  vListInitialiseItem           
0000168f  _system_pre_init              
00001693  C$$EXIT                       
00001693  abort                         
000016b0  ulMaxSyscallInterruptPriority 
000016c8  __TI_Handler_Table_Base       
000016d4  __TI_Handler_Table_Limit      
000016e0  __TI_CINIT_Base               
000016f0  __TI_CINIT_Limit              
200076f0  __stack                       
200078f0  __STACK_END                   
200078f0  __STACK_TOP                   
200078f0  pxCurrentTCB                  
ffffffff  __TI_pprof_out_hndl           
ffffffff  __TI_prof_data_size           
ffffffff  __TI_prof_data_start          
ffffffff  __binit__                     
ffffffff  __c_args__                    
ffffffff  binit                         
UNDEFED   __mpu_init                    
UNDEFED   _system_post_cinit            

[87 symbols]
