******************************************************************************
                  TI ARM Linker PC v18.12.4                    
******************************************************************************
>> Linked Sun Apr 12 20:56:22 2020

OUTPUT FILE NAME:   <freertos_demo.out>
ENTRY POINT SYMBOL: "_c_int00_noargs"  address: 00000cd1


MEMORY CONFIGURATION

         name            origin    length      used     unused   attr    fill
----------------------  --------  ---------  --------  --------  ----  --------
  FLASH                 00000000   00040000  00000f92  0003f06e  R  X
  SRAM                  20000000   00008000  0000037e  00007c82  RW X


SEGMENT ALLOCATION MAP

run origin  load origin   length   init length attrs members
----------  ----------- ---------- ----------- ----- -------
00000000    00000000    00000f98   00000f98    r-x
  00000000    00000000    0000026c   0000026c    r-- .intvecs
  0000026c    0000026c    00000bee   00000bee    r-x .text
  00000e5c    00000e5c    00000108   00000108    r-- .const
  00000f68    00000f68    00000030   00000030    r-- .cinit
20000000    20000000    0000037e   00000000    rw-
  20000000    20000000    00000200   00000000    rw- .stack
  20000200    20000200    00000148   00000000    rw- .bss
  20000348    20000348    00000036   00000000    rw- .data


SECTION ALLOCATION MAP

 output                                  attributes/
section   page    origin      length       input sections
--------  ----  ----------  ----------   ----------------
.intvecs   0    00000000    0000026c     
                  00000000    0000026c     startup_ccs.obj (.intvecs)

.text      0    0000026c    00000bee     
                  0000026c    000001ee     uartstdio.obj (.text:UARTvprintf)
                  0000045a    00000002     startup_ccs.obj (.text:FaultISR)
                  0000045c    00000110     driverlib.lib : sysctl.obj (.text:SysCtlClockGet)
                  0000056c    00000104     tasks.obj (.text:xTaskIncrementTick)
                  00000670    000000d2     portasm.obj (.text)
                  00000742    0000009c     rtsv7M4_T_le_v4SPD16_eabi.lib : memcpy_t2.asm.obj (.text)
                  000007de    00000002     startup_ccs.obj (.text:IntDefaultHandler)
                  000007e0    0000008c     tasks.obj (.text:vTaskSwitchContext)
                  0000086c    00000078     main.obj (.text:Configure_RX)
                  000008e4    00000078     main.obj (.text:Configure_TX)
                  0000095c    0000006c     main.obj (.text:main)
                  000009c8    00000068     driverlib.lib : interrupt.obj (.text:IntEnable)
                  00000a30    00000068     rtsv7M4_T_le_v4SPD16_eabi.lib : copy_decompress_lzss.c.obj (.text:decompress:lzss:__TI_decompress_lzss)
                  00000a98    00000064     main.obj (.text:ConfigureUART)
                  00000afc    00000060     uartstdio.obj (.text:UARTStdioConfig)
                  00000b5c    00000060     main.obj (.text:UART_Receive_ISR)
                  00000bbc    00000048     uartstdio.obj (.text:UARTwrite)
                  00000c04    00000048     main.obj (.text:send_string)
                  00000c4c    00000044     rtsv7M4_T_le_v4SPD16_eabi.lib : autoinit.c.obj (.text:__TI_auto_init_nobinit_nopinit:__TI_auto_init_nobinit_nopinit)
                  00000c90    00000040                                   : u_divt2.asm.obj (.text)
                  00000cd0    00000034                                   : boot_cortex_m.c.obj (.text:_c_int00_noargs:_c_int00_noargs)
                  00000d04    0000002c     port.obj (.text:xPortSysTickHandler)
                  00000d30    00000028     tasks.obj (.text:prvResetNextTaskUnblockTime)
                  00000d58    00000020     list.obj (.text:uxListRemove)
                  00000d78    0000001c     main.obj (.text:UART_Transmit_ISR)
                  00000d94    0000001c     rtsv7M4_T_le_v4SPD16_eabi.lib : copy_zero_init.c.obj (.text:decompress:ZI:__TI_zero_init_nomemset:__TI_zero_init_nomemset)
                  00000db0    0000001a     uartstdio.obj (.text:UARTprintf)
                  00000dca    00000018     list.obj (.text:vListInsertEnd)
                  00000de2    00000010     driverlib.lib : interrupt.obj (.text:IntMasterEnable)
                  00000df2    0000000e                   : uart.obj (.text:UARTCharsAvail)
                  00000e00    0000000e     rtsv7M4_T_le_v4SPD16_eabi.lib : copy_decompress_none.c.obj (.text:decompress:none:__TI_decompress_none)
                  00000e0e    0000000c     driverlib.lib : cpu.obj (.text:CPUcpsie)
                  00000e1a    0000000a                   : uart.obj (.text:UARTCharPut)
                  00000e24    0000000a                   : uart.obj (.text:UARTIntStatus)
                  00000e2e    00000008                   : uart.obj (.text:UARTIntEnable)
                  00000e36    00000006     startup_ccs.obj (.text:ResetISR)
                  00000e3c    00000006     driverlib.lib : sysctl.obj (.text:SysCtlDelay)
                  00000e42    00000006                   : uart.obj (.text:UARTClockSourceSet)
                  00000e48    00000004                   : uart.obj (.text:UARTIntClear)
                  00000e4c    00000004     rtsv7M4_T_le_v4SPD16_eabi.lib : pre_init.c.obj (.text:_system_pre_init)
                  00000e50    00000004                                   : exit.c.obj (.text:abort:abort)
                  00000e54    00000002     startup_ccs.obj (.text:NmiSR)
                  00000e56    00000002     rtsv7M4_T_le_v4SPD16_eabi.lib : div0.asm.obj (.text)
                  00000e58    00000002     main.obj (.text:vApplicationStackOverflowHook)

.const     0    00000e5c    00000108     
                  00000e5c    00000070     driverlib.lib : interrupt.obj (.const)
                  00000ecc    0000006c                   : sysctl.obj (.const:g_pui32Xtals)
                  00000f38    0000000e     main.obj (.const:.string:$P$T0$1)
                  00000f46    00000002     --HOLE-- [fill = 0]
                  00000f48    0000000c     uartstdio.obj (.const:g_ui32UARTBase)
                  00000f54    0000000c     uartstdio.obj (.const:g_ui32UARTPeriph)
                  00000f60    00000004     port.obj (.const)

.cinit     0    00000f68    00000030     
                  00000f68    0000000c     (__TI_handler_table)
                  00000f74    00000004     --HOLE-- [fill = 0]
                  00000f78    00000008     (.cinit..bss.load) [load image, compression = zero_init]
                  00000f80    00000008     (.cinit..data.load) [load image, compression = lzss]
                  00000f88    00000010     (__TI_cinit_table)

.init_array 
*          0    00000000    00000000     UNINITIALIZED

.bss       0    20000200    00000148     UNINITIALIZED
                  20000200    00000140     tasks.obj (.bss:pxReadyTasksLists)
                  20000340    00000008     tasks.obj (.bss)

.data      0    20000348    00000036     UNINITIALIZED
                  20000348    00000030     tasks.obj (.data)
                  20000378    00000005     uartstdio.obj (.data)
                  2000037d    00000001     main.obj (.data)

.stack     0    20000000    00000200     UNINITIALIZED
                  20000000    00000004     rtsv7M4_T_le_v4SPD16_eabi.lib : boot_cortex_m.c.obj (.stack)
                  20000004    000001fc     --HOLE--

MODULE SUMMARY

       Module                       code   ro data   rw data
       ------                       ----   -------   -------
    .\
       main.obj                     646    14        1      
       startup_ccs.obj              12     620       0      
    +--+----------------------------+------+---------+---------+
       Total:                       658    634       1      
                                                            
    .\third_party\FreeRTOS\Source\
       tasks.obj                    440    0         376    
       list.obj                     56     0         0      
    +--+----------------------------+------+---------+---------+
       Total:                       496    0         376    
                                                            
    .\third_party\FreeRTOS\Source\portable\CCS\ARM_CM4F\
       portasm.obj                  210    0         0      
       port.obj                     44     4         0      
    +--+----------------------------+------+---------+---------+
       Total:                       254    4         0      
                                                            
    .\utils\
       uartstdio.obj                688    24        5      
    +--+----------------------------+------+---------+---------+
       Total:                       688    24        5      
                                                            
    C:/ti/TivaWare_C_Series-2.1.4.178/driverlib/ccs/Debug/driverlib.lib
       sysctl.obj                   278    108       0      
       interrupt.obj                120    112       0      
       uart.obj                     52     0         0      
       cpu.obj                      12     0         0      
    +--+----------------------------+------+---------+---------+
       Total:                       462    220       0      
                                                            
    C:\ti\ccs930\ccs\tools\compiler\ti-cgt-arm_18.12.4.LTS\lib\rtsv7M4_T_le_v4SPD16_eabi.lib
       memcpy_t2.asm.obj            156    0         0      
       copy_decompress_lzss.c.obj   104    0         0      
       autoinit.c.obj               68     0         0      
       u_divt2.asm.obj              64     0         0      
       boot_cortex_m.c.obj          52     0         0      
       copy_zero_init.c.obj         28     0         0      
       copy_decompress_none.c.obj   14     0         0      
       exit.c.obj                   4      0         0      
       pre_init.c.obj               4      0         0      
       div0.asm.obj                 2      0         0      
    +--+----------------------------+------+---------+---------+
       Total:                       496    0         0      
                                                            
       Stack:                       0      0         512    
       Linker Generated:            0      44        0      
    +--+----------------------------+------+---------+---------+
       Grand Total:                 3054   926       894    


LINKER GENERATED COPY TABLES

__TI_cinit_table @ 00000f88 records: 2, size/record: 8, table size: 16
	.bss: load addr=00000f78, load size=00000008 bytes, run addr=20000200, run size=00000148 bytes, compression=zero_init
	.data: load addr=00000f80, load size=00000008 bytes, run addr=20000348, run size=00000036 bytes, compression=lzss


LINKER GENERATED HANDLER TABLE

__TI_handler_table @ 00000f68 records: 3, size/record: 4, table size: 12
	index: 0, handler: __TI_decompress_lzss
	index: 1, handler: __TI_decompress_none
	index: 2, handler: __TI_zero_init


GLOBAL SYMBOLS: SORTED ALPHABETICALLY BY Name 

address   name                          
-------   ----                          
00000e51  C$$EXIT                       
00000e0f  CPUcpsie                      
00000a99  ConfigureUART                 
0000086d  Configure_RX                  
000008e5  Configure_TX                  
000009c9  IntEnable                     
00000de3  IntMasterEnable               
00000e37  ResetISR                      
0000045d  SysCtlClockGet                
00000e3d  SysCtlDelay                   
00000e1b  UARTCharPut                   
00000df3  UARTCharsAvail                
00000e43  UARTClockSourceSet            
00000e49  UARTIntClear                  
00000e2f  UARTIntEnable                 
00000e25  UARTIntStatus                 
00000afd  UARTStdioConfig               
00000b5d  UART_Receive_ISR              
00000d79  UART_Transmit_ISR             
00000db1  UARTprintf                    
0000026d  UARTvprintf                   
00000bbd  UARTwrite                     
20000200  __STACK_END                   
00000200  __STACK_SIZE                  
20000200  __STACK_TOP                   
00000f88  __TI_CINIT_Base               
00000f98  __TI_CINIT_Limit              
00000f68  __TI_Handler_Table_Base       
00000f74  __TI_Handler_Table_Limit      
00000c4d  __TI_auto_init_nobinit_nopinit
00000a31  __TI_decompress_lzss          
00000e01  __TI_decompress_none          
ffffffff  __TI_pprof_out_hndl           
ffffffff  __TI_prof_data_size           
ffffffff  __TI_prof_data_start          
00000000  __TI_static_base__            
00000d95  __TI_zero_init_nomemset       
00000e57  __aeabi_idiv0                 
00000e57  __aeabi_ldiv0                 
00000743  __aeabi_memcpy                
00000743  __aeabi_memcpy4               
00000743  __aeabi_memcpy8               
00000c91  __aeabi_uidiv                 
00000c91  __aeabi_uidivmod              
ffffffff  __binit__                     
ffffffff  __c_args__                    
UNDEFED   __mpu_init                    
20000000  __stack                       
00000cd1  _c_int00_noargs               
UNDEFED   _system_post_cinit            
00000e4d  _system_pre_init              
00000e51  abort                         
ffffffff  binit                         
00000000  g_pfnVectors                  
0000095d  main                          
00000743  memcpy                        
20000348  pxCurrentTCB                  
00000c05  send_string                   
2000037d  string_complete               
00000f60  ulMaxSyscallInterruptPriority 
00000681  ulPortGetIPSR                 
00000d59  uxListRemove                  
00000e59  vApplicationStackOverflowHook 
00000dcb  vListInsertEnd                
00000735  vPortEnableVFP                
000006f9  vPortSVCHandler               
00000719  vPortStartFirstTask           
000007e1  vTaskSwitchContext            
00000699  xPortPendSVHandler            
00000d05  xPortSysTickHandler           
0000056d  xTaskIncrementTick            


GLOBAL SYMBOLS: SORTED BY Symbol Address 

address   name                          
-------   ----                          
00000000  __TI_static_base__            
00000000  g_pfnVectors                  
00000200  __STACK_SIZE                  
0000026d  UARTvprintf                   
0000045d  SysCtlClockGet                
0000056d  xTaskIncrementTick            
00000681  ulPortGetIPSR                 
00000699  xPortPendSVHandler            
000006f9  vPortSVCHandler               
00000719  vPortStartFirstTask           
00000735  vPortEnableVFP                
00000743  __aeabi_memcpy                
00000743  __aeabi_memcpy4               
00000743  __aeabi_memcpy8               
00000743  memcpy                        
000007e1  vTaskSwitchContext            
0000086d  Configure_RX                  
000008e5  Configure_TX                  
0000095d  main                          
000009c9  IntEnable                     
00000a31  __TI_decompress_lzss          
00000a99  ConfigureUART                 
00000afd  UARTStdioConfig               
00000b5d  UART_Receive_ISR              
00000bbd  UARTwrite                     
00000c05  send_string                   
00000c4d  __TI_auto_init_nobinit_nopinit
00000c91  __aeabi_uidiv                 
00000c91  __aeabi_uidivmod              
00000cd1  _c_int00_noargs               
00000d05  xPortSysTickHandler           
00000d59  uxListRemove                  
00000d79  UART_Transmit_ISR             
00000d95  __TI_zero_init_nomemset       
00000db1  UARTprintf                    
00000dcb  vListInsertEnd                
00000de3  IntMasterEnable               
00000df3  UARTCharsAvail                
00000e01  __TI_decompress_none          
00000e0f  CPUcpsie                      
00000e1b  UARTCharPut                   
00000e25  UARTIntStatus                 
00000e2f  UARTIntEnable                 
00000e37  ResetISR                      
00000e3d  SysCtlDelay                   
00000e43  UARTClockSourceSet            
00000e49  UARTIntClear                  
00000e4d  _system_pre_init              
00000e51  C$$EXIT                       
00000e51  abort                         
00000e57  __aeabi_idiv0                 
00000e57  __aeabi_ldiv0                 
00000e59  vApplicationStackOverflowHook 
00000f60  ulMaxSyscallInterruptPriority 
00000f68  __TI_Handler_Table_Base       
00000f74  __TI_Handler_Table_Limit      
00000f88  __TI_CINIT_Base               
00000f98  __TI_CINIT_Limit              
20000000  __stack                       
20000200  __STACK_END                   
20000200  __STACK_TOP                   
20000348  pxCurrentTCB                  
2000037d  string_complete               
ffffffff  __TI_pprof_out_hndl           
ffffffff  __TI_prof_data_size           
ffffffff  __TI_prof_data_start          
ffffffff  __binit__                     
ffffffff  __c_args__                    
ffffffff  binit                         
UNDEFED   __mpu_init                    
UNDEFED   _system_post_cinit            

[71 symbols]
