******************************************************************************
                  TI ARM Linker PC v20.2.0                     
******************************************************************************
>> Linked Wed Apr 22 17:33:13 2020

OUTPUT FILE NAME:   <freertos_demo.out>
ENTRY POINT SYMBOL: "_c_int00_noargs"  address: 00001d05


MEMORY CONFIGURATION

         name            origin    length      used     unused   attr    fill
----------------------  --------  ---------  --------  --------  ----  --------
  FLASH                 00000000   00040000  00002182  0003de7e  R  X
  SRAM                  20000000   00008000  000079ca  00000636  RW X


SEGMENT ALLOCATION MAP

run origin  load origin   length   init length attrs members
----------  ----------- ---------- ----------- ----- -------
00000000    00000000    00002188   00002188    r-x
  00000000    00000000    0000026c   0000026c    r-- .intvecs
  0000026c    0000026c    00001e52   00001e52    r-x .text
  000020c0    000020c0    0000008c   0000008c    r-- .const
  00002150    00002150    00000038   00000038    r-- .cinit
20000000    20000000    000079d0   00000000    rw-
  20000000    20000000    0000777a   00000000    rw- .bss
  20007780    20007780    00000200   00000000    rw- .stack
  20007980    20007980    00000050   00000000    rw- .data


SECTION ALLOCATION MAP

 output                                  attributes/
section   page    origin      length       input sections
--------  ----  ----------  ----------   ----------------
.intvecs   0    00000000    0000026c     
                  00000000    0000026c     startup_ccs.obj (.intvecs)

.text      0    0000026c    00001e52     
                  0000026c    000001ee     uartstdio.obj (.text:UARTvprintf)
                  0000045a    00000002     startup_ccs.obj (.text:FaultISR)
                  0000045c    0000018c     uart.obj (.text:UART_Receive_ISR)
                  000005e8    00000118     queue.obj (.text:xQueueGenericReceive)
                  00000700    00000104     tasks.obj (.text:xTaskIncrementTick)
                  00000804    00000100     tasks.obj (.text:xTaskGenericCreate)
                  00000904    000000fc     main.obj (.text:main)
                  00000a00    000000e8     queue.obj (.text:xQueueGenericSend)
                  00000ae8    000000e4     tasks.obj (.text:xTaskResumeAll)
                  00000bcc    000000d2     portasm.obj (.text)
                  00000c9e    00000002     startup_ccs.obj (.text:IntDefaultHandler)
                  00000ca0    000000ac     heap_2.obj (.text:pvPortMalloc)
                  00000d4c    000000a4     timers.obj (.text:prvProcessReceivedCommands)
                  00000df0    0000009c     rtsv7M4_T_le_v4SPD16_eabi.lib : memcpy_t2.asm.obj (.text)
                  00000e8c    00000090     tasks.obj (.text:vTaskPriorityInherit)
                  00000f1c    0000008c     tasks.obj (.text:vTaskSwitchContext)
                  00000fa8    00000084     queue.obj (.text:xQueueGenericReset)
                  0000102c    00000080     uart.obj (.text:Configure_RX)
                  000010ac    0000007a     rtsv7M4_T_le_v4SPD16_eabi.lib : memset_t2.asm.obj (.text)
                  00001126    00000002     startup_ccs.obj (.text:NmiSR)
                  00001128    00000078     tasks.obj (.text:xTaskPriorityDisinherit)
                  000011a0    00000074     uart.obj (.text:Configure_TX)
                  00001214    00000074     tasks.obj (.text:xTaskRemoveFromEventList)
                  00001288    00000072     queue.obj (.text:prvCopyDataToQueue)
                  000012fa    00000002     rtsv7M4_T_le_v4SPD16_eabi.lib : div0.asm.obj (.text)
                  000012fc    00000070     timers.obj (.text:prvProcessTimerOrBlockTask)
                  0000136c    00000068     uart.obj (.text:ConfigureUART)
                  000013d4    00000068     driverlib.lib : interrupt.obj (.text:IntEnable)
                  0000143c    00000068     rtsv7M4_T_le_v4SPD16_eabi.lib : copy_decompress_lzss.c.obj (.text:decompress:lzss:__TI_decompress_lzss)
                  000014a4    00000068     tasks.obj (.text:vTaskPlaceOnEventListRestricted)
                  0000150c    00000068     tasks.obj (.text:vTaskStartScheduler)
                  00001574    00000064     tasks.obj (.text:vTaskPlaceOnEventList)
                  000015d8    00000062     queue.obj (.text:prvUnlockQueue)
                  0000163a    00000002     main.obj (.text:vApplicationStackOverflowHook)
                  0000163c    00000060     uartstdio.obj (.text:UARTStdioConfig)
                  0000169c    00000060     tasks.obj (.text:prvInitialiseTaskLists)
                  000016fc    00000060     timers.obj (.text:prvSwitchTimerLists)
                  0000175c    0000005c     timers.obj (.text:prvCheckForValidListAndQueue)
                  000017b8    0000005c     queue.obj (.text:xQueueGenericSendFromISR)
                  00001814    00000058     tasks.obj (.text:prvCheckTasksWaitingTermination)
                  0000186c    00000056     tasks.obj (.text:prvInitialiseTCBVariables)
                  000018c2    00000002     --HOLE-- [fill = 0]
                  000018c4    00000054     tasks.obj (.text:xTaskCheckForTimeOut)
                  00001918    0000004e     queue.obj (.text:xQueueCreateMutex)
                  00001966    00000002     --HOLE-- [fill = 0]
                  00001968    0000004c     tasks.obj (.text:prvAddCurrentTaskToDelayedList)
                  000019b4    00000048     uartstdio.obj (.text:UARTwrite)
                  000019fc    00000048     timers.obj (.text:prvProcessExpiredTimer)
                  00001a44    00000044     rtsv7M4_T_le_v4SPD16_eabi.lib : autoinit.c.obj (.text:__TI_auto_init_nobinit_nopinit:__TI_auto_init_nobinit_nopinit)
                  00001a88    00000044     timers.obj (.text:prvInsertTimerInActiveList)
                  00001acc    00000044     heap_2.obj (.text:vPortFree)
                  00001b10    00000044     timers.obj (.text:xTimerGenericCommand)
                  00001b54    00000040     rtsv7M4_T_le_v4SPD16_eabi.lib : u_divt2.asm.obj (.text)
                  00001b94    00000040     queue.obj (.text:vQueueWaitForMessageRestricted)
                  00001bd4    00000040     port.obj (.text:xPortStartScheduler)
                  00001c14    00000040     timers.obj (.text:xTimerCreateTimerTask)
                  00001c54    0000003c     queue.obj (.text:xQueueGenericCreate)
                  00001c90    0000003a     tasks.obj (.text:prvAllocateTCBAndStack)
                  00001cca    00000038     list.obj (.text:vListInsert)
                  00001d02    00000002     --HOLE-- [fill = 0]
                  00001d04    00000034     rtsv7M4_T_le_v4SPD16_eabi.lib : boot_cortex_m.c.obj (.text:_c_int00_noargs:_c_int00_noargs)
                  00001d38    00000030     heap_2.obj (.text:prvHeapInit)
                  00001d68    0000002c     port.obj (.text:xPortSysTickHandler)
                  00001d94    00000028     tasks.obj (.text:prvResetNextTaskUnblockTime)
                  00001dbc    00000028     timers.obj (.text:prvSampleTimeNow)
                  00001de4    00000028     port.obj (.text:pxPortInitialiseStack)
                  00001e0c    00000026     queue.obj (.text:prvCopyDataFromQueue)
                  00001e32    00000002     --HOLE-- [fill = 0]
                  00001e34    00000020     timers.obj (.text:prvGetNextExpireTime)
                  00001e54    00000020     list.obj (.text:uxListRemove)
                  00001e74    00000020     queue.obj (.text:vQueueAddToRegistry)
                  00001e94    00000020     tasks.obj (.text:xTaskGetSchedulerState)
                  00001eb4    0000001c     uart.obj (.text:UART_Transmit_ISR)
                  00001ed0    0000001c     queue.obj (.text:prvIsQueueFull)
                  00001eec    0000001c     port.obj (.text:vPortEnterCritical)
                  00001f08    0000001a     uartstdio.obj (.text:UARTprintf)
                  00001f22    0000001a     queue.obj (.text:prvIsQueueEmpty)
                  00001f3c    00000018     tasks.obj (.text:pvTaskIncrementMutexHeldCount)
                  00001f54    00000018     list.obj (.text:vListInsertEnd)
                  00001f6c    00000018     port.obj (.text:vPortExitCritical)
                  00001f84    00000018     tasks.obj (.text:vTaskSetTimeOutState)
                  00001f9c    00000016     list.obj (.text:vListInitialise)
                  00001fb2    00000014     driverlib.lib : uart.obj (.text:UARTEnable)
                  00001fc6    00000014     timers.obj (.text:prvTimerTask)
                  00001fda    00000002     --HOLE-- [fill = 0]
                  00001fdc    00000014     port.obj (.text:vPortSetupTimerInterrupt)
                  00001ff0    00000012     tasks.obj (.text:prvDeleteTCB)
                  00002002    00000010     driverlib.lib : interrupt.obj (.text:IntMasterEnable)
                  00002012    00000010     port.obj (.text:prvTaskExitError)
                  00002022    00000002     --HOLE-- [fill = 0]
                  00002024    00000010     tasks.obj (.text:vTaskSuspendAll)
                  00002034    0000000e     driverlib.lib : uart.obj (.text:UARTCharsAvail)
                  00002042    0000000e     rtsv7M4_T_le_v4SPD16_eabi.lib : copy_decompress_none.c.obj (.text:decompress:none:__TI_decompress_none)
                  00002050    0000000c     driverlib.lib : cpu.obj (.text:CPUcpsie)
                  0000205c    0000000c     rtsv7M4_T_le_v4SPD16_eabi.lib : copy_zero_init.c.obj (.text:decompress:ZI:__TI_zero_init)
                  00002068    0000000c     tasks.obj (.text:vTaskMissedYield)
                  00002074    0000000c     tasks.obj (.text:xTaskGetTickCount)
                  00002080    0000000a     driverlib.lib : uart.obj (.text:UARTIntStatus)
                  0000208a    00000008                   : uart.obj (.text:UARTIntEnable)
                  00002092    00000008     tasks.obj (.text:prvIdleTask)
                  0000209a    00000006     startup_ccs.obj (.text:ResetISR)
                  000020a0    00000006     driverlib.lib : uart.obj (.text:UARTClockSourceSet)
                  000020a6    00000006                   : uart.obj (.text:UARTFIFOLevelSet)
                  000020ac    00000006     list.obj (.text:vListInitialiseItem)
                  000020b2    00000004     driverlib.lib : uart.obj (.text:UARTIntClear)
                  000020b6    00000004     rtsv7M4_T_le_v4SPD16_eabi.lib : pre_init.c.obj (.text:_system_pre_init)
                  000020ba    00000004                                   : exit.c.obj (.text:abort:abort)

.const     0    000020c0    0000008c     
                  000020c0    00000070     driverlib.lib : interrupt.obj (.const)
                  00002130    0000000c     uartstdio.obj (.const:g_ui32UARTBase)
                  0000213c    0000000c     uartstdio.obj (.const:g_ui32UARTPeriph)
                  00002148    00000004     port.obj (.const)

.cinit     0    00002150    00000038     
                  00002150    00000013     (.cinit..data.load) [load image, compression = lzss]
                  00002163    00000001     --HOLE-- [fill = 0]
                  00002164    0000000c     (__TI_handler_table)
                  00002170    00000008     (.cinit..bss.load) [load image, compression = zero_init]
                  00002178    00000010     (__TI_cinit_table)

.init_array 
*          0    00000000    00000000     UNINITIALIZED

.bss       0    20000000    0000777a     UNINITIALIZED
                  20000000    00007530     heap_2.obj (.bss:ucHeap)
                  20007530    00000140     tasks.obj (.bss:pxReadyTasksLists)
                  20007670    00000050     (.common:xQueueRegistry)
                  200076c0    00000014     timers.obj (.bss:xActiveTimerList1)
                  200076d4    00000014     timers.obj (.bss:xActiveTimerList2)
                  200076e8    00000014     tasks.obj (.bss:xDelayedTaskList1)
                  200076fc    00000014     tasks.obj (.bss:xDelayedTaskList2)
                  20007710    00000014     tasks.obj (.bss:xPendingReadyList)
                  20007724    00000014     tasks.obj (.bss:xSuspendedTaskList)
                  20007738    00000014     tasks.obj (.bss:xTasksWaitingTermination)
                  2000774c    00000008     tasks.obj (.bss)
                  20007754    00000008     timers.obj (.bss)
                  2000775c    00000008     heap_2.obj (.bss:xEnd)
                  20007764    00000008     heap_2.obj (.bss:xStart)
                  2000776c    00000004     (.common:g_pUARTSemaphore)
                  20007770    00000004     (.common:recv_mq)
                  20007774    00000004     (.common:xReceiveMsgQueue)
                  20007778    00000002     (.common:recv_recv_bbb)

.data      0    20007980    00000050     UNINITIALIZED
                  20007980    00000030     tasks.obj (.data)
                  200079b0    00000008     heap_2.obj (.data)
                  200079b8    00000008     timers.obj (.data)
                  200079c0    00000005     uartstdio.obj (.data)
                  200079c5    00000003     --HOLE--
                  200079c8    00000004     port.obj (.data)
                  200079cc    00000004     uart.obj (.data)

.stack     0    20007780    00000200     UNINITIALIZED
                  20007780    00000004     rtsv7M4_T_le_v4SPD16_eabi.lib : boot_cortex_m.c.obj (.stack)
                  20007784    000001fc     --HOLE--

__llvm_prf_cnts 
*          0    20000000    00000000     UNINITIALIZED

MODULE SUMMARY

       Module                       code   ro data   rw data
       ------                       ----   -------   -------
    .\
       startup_ccs.obj              12     620       0      
       main.obj                     254    0         8      
    +--+----------------------------+------+---------+---------+
       Total:                       266    620       8      
                                                            
    .\source_files\
       uart.obj                     772    0         10     
    +--+----------------------------+------+---------+---------+
       Total:                       772    0         10     
                                                            
    .\third_party\FreeRTOS\Source\
       tasks.obj                    2246   0         476    
       queue.obj                    1274   0         80     
       timers.obj                   828    0         56     
       list.obj                     140    0         0      
    +--+----------------------------+------+---------+---------+
       Total:                       4488   0         612    
                                                            
    .\third_party\FreeRTOS\Source\portable\CCS\ARM_CM4F\
       port.obj                     236    4         4      
       portasm.obj                  210    0         0      
    +--+----------------------------+------+---------+---------+
       Total:                       446    4         4      
                                                            
    .\third_party\FreeRTOS\Source\portable\MemMang\
       heap_2.obj                   288    0         30024  
    +--+----------------------------+------+---------+---------+
       Total:                       288    0         30024  
                                                            
    .\utils\
       uartstdio.obj                688    24        5      
    +--+----------------------------+------+---------+---------+
       Total:                       688    24        5      
                                                            
    C:/ti/TivaWare_C_Series-2.1.4.178/driverlib/ccs/Debug/driverlib.lib
       interrupt.obj                120    112       0      
       uart.obj                     68     0         0      
       cpu.obj                      12     0         0      
    +--+----------------------------+------+---------+---------+
       Total:                       200    112       0      
                                                            
    C:\ti\ccs1000\ccs\tools\compiler\ti-cgt-arm_20.2.0.LTS\lib\rtsv7M4_T_le_v4SPD16_eabi.lib
       memcpy_t2.asm.obj            156    0         0      
       memset_t2.asm.obj            122    0         0      
       copy_decompress_lzss.c.obj   104    0         0      
       autoinit.c.obj               68     0         0      
       u_divt2.asm.obj              64     0         0      
       boot_cortex_m.c.obj          52     0         0      
       copy_decompress_none.c.obj   14     0         0      
       copy_zero_init.c.obj         12     0         0      
       exit.c.obj                   4      0         0      
       pre_init.c.obj               4      0         0      
       div0.asm.obj                 2      0         0      
    +--+----------------------------+------+---------+---------+
       Total:                       602    0         0      
                                                            
       Stack:                       0      0         512    
       Linker Generated:            0      55        0      
    +--+----------------------------+------+---------+---------+
       Grand Total:                 7750   815       31175  


LINKER GENERATED COPY TABLES

__TI_cinit_table @ 00002178 records: 2, size/record: 8, table size: 16
	.data: load addr=00002150, load size=00000013 bytes, run addr=20007980, run size=00000050 bytes, compression=lzss
	.bss: load addr=00002170, load size=00000008 bytes, run addr=20000000, run size=0000777a bytes, compression=zero_init


LINKER GENERATED HANDLER TABLE

__TI_handler_table @ 00002164 records: 3, size/record: 4, table size: 12
	index: 0, handler: __TI_decompress_lzss
	index: 1, handler: __TI_decompress_none
	index: 2, handler: __TI_zero_init


GLOBAL SYMBOLS: SORTED ALPHABETICALLY BY Name 

address   name                           
-------   ----                           
000020bb  C$$EXIT                        
00002051  CPUcpsie                       
0000136d  ConfigureUART                  
0000102d  Configure_RX                   
000011a1  Configure_TX                   
000013d5  IntEnable                      
00002003  IntMasterEnable                
0000209b  ResetISR                       
00002035  UARTCharsAvail                 
000020a1  UARTClockSourceSet             
00001fb3  UARTEnable                     
000020a7  UARTFIFOLevelSet               
000020b3  UARTIntClear                   
0000208b  UARTIntEnable                  
00002081  UARTIntStatus                  
0000163d  UARTStdioConfig                
0000045d  UART_Receive_ISR               
00001eb5  UART_Transmit_ISR              
00001f09  UARTprintf                     
0000026d  UARTvprintf                    
000019b5  UARTwrite                      
20007980  __STACK_END                    
00000200  __STACK_SIZE                   
20007980  __STACK_TOP                    
00002178  __TI_CINIT_Base                
00002188  __TI_CINIT_Limit               
00002164  __TI_Handler_Table_Base        
00002170  __TI_Handler_Table_Limit       
00001a45  __TI_auto_init_nobinit_nopinit 
0000143d  __TI_decompress_lzss           
00002043  __TI_decompress_none           
ffffffff  __TI_pprof_out_hndl            
ffffffff  __TI_prof_data_size            
ffffffff  __TI_prof_data_start           
00000000  __TI_static_base__             
0000205d  __TI_zero_init                 
000012fb  __aeabi_idiv0                  
000012fb  __aeabi_ldiv0                  
000010ad  __aeabi_memclr                 
000010ad  __aeabi_memclr4                
000010ad  __aeabi_memclr8                
00000df1  __aeabi_memcpy                 
00000df1  __aeabi_memcpy4                
00000df1  __aeabi_memcpy8                
000010af  __aeabi_memset                 
000010af  __aeabi_memset4                
000010af  __aeabi_memset8                
00001b55  __aeabi_uidiv                  
00001b55  __aeabi_uidivmod               
ffffffff  __binit__                      
ffffffff  __c_args__                     
UNDEFED   __mpu_init                     
20007780  __stack                        
20000000  __start___llvm_prf_cnts        
20000000  __stop___llvm_prf_cnts         
00001d05  _c_int00_noargs                
UNDEFED   _system_post_cinit             
000020b7  _system_pre_init               
000020bb  abort                          
ffffffff  binit                          
2000776c  g_pUARTSemaphore               
00000000  g_pfnVectors                   
00000905  main                           
00000df1  memcpy                         
000010b5  memset                         
00000ca1  pvPortMalloc                   
00001f3d  pvTaskIncrementMutexHeldCount  
20007980  pxCurrentTCB                   
00001de5  pxPortInitialiseStack          
20007770  recv_mq                        
20007778  recv_recv_bbb                  
00002148  ulMaxSyscallInterruptPriority  
00000bdd  ulPortGetIPSR                  
00001e55  uxListRemove                   
0000163b  vApplicationStackOverflowHook  
00001f9d  vListInitialise                
000020ad  vListInitialiseItem            
00001ccb  vListInsert                    
00001f55  vListInsertEnd                 
00000c91  vPortEnableVFP                 
00001eed  vPortEnterCritical             
00001f6d  vPortExitCritical              
00001acd  vPortFree                      
00000c55  vPortSVCHandler                
00001fdd  vPortSetupTimerInterrupt       
00000c75  vPortStartFirstTask            
00001e75  vQueueAddToRegistry            
00001b95  vQueueWaitForMessageRestricted 
00002069  vTaskMissedYield               
00001575  vTaskPlaceOnEventList          
000014a5  vTaskPlaceOnEventListRestricted
00000e8d  vTaskPriorityInherit           
00001f85  vTaskSetTimeOutState           
0000150d  vTaskStartScheduler            
00002025  vTaskSuspendAll                
00000f1d  vTaskSwitchContext             
00000bf5  xPortPendSVHandler             
00001bd5  xPortStartScheduler            
00001d69  xPortSysTickHandler            
00001919  xQueueCreateMutex              
00001c55  xQueueGenericCreate            
000005e9  xQueueGenericReceive           
00000fa9  xQueueGenericReset             
00000a01  xQueueGenericSend              
000017b9  xQueueGenericSendFromISR       
20007670  xQueueRegistry                 
20007774  xReceiveMsgQueue               
000018c5  xTaskCheckForTimeOut           
00000805  xTaskGenericCreate             
00001e95  xTaskGetSchedulerState         
00002075  xTaskGetTickCount              
00000701  xTaskIncrementTick             
00001129  xTaskPriorityDisinherit        
00001215  xTaskRemoveFromEventList       
00000ae9  xTaskResumeAll                 
00001c15  xTimerCreateTimerTask          
00001b11  xTimerGenericCommand           


GLOBAL SYMBOLS: SORTED BY Symbol Address 

address   name                           
-------   ----                           
00000000  __TI_static_base__             
00000000  g_pfnVectors                   
00000200  __STACK_SIZE                   
0000026d  UARTvprintf                    
0000045d  UART_Receive_ISR               
000005e9  xQueueGenericReceive           
00000701  xTaskIncrementTick             
00000805  xTaskGenericCreate             
00000905  main                           
00000a01  xQueueGenericSend              
00000ae9  xTaskResumeAll                 
00000bdd  ulPortGetIPSR                  
00000bf5  xPortPendSVHandler             
00000c55  vPortSVCHandler                
00000c75  vPortStartFirstTask            
00000c91  vPortEnableVFP                 
00000ca1  pvPortMalloc                   
00000df1  __aeabi_memcpy                 
00000df1  __aeabi_memcpy4                
00000df1  __aeabi_memcpy8                
00000df1  memcpy                         
00000e8d  vTaskPriorityInherit           
00000f1d  vTaskSwitchContext             
00000fa9  xQueueGenericReset             
0000102d  Configure_RX                   
000010ad  __aeabi_memclr                 
000010ad  __aeabi_memclr4                
000010ad  __aeabi_memclr8                
000010af  __aeabi_memset                 
000010af  __aeabi_memset4                
000010af  __aeabi_memset8                
000010b5  memset                         
00001129  xTaskPriorityDisinherit        
000011a1  Configure_TX                   
00001215  xTaskRemoveFromEventList       
000012fb  __aeabi_idiv0                  
000012fb  __aeabi_ldiv0                  
0000136d  ConfigureUART                  
000013d5  IntEnable                      
0000143d  __TI_decompress_lzss           
000014a5  vTaskPlaceOnEventListRestricted
0000150d  vTaskStartScheduler            
00001575  vTaskPlaceOnEventList          
0000163b  vApplicationStackOverflowHook  
0000163d  UARTStdioConfig                
000017b9  xQueueGenericSendFromISR       
000018c5  xTaskCheckForTimeOut           
00001919  xQueueCreateMutex              
000019b5  UARTwrite                      
00001a45  __TI_auto_init_nobinit_nopinit 
00001acd  vPortFree                      
00001b11  xTimerGenericCommand           
00001b55  __aeabi_uidiv                  
00001b55  __aeabi_uidivmod               
00001b95  vQueueWaitForMessageRestricted 
00001bd5  xPortStartScheduler            
00001c15  xTimerCreateTimerTask          
00001c55  xQueueGenericCreate            
00001ccb  vListInsert                    
00001d05  _c_int00_noargs                
00001d69  xPortSysTickHandler            
00001de5  pxPortInitialiseStack          
00001e55  uxListRemove                   
00001e75  vQueueAddToRegistry            
00001e95  xTaskGetSchedulerState         
00001eb5  UART_Transmit_ISR              
00001eed  vPortEnterCritical             
00001f09  UARTprintf                     
00001f3d  pvTaskIncrementMutexHeldCount  
00001f55  vListInsertEnd                 
00001f6d  vPortExitCritical              
00001f85  vTaskSetTimeOutState           
00001f9d  vListInitialise                
00001fb3  UARTEnable                     
00001fdd  vPortSetupTimerInterrupt       
00002003  IntMasterEnable                
00002025  vTaskSuspendAll                
00002035  UARTCharsAvail                 
00002043  __TI_decompress_none           
00002051  CPUcpsie                       
0000205d  __TI_zero_init                 
00002069  vTaskMissedYield               
00002075  xTaskGetTickCount              
00002081  UARTIntStatus                  
0000208b  UARTIntEnable                  
0000209b  ResetISR                       
000020a1  UARTClockSourceSet             
000020a7  UARTFIFOLevelSet               
000020ad  vListInitialiseItem            
000020b3  UARTIntClear                   
000020b7  _system_pre_init               
000020bb  C$$EXIT                        
000020bb  abort                          
00002148  ulMaxSyscallInterruptPriority  
00002164  __TI_Handler_Table_Base        
00002170  __TI_Handler_Table_Limit       
00002178  __TI_CINIT_Base                
00002188  __TI_CINIT_Limit               
20000000  __start___llvm_prf_cnts        
20000000  __stop___llvm_prf_cnts         
20007670  xQueueRegistry                 
2000776c  g_pUARTSemaphore               
20007770  recv_mq                        
20007774  xReceiveMsgQueue               
20007778  recv_recv_bbb                  
20007780  __stack                        
20007980  __STACK_END                    
20007980  __STACK_TOP                    
20007980  pxCurrentTCB                   
ffffffff  __TI_pprof_out_hndl            
ffffffff  __TI_prof_data_size            
ffffffff  __TI_prof_data_start           
ffffffff  __binit__                      
ffffffff  __c_args__                     
ffffffff  binit                          
UNDEFED   __mpu_init                     
UNDEFED   _system_post_cinit             

[117 symbols]
