******************************************************************************
                  TI ARM Linker PC v20.2.0                     
******************************************************************************
>> Linked Sat Apr 25 14:53:02 2020

OUTPUT FILE NAME:   <freertos_demo.out>
ENTRY POINT SYMBOL: "_c_int00_noargs"  address: 00001e75


MEMORY CONFIGURATION

         name            origin    length      used     unused   attr    fill
----------------------  --------  ---------  --------  --------  ----  --------
  FLASH                 00000000   00040000  0000230c  0003dcf4  R  X
  SRAM                  20000000   00008000  000079da  00000626  RW X


SEGMENT ALLOCATION MAP

run origin  load origin   length   init length attrs members
----------  ----------- ---------- ----------- ----- -------
00000000    00000000    00002310   00002310    r-x
  00000000    00000000    0000026c   0000026c    r-- .intvecs
  0000026c    0000026c    00001fcc   00001fcc    r-x .text
  00002238    00002238    0000008c   0000008c    r-- .const
  000022c8    000022c8    00000048   00000048    r-- .cinit
20000000    20000000    000079dc   00000000    rw-
  20000000    20000000    0000777e   00000000    rw- .bss
  20007780    20007780    00000200   00000000    rw- .stack
  20007980    20007980    0000005c   00000000    rw- .data


SECTION ALLOCATION MAP

 output                                  attributes/
section   page    origin      length       input sections
--------  ----  ----------  ----------   ----------------
.intvecs   0    00000000    0000026c     
                  00000000    0000026c     startup_ccs.obj (.intvecs)

.text      0    0000026c    00001fcc     
                  0000026c    000001ee     uartstdio.obj (.text:UARTvprintf)
                  0000045a    00000002     startup_ccs.obj (.text:FaultISR)
                  0000045c    00000168     processing_bbb.obj (.text:vProcessingTask)
                  000005c4    0000012c     uart.obj (.text:UART_Receive_ISR)
                  000006f0    00000118     queue.obj (.text:xQueueGenericReceive)
                  00000808    00000110     main.obj (.text:main)
                  00000918    00000104     tasks.obj (.text:xTaskIncrementTick)
                  00000a1c    00000100     tasks.obj (.text:xTaskGenericCreate)
                  00000b1c    000000e8     queue.obj (.text:xQueueGenericSend)
                  00000c04    000000e4     tasks.obj (.text:xTaskResumeAll)
                  00000ce8    000000d2     portasm.obj (.text)
                  00000dba    00000002     startup_ccs.obj (.text:IntDefaultHandler)
                  00000dbc    000000ac     heap_2.obj (.text:pvPortMalloc)
                  00000e68    000000a4     timers.obj (.text:prvProcessReceivedCommands)
                  00000f0c    0000009c     rtsv7M4_T_le_v4SPD16_eabi.lib : memcpy_t2.asm.obj (.text)
                  00000fa8    00000090     tasks.obj (.text:vTaskPriorityInherit)
                  00001038    0000008c     tasks.obj (.text:vTaskSwitchContext)
                  000010c4    00000084     queue.obj (.text:xQueueGenericReset)
                  00001148    00000080     uart.obj (.text:Configure_RX)
                  000011c8    0000007a     rtsv7M4_T_le_v4SPD16_eabi.lib : memset_t2.asm.obj (.text)
                  00001242    00000002     startup_ccs.obj (.text:NmiSR)
                  00001244    00000078     tasks.obj (.text:xTaskPriorityDisinherit)
                  000012bc    00000074     uart.obj (.text:Configure_TX)
                  00001330    00000074     tasks.obj (.text:xTaskRemoveFromEventList)
                  000013a4    00000072     queue.obj (.text:prvCopyDataToQueue)
                  00001416    00000002     rtsv7M4_T_le_v4SPD16_eabi.lib : div0.asm.obj (.text)
                  00001418    00000070     timers.obj (.text:prvProcessTimerOrBlockTask)
                  00001488    00000068     uart.obj (.text:ConfigureUART)
                  000014f0    00000068     driverlib.lib : interrupt.obj (.text:IntEnable)
                  00001558    00000068     rtsv7M4_T_le_v4SPD16_eabi.lib : copy_decompress_lzss.c.obj (.text:decompress:lzss:__TI_decompress_lzss)
                  000015c0    00000068     tasks.obj (.text:vTaskPlaceOnEventListRestricted)
                  00001628    00000068     tasks.obj (.text:vTaskStartScheduler)
                  00001690    00000064     tasks.obj (.text:vTaskPlaceOnEventList)
                  000016f4    00000062     queue.obj (.text:prvUnlockQueue)
                  00001756    00000002     main.obj (.text:vApplicationStackOverflowHook)
                  00001758    00000060     uartstdio.obj (.text:UARTStdioConfig)
                  000017b8    00000060     tasks.obj (.text:prvInitialiseTaskLists)
                  00001818    00000060     timers.obj (.text:prvSwitchTimerLists)
                  00001878    0000005c     timers.obj (.text:prvCheckForValidListAndQueue)
                  000018d4    0000005c     queue.obj (.text:xQueueGenericSendFromISR)
                  00001930    00000058     tasks.obj (.text:prvCheckTasksWaitingTermination)
                  00001988    00000056     tasks.obj (.text:prvInitialiseTCBVariables)
                  000019de    00000002     --HOLE-- [fill = 0]
                  000019e0    00000054     uart.obj (.text:send_string)
                  00001a34    00000054     tasks.obj (.text:xTaskCheckForTimeOut)
                  00001a88    0000004e     queue.obj (.text:xQueueCreateMutex)
                  00001ad6    00000002     --HOLE-- [fill = 0]
                  00001ad8    0000004c     tasks.obj (.text:prvAddCurrentTaskToDelayedList)
                  00001b24    00000048     uartstdio.obj (.text:UARTwrite)
                  00001b6c    00000048     timers.obj (.text:prvProcessExpiredTimer)
                  00001bb4    00000044     rtsv7M4_T_le_v4SPD16_eabi.lib : autoinit.c.obj (.text:__TI_auto_init_nobinit_nopinit:__TI_auto_init_nobinit_nopinit)
                  00001bf8    00000044     timers.obj (.text:prvInsertTimerInActiveList)
                  00001c3c    00000044     heap_2.obj (.text:vPortFree)
                  00001c80    00000044     timers.obj (.text:xTimerGenericCommand)
                  00001cc4    00000040     rtsv7M4_T_le_v4SPD16_eabi.lib : u_divt2.asm.obj (.text)
                  00001d04    00000040     queue.obj (.text:vQueueWaitForMessageRestricted)
                  00001d44    00000040     port.obj (.text:xPortStartScheduler)
                  00001d84    00000040     timers.obj (.text:xTimerCreateTimerTask)
                  00001dc4    0000003c     queue.obj (.text:xQueueGenericCreate)
                  00001e00    0000003a     tasks.obj (.text:prvAllocateTCBAndStack)
                  00001e3a    00000038     list.obj (.text:vListInsert)
                  00001e72    00000002     --HOLE-- [fill = 0]
                  00001e74    00000034     rtsv7M4_T_le_v4SPD16_eabi.lib : boot_cortex_m.c.obj (.text:_c_int00_noargs:_c_int00_noargs)
                  00001ea8    00000030     heap_2.obj (.text:prvHeapInit)
                  00001ed8    0000002c     port.obj (.text:xPortSysTickHandler)
                  00001f04    00000028     tasks.obj (.text:prvResetNextTaskUnblockTime)
                  00001f2c    00000028     timers.obj (.text:prvSampleTimeNow)
                  00001f54    00000028     port.obj (.text:pxPortInitialiseStack)
                  00001f7c    00000026     queue.obj (.text:prvCopyDataFromQueue)
                  00001fa2    00000002     --HOLE-- [fill = 0]
                  00001fa4    00000020     timers.obj (.text:prvGetNextExpireTime)
                  00001fc4    00000020     list.obj (.text:uxListRemove)
                  00001fe4    00000020     queue.obj (.text:vQueueAddToRegistry)
                  00002004    00000020     tasks.obj (.text:xTaskGetSchedulerState)
                  00002024    0000001c     uart.obj (.text:UART_Transmit_ISR)
                  00002040    0000001c     queue.obj (.text:prvIsQueueFull)
                  0000205c    0000001c     port.obj (.text:vPortEnterCritical)
                  00002078    0000001a     uartstdio.obj (.text:UARTprintf)
                  00002092    0000001a     queue.obj (.text:prvIsQueueEmpty)
                  000020ac    00000018     tasks.obj (.text:pvTaskIncrementMutexHeldCount)
                  000020c4    00000018     list.obj (.text:vListInsertEnd)
                  000020dc    00000018     port.obj (.text:vPortExitCritical)
                  000020f4    00000018     tasks.obj (.text:vTaskSetTimeOutState)
                  0000210c    00000016     list.obj (.text:vListInitialise)
                  00002122    00000014     driverlib.lib : uart.obj (.text:UARTEnable)
                  00002136    00000014     timers.obj (.text:prvTimerTask)
                  0000214a    00000002     --HOLE-- [fill = 0]
                  0000214c    00000014     port.obj (.text:vPortSetupTimerInterrupt)
                  00002160    00000012     tasks.obj (.text:prvDeleteTCB)
                  00002172    00000010     driverlib.lib : interrupt.obj (.text:IntMasterEnable)
                  00002182    00000010     port.obj (.text:prvTaskExitError)
                  00002192    00000002     --HOLE-- [fill = 0]
                  00002194    00000010     tasks.obj (.text:vTaskSuspendAll)
                  000021a4    0000000e     driverlib.lib : uart.obj (.text:UARTCharsAvail)
                  000021b2    0000000e     rtsv7M4_T_le_v4SPD16_eabi.lib : copy_decompress_none.c.obj (.text:decompress:none:__TI_decompress_none)
                  000021c0    0000000c     driverlib.lib : cpu.obj (.text:CPUcpsie)
                  000021cc    0000000c     rtsv7M4_T_le_v4SPD16_eabi.lib : copy_zero_init.c.obj (.text:decompress:ZI:__TI_zero_init)
                  000021d8    0000000c     tasks.obj (.text:vTaskMissedYield)
                  000021e4    0000000c     tasks.obj (.text:xTaskGetTickCount)
                  000021f0    0000000a     driverlib.lib : uart.obj (.text:UARTCharPut)
                  000021fa    0000000a                   : uart.obj (.text:UARTIntStatus)
                  00002204    00000008                   : uart.obj (.text:UARTIntEnable)
                  0000220c    00000008     tasks.obj (.text:prvIdleTask)
                  00002214    00000006     startup_ccs.obj (.text:ResetISR)
                  0000221a    00000006     driverlib.lib : uart.obj (.text:UARTClockSourceSet)
                  00002220    00000006                   : uart.obj (.text:UARTFIFOLevelSet)
                  00002226    00000006     list.obj (.text:vListInitialiseItem)
                  0000222c    00000004     driverlib.lib : uart.obj (.text:UARTIntClear)
                  00002230    00000004     rtsv7M4_T_le_v4SPD16_eabi.lib : pre_init.c.obj (.text:_system_pre_init)
                  00002234    00000004                                   : exit.c.obj (.text:abort:abort)

.const     0    00002238    0000008c     
                  00002238    00000070     driverlib.lib : interrupt.obj (.const)
                  000022a8    0000000c     uartstdio.obj (.const:g_ui32UARTBase)
                  000022b4    0000000c     uartstdio.obj (.const:g_ui32UARTPeriph)
                  000022c0    00000004     port.obj (.const)

.cinit     0    000022c8    00000048     
                  000022c8    0000001e     (.cinit..data.load) [load image, compression = lzss]
                  000022e6    00000002     --HOLE-- [fill = 0]
                  000022e8    0000000c     (__TI_handler_table)
                  000022f4    00000004     --HOLE-- [fill = 0]
                  000022f8    00000008     (.cinit..bss.load) [load image, compression = zero_init]
                  00002300    00000010     (__TI_cinit_table)

.init_array 
*          0    00000000    00000000     UNINITIALIZED

.bss       0    20000000    0000777e     UNINITIALIZED
                  20000000    00007530     heap_2.obj (.bss:ucHeap)
                  20007530    00000140     tasks.obj (.bss:pxReadyTasksLists)
                  20007670    00000050     (.common:xQueueRegistry)
                  200076c0    00000014     timers.obj (.bss:xActiveTimerList1)
                  200076d4    00000014     timers.obj (.bss:xActiveTimerList2)
                  200076e8    00000014     tasks.obj (.bss:xDelayedTaskList1)
                  200076fc    00000014     tasks.obj (.bss:xDelayedTaskList2)
                  20007710    00000014     tasks.obj (.bss:xPendingReadyList)
                  20007724    00000014     tasks.obj (.bss:xSuspendedTaskList)
                  20007738    00000014     tasks.obj (.bss:xTasksWaitingTermination)
                  2000774c    00000008     tasks.obj (.bss)
                  20007754    00000008     timers.obj (.bss)
                  2000775c    00000008     heap_2.obj (.bss:xEnd)
                  20007764    00000008     heap_2.obj (.bss:xStart)
                  2000776c    00000004     (.common:g_pUARTSemaphore)
                  20007770    00000004     (.common:recv_mq)
                  20007774    00000004     (.common:xReceiveMsgQueue)
                  20007778    00000002     (.common:LED)
                  2000777a    00000002     (.common:buzzer)
                  2000777c    00000002     (.common:recv_flag)

.data      0    20007980    0000005c     UNINITIALIZED
                  20007980    00000030     tasks.obj (.data)
                  200079b0    0000000c     processing_bbb.obj (.data)
                  200079bc    00000008     heap_2.obj (.data)
                  200079c4    00000008     timers.obj (.data)
                  200079cc    00000005     uartstdio.obj (.data)
                  200079d1    00000003     --HOLE--
                  200079d4    00000004     port.obj (.data)
                  200079d8    00000004     uart.obj (.data)

.stack     0    20007780    00000200     UNINITIALIZED
                  20007780    00000004     rtsv7M4_T_le_v4SPD16_eabi.lib : boot_cortex_m.c.obj (.stack)
                  20007784    000001fc     --HOLE--

__llvm_prf_cnts 
*          0    20000000    00000000     UNINITIALIZED

MODULE SUMMARY

       Module                       code   ro data   rw data
       ------                       ----   -------   -------
    .\
       startup_ccs.obj              12     620       0      
       main.obj                     274    0         12     
    +--+----------------------------+------+---------+---------+
       Total:                       286    620       12     
                                                            
    .\source_files\
       uart.obj                     760    0         6      
       processing_bbb.obj           360    0         16     
    +--+----------------------------+------+---------+---------+
       Total:                       1120   0         22     
                                                            
    .\third_party\FreeRTOS\Source\
       tasks.obj                    2246   0         476    
       queue.obj                    1274   0         80     
       timers.obj                   828    0         56     
       list.obj                     140    0         0      
    +--+----------------------------+------+---------+---------+
       Total:                       4488   0         612    
                                                            
    .\third_party\FreeRTOS\Source\portable\CCS\ARM_CM4F\
       port.obj                     236    4         4      
       portasm.obj                  210    0         0      
    +--+----------------------------+------+---------+---------+
       Total:                       446    4         4      
                                                            
    .\third_party\FreeRTOS\Source\portable\MemMang\
       heap_2.obj                   288    0         30024  
    +--+----------------------------+------+---------+---------+
       Total:                       288    0         30024  
                                                            
    .\utils\
       uartstdio.obj                688    24        5      
    +--+----------------------------+------+---------+---------+
       Total:                       688    24        5      
                                                            
    C:/ti/TivaWare_C_Series-2.1.4.178/driverlib/ccs/Debug/driverlib.lib
       interrupt.obj                120    112       0      
       uart.obj                     78     0         0      
       cpu.obj                      12     0         0      
    +--+----------------------------+------+---------+---------+
       Total:                       210    112       0      
                                                            
    C:\ti\ccs1000\ccs\tools\compiler\ti-cgt-arm_20.2.0.LTS\lib\rtsv7M4_T_le_v4SPD16_eabi.lib
       memcpy_t2.asm.obj            156    0         0      
       memset_t2.asm.obj            122    0         0      
       copy_decompress_lzss.c.obj   104    0         0      
       autoinit.c.obj               68     0         0      
       u_divt2.asm.obj              64     0         0      
       boot_cortex_m.c.obj          52     0         0      
       copy_decompress_none.c.obj   14     0         0      
       copy_zero_init.c.obj         12     0         0      
       exit.c.obj                   4      0         0      
       pre_init.c.obj               4      0         0      
       div0.asm.obj                 2      0         0      
    +--+----------------------------+------+---------+---------+
       Total:                       602    0         0      
                                                            
       Stack:                       0      0         512    
       Linker Generated:            0      66        0      
    +--+----------------------------+------+---------+---------+
       Grand Total:                 8128   826       31191  


LINKER GENERATED COPY TABLES

__TI_cinit_table @ 00002300 records: 2, size/record: 8, table size: 16
	.data: load addr=000022c8, load size=0000001e bytes, run addr=20007980, run size=0000005c bytes, compression=lzss
	.bss: load addr=000022f8, load size=00000008 bytes, run addr=20000000, run size=0000777e bytes, compression=zero_init


LINKER GENERATED HANDLER TABLE

__TI_handler_table @ 000022e8 records: 3, size/record: 4, table size: 12
	index: 0, handler: __TI_decompress_lzss
	index: 1, handler: __TI_decompress_none
	index: 2, handler: __TI_zero_init


GLOBAL SYMBOLS: SORTED ALPHABETICALLY BY Name 

address   name                           
-------   ----                           
00002235  C$$EXIT                        
000021c1  CPUcpsie                       
00001489  ConfigureUART                  
00001149  Configure_RX                   
000012bd  Configure_TX                   
000014f1  IntEnable                      
00002173  IntMasterEnable                
20007778  LED                            
200079b4  LED_ptr                        
00002215  ResetISR                       
000021f1  UARTCharPut                    
000021a5  UARTCharsAvail                 
0000221b  UARTClockSourceSet             
00002123  UARTEnable                     
00002221  UARTFIFOLevelSet               
0000222d  UARTIntClear                   
00002205  UARTIntEnable                  
000021fb  UARTIntStatus                  
00001759  UARTStdioConfig                
000005c5  UART_Receive_ISR               
00002025  UART_Transmit_ISR              
00002079  UARTprintf                     
0000026d  UARTvprintf                    
00001b25  UARTwrite                      
20007980  __STACK_END                    
00000200  __STACK_SIZE                   
20007980  __STACK_TOP                    
00002300  __TI_CINIT_Base                
00002310  __TI_CINIT_Limit               
000022e8  __TI_Handler_Table_Base        
000022f4  __TI_Handler_Table_Limit       
00001bb5  __TI_auto_init_nobinit_nopinit 
00001559  __TI_decompress_lzss           
000021b3  __TI_decompress_none           
ffffffff  __TI_pprof_out_hndl            
ffffffff  __TI_prof_data_size            
ffffffff  __TI_prof_data_start           
00000000  __TI_static_base__             
000021cd  __TI_zero_init                 
00001417  __aeabi_idiv0                  
00001417  __aeabi_ldiv0                  
000011c9  __aeabi_memclr                 
000011c9  __aeabi_memclr4                
000011c9  __aeabi_memclr8                
00000f0d  __aeabi_memcpy                 
00000f0d  __aeabi_memcpy4                
00000f0d  __aeabi_memcpy8                
000011cb  __aeabi_memset                 
000011cb  __aeabi_memset4                
000011cb  __aeabi_memset8                
00001cc5  __aeabi_uidiv                  
00001cc5  __aeabi_uidivmod               
ffffffff  __binit__                      
ffffffff  __c_args__                     
UNDEFED   __mpu_init                     
20007780  __stack                        
20000000  __start___llvm_prf_cnts        
20000000  __stop___llvm_prf_cnts         
00001e75  _c_int00_noargs                
UNDEFED   _system_post_cinit             
00002231  _system_pre_init               
00002235  abort                          
ffffffff  binit                          
2000777a  buzzer                         
200079b0  buzzer_flag                    
200079b8  buzzer_ptr                     
2000776c  g_pUARTSemaphore               
00000000  g_pfnVectors                   
00000809  main                           
00000f0d  memcpy                         
000011d1  memset                         
00000dbd  pvPortMalloc                   
000020ad  pvTaskIncrementMutexHeldCount  
20007980  pxCurrentTCB                   
00001f55  pxPortInitialiseStack          
2000777c  recv_flag                      
20007770  recv_mq                        
000019e1  send_string                    
000022c0  ulMaxSyscallInterruptPriority  
00000cf9  ulPortGetIPSR                  
00001fc5  uxListRemove                   
00001757  vApplicationStackOverflowHook  
0000210d  vListInitialise                
00002227  vListInitialiseItem            
00001e3b  vListInsert                    
000020c5  vListInsertEnd                 
00000dad  vPortEnableVFP                 
0000205d  vPortEnterCritical             
000020dd  vPortExitCritical              
00001c3d  vPortFree                      
00000d71  vPortSVCHandler                
0000214d  vPortSetupTimerInterrupt       
00000d91  vPortStartFirstTask            
0000045d  vProcessingTask                
00001fe5  vQueueAddToRegistry            
00001d05  vQueueWaitForMessageRestricted 
000021d9  vTaskMissedYield               
00001691  vTaskPlaceOnEventList          
000015c1  vTaskPlaceOnEventListRestricted
00000fa9  vTaskPriorityInherit           
000020f5  vTaskSetTimeOutState           
00001629  vTaskStartScheduler            
00002195  vTaskSuspendAll                
00001039  vTaskSwitchContext             
00000d11  xPortPendSVHandler             
00001d45  xPortStartScheduler            
00001ed9  xPortSysTickHandler            
00001a89  xQueueCreateMutex              
00001dc5  xQueueGenericCreate            
000006f1  xQueueGenericReceive           
000010c5  xQueueGenericReset             
00000b1d  xQueueGenericSend              
000018d5  xQueueGenericSendFromISR       
20007670  xQueueRegistry                 
20007774  xReceiveMsgQueue               
00001a35  xTaskCheckForTimeOut           
00000a1d  xTaskGenericCreate             
00002005  xTaskGetSchedulerState         
000021e5  xTaskGetTickCount              
00000919  xTaskIncrementTick             
00001245  xTaskPriorityDisinherit        
00001331  xTaskRemoveFromEventList       
00000c05  xTaskResumeAll                 
00001d85  xTimerCreateTimerTask          
00001c81  xTimerGenericCommand           


GLOBAL SYMBOLS: SORTED BY Symbol Address 

address   name                           
-------   ----                           
00000000  __TI_static_base__             
00000000  g_pfnVectors                   
00000200  __STACK_SIZE                   
0000026d  UARTvprintf                    
0000045d  vProcessingTask                
000005c5  UART_Receive_ISR               
000006f1  xQueueGenericReceive           
00000809  main                           
00000919  xTaskIncrementTick             
00000a1d  xTaskGenericCreate             
00000b1d  xQueueGenericSend              
00000c05  xTaskResumeAll                 
00000cf9  ulPortGetIPSR                  
00000d11  xPortPendSVHandler             
00000d71  vPortSVCHandler                
00000d91  vPortStartFirstTask            
00000dad  vPortEnableVFP                 
00000dbd  pvPortMalloc                   
00000f0d  __aeabi_memcpy                 
00000f0d  __aeabi_memcpy4                
00000f0d  __aeabi_memcpy8                
00000f0d  memcpy                         
00000fa9  vTaskPriorityInherit           
00001039  vTaskSwitchContext             
000010c5  xQueueGenericReset             
00001149  Configure_RX                   
000011c9  __aeabi_memclr                 
000011c9  __aeabi_memclr4                
000011c9  __aeabi_memclr8                
000011cb  __aeabi_memset                 
000011cb  __aeabi_memset4                
000011cb  __aeabi_memset8                
000011d1  memset                         
00001245  xTaskPriorityDisinherit        
000012bd  Configure_TX                   
00001331  xTaskRemoveFromEventList       
00001417  __aeabi_idiv0                  
00001417  __aeabi_ldiv0                  
00001489  ConfigureUART                  
000014f1  IntEnable                      
00001559  __TI_decompress_lzss           
000015c1  vTaskPlaceOnEventListRestricted
00001629  vTaskStartScheduler            
00001691  vTaskPlaceOnEventList          
00001757  vApplicationStackOverflowHook  
00001759  UARTStdioConfig                
000018d5  xQueueGenericSendFromISR       
000019e1  send_string                    
00001a35  xTaskCheckForTimeOut           
00001a89  xQueueCreateMutex              
00001b25  UARTwrite                      
00001bb5  __TI_auto_init_nobinit_nopinit 
00001c3d  vPortFree                      
00001c81  xTimerGenericCommand           
00001cc5  __aeabi_uidiv                  
00001cc5  __aeabi_uidivmod               
00001d05  vQueueWaitForMessageRestricted 
00001d45  xPortStartScheduler            
00001d85  xTimerCreateTimerTask          
00001dc5  xQueueGenericCreate            
00001e3b  vListInsert                    
00001e75  _c_int00_noargs                
00001ed9  xPortSysTickHandler            
00001f55  pxPortInitialiseStack          
00001fc5  uxListRemove                   
00001fe5  vQueueAddToRegistry            
00002005  xTaskGetSchedulerState         
00002025  UART_Transmit_ISR              
0000205d  vPortEnterCritical             
00002079  UARTprintf                     
000020ad  pvTaskIncrementMutexHeldCount  
000020c5  vListInsertEnd                 
000020dd  vPortExitCritical              
000020f5  vTaskSetTimeOutState           
0000210d  vListInitialise                
00002123  UARTEnable                     
0000214d  vPortSetupTimerInterrupt       
00002173  IntMasterEnable                
00002195  vTaskSuspendAll                
000021a5  UARTCharsAvail                 
000021b3  __TI_decompress_none           
000021c1  CPUcpsie                       
000021cd  __TI_zero_init                 
000021d9  vTaskMissedYield               
000021e5  xTaskGetTickCount              
000021f1  UARTCharPut                    
000021fb  UARTIntStatus                  
00002205  UARTIntEnable                  
00002215  ResetISR                       
0000221b  UARTClockSourceSet             
00002221  UARTFIFOLevelSet               
00002227  vListInitialiseItem            
0000222d  UARTIntClear                   
00002231  _system_pre_init               
00002235  C$$EXIT                        
00002235  abort                          
000022c0  ulMaxSyscallInterruptPriority  
000022e8  __TI_Handler_Table_Base        
000022f4  __TI_Handler_Table_Limit       
00002300  __TI_CINIT_Base                
00002310  __TI_CINIT_Limit               
20000000  __start___llvm_prf_cnts        
20000000  __stop___llvm_prf_cnts         
20007670  xQueueRegistry                 
2000776c  g_pUARTSemaphore               
20007770  recv_mq                        
20007774  xReceiveMsgQueue               
20007778  LED                            
2000777a  buzzer                         
2000777c  recv_flag                      
20007780  __stack                        
20007980  __STACK_END                    
20007980  __STACK_TOP                    
20007980  pxCurrentTCB                   
200079b0  buzzer_flag                    
200079b4  LED_ptr                        
200079b8  buzzer_ptr                     
ffffffff  __TI_pprof_out_hndl            
ffffffff  __TI_prof_data_size            
ffffffff  __TI_prof_data_start           
ffffffff  __binit__                      
ffffffff  __c_args__                     
ffffffff  binit                          
UNDEFED   __mpu_init                     
UNDEFED   _system_post_cinit             

[125 symbols]
