******************************************************************************
                  TI ARM Linker PC v20.2.0                     
******************************************************************************
>> Linked Sat Apr 25 21:40:12 2020

OUTPUT FILE NAME:   <freertos_demo.out>
ENTRY POINT SYMBOL: "_c_int00_noargs"  address: 00001f69


MEMORY CONFIGURATION

         name            origin    length      used     unused   attr    fill
----------------------  --------  ---------  --------  --------  ----  --------
  FLASH                 00000000   00040000  00002472  0003db8e  R  X
  SRAM                  20000000   00008000  000079da  00000626  RW X


SEGMENT ALLOCATION MAP

run origin  load origin   length   init length attrs members
----------  ----------- ---------- ----------- ----- -------
00000000    00000000    00002478   00002478    r-x
  00000000    00000000    0000026c   0000026c    r-- .intvecs
  0000026c    0000026c    000020c6   000020c6    r-x .text
  00002334    00002334    000000f8   000000f8    r-- .const
  00002430    00002430    00000048   00000048    r-- .cinit
20000000    20000000    000079dc   00000000    rw-
  20000000    20000000    0000777e   00000000    rw- .bss
  20007780    20007780    00000200   00000000    rw- .stack
  20007980    20007980    0000005c   00000000    rw- .data


SECTION ALLOCATION MAP

 output                                  attributes/
section   page    origin      length       input sections
--------  ----  ----------  ----------   ----------------
.intvecs   0    00000000    0000026c     
                  00000000    0000026c     startup_ccs.obj (.intvecs)

.text      0    0000026c    000020c6     
                  0000026c    000001ee     uartstdio.obj (.text:UARTvprintf)
                  0000045a    00000002     startup_ccs.obj (.text:FaultISR)
                  0000045c    00000158     processing_bbb.obj (.text:vProcessingTask)
                  000005b4    0000012c     uart.obj (.text:UART_Receive_ISR)
                  000006e0    00000118     queue.obj (.text:xQueueGenericReceive)
                  000007f8    00000110     driverlib.lib : sysctl.obj (.text:SysCtlClockGet)
                  00000908    00000110     main.obj (.text:main)
                  00000a18    00000104     tasks.obj (.text:xTaskIncrementTick)
                  00000b1c    00000100     tasks.obj (.text:xTaskGenericCreate)
                  00000c1c    000000e8     queue.obj (.text:xQueueGenericSend)
                  00000d04    000000e4     tasks.obj (.text:xTaskResumeAll)
                  00000de8    000000d2     portasm.obj (.text)
                  00000eba    00000002     startup_ccs.obj (.text:IntDefaultHandler)
                  00000ebc    000000ac     heap_2.obj (.text:pvPortMalloc)
                  00000f68    000000a4     timers.obj (.text:prvProcessReceivedCommands)
                  0000100c    0000009c     rtsv7M4_T_le_v4SPD16_eabi.lib : memcpy_t2.asm.obj (.text)
                  000010a8    00000090     tasks.obj (.text:vTaskPriorityInherit)
                  00001138    0000008c     tasks.obj (.text:vTaskSwitchContext)
                  000011c4    00000084     queue.obj (.text:xQueueGenericReset)
                  00001248    00000080     uart.obj (.text:Configure_RX)
                  000012c8    0000007a     rtsv7M4_T_le_v4SPD16_eabi.lib : memset_t2.asm.obj (.text)
                  00001342    00000002     startup_ccs.obj (.text:NmiSR)
                  00001344    00000078     tasks.obj (.text:xTaskPriorityDisinherit)
                  000013bc    00000074     uart.obj (.text:Configure_TX)
                  00001430    00000074     tasks.obj (.text:xTaskRemoveFromEventList)
                  000014a4    00000072     queue.obj (.text:prvCopyDataToQueue)
                  00001516    00000002     rtsv7M4_T_le_v4SPD16_eabi.lib : div0.asm.obj (.text)
                  00001518    00000070     timers.obj (.text:prvProcessTimerOrBlockTask)
                  00001588    00000068     uart.obj (.text:ConfigureUART)
                  000015f0    00000068     driverlib.lib : interrupt.obj (.text:IntEnable)
                  00001658    00000068     rtsv7M4_T_le_v4SPD16_eabi.lib : copy_decompress_lzss.c.obj (.text:decompress:lzss:__TI_decompress_lzss)
                  000016c0    00000068     tasks.obj (.text:vTaskPlaceOnEventListRestricted)
                  00001728    00000068     tasks.obj (.text:vTaskStartScheduler)
                  00001790    00000064     tasks.obj (.text:vTaskPlaceOnEventList)
                  000017f4    00000062     queue.obj (.text:prvUnlockQueue)
                  00001856    00000002     main.obj (.text:vApplicationStackOverflowHook)
                  00001858    00000060     uartstdio.obj (.text:UARTStdioConfig)
                  000018b8    00000060     tasks.obj (.text:prvInitialiseTaskLists)
                  00001918    00000060     timers.obj (.text:prvSwitchTimerLists)
                  00001978    0000005c     timers.obj (.text:prvCheckForValidListAndQueue)
                  000019d4    0000005c     queue.obj (.text:xQueueGenericSendFromISR)
                  00001a30    00000058     tasks.obj (.text:prvCheckTasksWaitingTermination)
                  00001a88    00000056     tasks.obj (.text:prvInitialiseTCBVariables)
                  00001ade    00000002     --HOLE-- [fill = 0]
                  00001ae0    00000054     tasks.obj (.text:xTaskCheckForTimeOut)
                  00001b34    0000004e     queue.obj (.text:xQueueCreateMutex)
                  00001b82    00000002     --HOLE-- [fill = 0]
                  00001b84    0000004c     tasks.obj (.text:prvAddCurrentTaskToDelayedList)
                  00001bd0    00000048     uartstdio.obj (.text:UARTwrite)
                  00001c18    00000048     timers.obj (.text:prvProcessExpiredTimer)
                  00001c60    00000048     uart.obj (.text:send_string)
                  00001ca8    00000044     rtsv7M4_T_le_v4SPD16_eabi.lib : autoinit.c.obj (.text:__TI_auto_init_nobinit_nopinit:__TI_auto_init_nobinit_nopinit)
                  00001cec    00000044     timers.obj (.text:prvInsertTimerInActiveList)
                  00001d30    00000044     heap_2.obj (.text:vPortFree)
                  00001d74    00000044     timers.obj (.text:xTimerGenericCommand)
                  00001db8    00000040     rtsv7M4_T_le_v4SPD16_eabi.lib : u_divt2.asm.obj (.text)
                  00001df8    00000040     queue.obj (.text:vQueueWaitForMessageRestricted)
                  00001e38    00000040     port.obj (.text:xPortStartScheduler)
                  00001e78    00000040     timers.obj (.text:xTimerCreateTimerTask)
                  00001eb8    0000003c     queue.obj (.text:xQueueGenericCreate)
                  00001ef4    0000003a     tasks.obj (.text:prvAllocateTCBAndStack)
                  00001f2e    00000038     list.obj (.text:vListInsert)
                  00001f66    00000002     --HOLE-- [fill = 0]
                  00001f68    00000034     rtsv7M4_T_le_v4SPD16_eabi.lib : boot_cortex_m.c.obj (.text:_c_int00_noargs:_c_int00_noargs)
                  00001f9c    00000030     heap_2.obj (.text:prvHeapInit)
                  00001fcc    0000002c     port.obj (.text:xPortSysTickHandler)
                  00001ff8    00000028     tasks.obj (.text:prvResetNextTaskUnblockTime)
                  00002020    00000028     timers.obj (.text:prvSampleTimeNow)
                  00002048    00000028     port.obj (.text:pxPortInitialiseStack)
                  00002070    00000026     queue.obj (.text:prvCopyDataFromQueue)
                  00002096    00000002     --HOLE-- [fill = 0]
                  00002098    00000020     timers.obj (.text:prvGetNextExpireTime)
                  000020b8    00000020     list.obj (.text:uxListRemove)
                  000020d8    00000020     queue.obj (.text:vQueueAddToRegistry)
                  000020f8    00000020     tasks.obj (.text:xTaskGetSchedulerState)
                  00002118    0000001c     uart.obj (.text:UART_Transmit_ISR)
                  00002134    0000001c     queue.obj (.text:prvIsQueueFull)
                  00002150    0000001c     port.obj (.text:vPortEnterCritical)
                  0000216c    0000001a     uartstdio.obj (.text:UARTprintf)
                  00002186    0000001a     queue.obj (.text:prvIsQueueEmpty)
                  000021a0    00000018     tasks.obj (.text:pvTaskIncrementMutexHeldCount)
                  000021b8    00000018     list.obj (.text:vListInsertEnd)
                  000021d0    00000018     port.obj (.text:vPortExitCritical)
                  000021e8    00000018     tasks.obj (.text:vTaskSetTimeOutState)
                  00002200    00000016     list.obj (.text:vListInitialise)
                  00002216    00000014     driverlib.lib : uart.obj (.text:UARTEnable)
                  0000222a    00000014     timers.obj (.text:prvTimerTask)
                  0000223e    00000002     --HOLE-- [fill = 0]
                  00002240    00000014     port.obj (.text:vPortSetupTimerInterrupt)
                  00002254    00000012     tasks.obj (.text:prvDeleteTCB)
                  00002266    00000010     driverlib.lib : interrupt.obj (.text:IntMasterEnable)
                  00002276    00000010     port.obj (.text:prvTaskExitError)
                  00002286    00000002     --HOLE-- [fill = 0]
                  00002288    00000010     tasks.obj (.text:vTaskSuspendAll)
                  00002298    0000000e     driverlib.lib : uart.obj (.text:UARTCharsAvail)
                  000022a6    0000000e     rtsv7M4_T_le_v4SPD16_eabi.lib : copy_decompress_none.c.obj (.text:decompress:none:__TI_decompress_none)
                  000022b4    0000000c     driverlib.lib : cpu.obj (.text:CPUcpsie)
                  000022c0    0000000c     rtsv7M4_T_le_v4SPD16_eabi.lib : copy_zero_init.c.obj (.text:decompress:ZI:__TI_zero_init)
                  000022cc    0000000c     tasks.obj (.text:vTaskMissedYield)
                  000022d8    0000000c     tasks.obj (.text:xTaskGetTickCount)
                  000022e4    0000000a     driverlib.lib : uart.obj (.text:UARTCharPut)
                  000022ee    0000000a                   : uart.obj (.text:UARTIntStatus)
                  000022f8    00000008                   : uart.obj (.text:UARTIntEnable)
                  00002300    00000008     tasks.obj (.text:prvIdleTask)
                  00002308    00000006     startup_ccs.obj (.text:ResetISR)
                  0000230e    00000006     driverlib.lib : sysctl.obj (.text:SysCtlDelay)
                  00002314    00000006                   : uart.obj (.text:UARTClockSourceSet)
                  0000231a    00000006                   : uart.obj (.text:UARTFIFOLevelSet)
                  00002320    00000006     list.obj (.text:vListInitialiseItem)
                  00002326    00000004     driverlib.lib : uart.obj (.text:UARTIntClear)
                  0000232a    00000004     rtsv7M4_T_le_v4SPD16_eabi.lib : pre_init.c.obj (.text:_system_pre_init)
                  0000232e    00000004                                   : exit.c.obj (.text:abort:abort)

.const     0    00002334    000000f8     
                  00002334    00000070     driverlib.lib : interrupt.obj (.const)
                  000023a4    0000006c                   : sysctl.obj (.const:g_pui32Xtals)
                  00002410    0000000c     uartstdio.obj (.const:g_ui32UARTBase)
                  0000241c    0000000c     uartstdio.obj (.const:g_ui32UARTPeriph)
                  00002428    00000004     port.obj (.const)

.cinit     0    00002430    00000048     
                  00002430    0000001e     (.cinit..data.load) [load image, compression = lzss]
                  0000244e    00000002     --HOLE-- [fill = 0]
                  00002450    0000000c     (__TI_handler_table)
                  0000245c    00000004     --HOLE-- [fill = 0]
                  00002460    00000008     (.cinit..bss.load) [load image, compression = zero_init]
                  00002468    00000010     (__TI_cinit_table)

.init_array 
*          0    00000000    00000000     UNINITIALIZED

.bss       0    20000000    0000777e     UNINITIALIZED
                  20000000    00007530     heap_2.obj (.bss:ucHeap)
                  20007530    00000140     tasks.obj (.bss:pxReadyTasksLists)
                  20007670    00000050     (.common:xQueueRegistry)
                  200076c0    00000014     timers.obj (.bss:xActiveTimerList1)
                  200076d4    00000014     timers.obj (.bss:xActiveTimerList2)
                  200076e8    00000014     tasks.obj (.bss:xDelayedTaskList1)
                  200076fc    00000014     tasks.obj (.bss:xDelayedTaskList2)
                  20007710    00000014     tasks.obj (.bss:xPendingReadyList)
                  20007724    00000014     tasks.obj (.bss:xSuspendedTaskList)
                  20007738    00000014     tasks.obj (.bss:xTasksWaitingTermination)
                  2000774c    00000008     tasks.obj (.bss)
                  20007754    00000008     timers.obj (.bss)
                  2000775c    00000008     heap_2.obj (.bss:xEnd)
                  20007764    00000008     heap_2.obj (.bss:xStart)
                  2000776c    00000004     (.common:g_pUARTSemaphore)
                  20007770    00000004     (.common:recv_mq)
                  20007774    00000004     (.common:xReceiveMsgQueue)
                  20007778    00000002     (.common:LED)
                  2000777a    00000002     (.common:buzzer)
                  2000777c    00000002     (.common:recv_flag)

.data      0    20007980    0000005c     UNINITIALIZED
                  20007980    00000030     tasks.obj (.data)
                  200079b0    0000000c     processing_bbb.obj (.data)
                  200079bc    00000008     heap_2.obj (.data)
                  200079c4    00000008     timers.obj (.data)
                  200079cc    00000005     uartstdio.obj (.data)
                  200079d1    00000003     --HOLE--
                  200079d4    00000004     port.obj (.data)
                  200079d8    00000004     uart.obj (.data)

.stack     0    20007780    00000200     UNINITIALIZED
                  20007780    00000004     rtsv7M4_T_le_v4SPD16_eabi.lib : boot_cortex_m.c.obj (.stack)
                  20007784    000001fc     --HOLE--

__llvm_prf_cnts 
*          0    20000000    00000000     UNINITIALIZED

MODULE SUMMARY

       Module                       code   ro data   rw data
       ------                       ----   -------   -------
    .\
       startup_ccs.obj              12     620       0      
       main.obj                     274    0         12     
    +--+----------------------------+------+---------+---------+
       Total:                       286    620       12     
                                                            
    .\source_files\
       uart.obj                     748    0         6      
       processing_bbb.obj           344    0         16     
    +--+----------------------------+------+---------+---------+
       Total:                       1092   0         22     
                                                            
    .\third_party\FreeRTOS\Source\
       tasks.obj                    2246   0         476    
       queue.obj                    1274   0         80     
       timers.obj                   828    0         56     
       list.obj                     140    0         0      
    +--+----------------------------+------+---------+---------+
       Total:                       4488   0         612    
                                                            
    .\third_party\FreeRTOS\Source\portable\CCS\ARM_CM4F\
       port.obj                     236    4         4      
       portasm.obj                  210    0         0      
    +--+----------------------------+------+---------+---------+
       Total:                       446    4         4      
                                                            
    .\third_party\FreeRTOS\Source\portable\MemMang\
       heap_2.obj                   288    0         30024  
    +--+----------------------------+------+---------+---------+
       Total:                       288    0         30024  
                                                            
    .\utils\
       uartstdio.obj                688    24        5      
    +--+----------------------------+------+---------+---------+
       Total:                       688    24        5      
                                                            
    C:/ti/TivaWare_C_Series-2.1.4.178/driverlib/ccs/Debug/driverlib.lib
       sysctl.obj                   278    108       0      
       interrupt.obj                120    112       0      
       uart.obj                     78     0         0      
       cpu.obj                      12     0         0      
    +--+----------------------------+------+---------+---------+
       Total:                       488    220       0      
                                                            
    C:\ti\ccs1000\ccs\tools\compiler\ti-cgt-arm_20.2.0.LTS\lib\rtsv7M4_T_le_v4SPD16_eabi.lib
       memcpy_t2.asm.obj            156    0         0      
       memset_t2.asm.obj            122    0         0      
       copy_decompress_lzss.c.obj   104    0         0      
       autoinit.c.obj               68     0         0      
       u_divt2.asm.obj              64     0         0      
       boot_cortex_m.c.obj          52     0         0      
       copy_decompress_none.c.obj   14     0         0      
       copy_zero_init.c.obj         12     0         0      
       exit.c.obj                   4      0         0      
       pre_init.c.obj               4      0         0      
       div0.asm.obj                 2      0         0      
    +--+----------------------------+------+---------+---------+
       Total:                       602    0         0      
                                                            
       Stack:                       0      0         512    
       Linker Generated:            0      66        0      
    +--+----------------------------+------+---------+---------+
       Grand Total:                 8378   934       31191  


LINKER GENERATED COPY TABLES

__TI_cinit_table @ 00002468 records: 2, size/record: 8, table size: 16
	.data: load addr=00002430, load size=0000001e bytes, run addr=20007980, run size=0000005c bytes, compression=lzss
	.bss: load addr=00002460, load size=00000008 bytes, run addr=20000000, run size=0000777e bytes, compression=zero_init


LINKER GENERATED HANDLER TABLE

__TI_handler_table @ 00002450 records: 3, size/record: 4, table size: 12
	index: 0, handler: __TI_decompress_lzss
	index: 1, handler: __TI_decompress_none
	index: 2, handler: __TI_zero_init


GLOBAL SYMBOLS: SORTED ALPHABETICALLY BY Name 

address   name                           
-------   ----                           
0000232f  C$$EXIT                        
000022b5  CPUcpsie                       
00001589  ConfigureUART                  
00001249  Configure_RX                   
000013bd  Configure_TX                   
000015f1  IntEnable                      
00002267  IntMasterEnable                
20007778  LED                            
200079b4  LED_ptr                        
00002309  ResetISR                       
000007f9  SysCtlClockGet                 
0000230f  SysCtlDelay                    
000022e5  UARTCharPut                    
00002299  UARTCharsAvail                 
00002315  UARTClockSourceSet             
00002217  UARTEnable                     
0000231b  UARTFIFOLevelSet               
00002327  UARTIntClear                   
000022f9  UARTIntEnable                  
000022ef  UARTIntStatus                  
00001859  UARTStdioConfig                
000005b5  UART_Receive_ISR               
00002119  UART_Transmit_ISR              
0000216d  UARTprintf                     
0000026d  UARTvprintf                    
00001bd1  UARTwrite                      
20007980  __STACK_END                    
00000200  __STACK_SIZE                   
20007980  __STACK_TOP                    
00002468  __TI_CINIT_Base                
00002478  __TI_CINIT_Limit               
00002450  __TI_Handler_Table_Base        
0000245c  __TI_Handler_Table_Limit       
00001ca9  __TI_auto_init_nobinit_nopinit 
00001659  __TI_decompress_lzss           
000022a7  __TI_decompress_none           
ffffffff  __TI_pprof_out_hndl            
ffffffff  __TI_prof_data_size            
ffffffff  __TI_prof_data_start           
00000000  __TI_static_base__             
000022c1  __TI_zero_init                 
00001517  __aeabi_idiv0                  
00001517  __aeabi_ldiv0                  
000012c9  __aeabi_memclr                 
000012c9  __aeabi_memclr4                
000012c9  __aeabi_memclr8                
0000100d  __aeabi_memcpy                 
0000100d  __aeabi_memcpy4                
0000100d  __aeabi_memcpy8                
000012cb  __aeabi_memset                 
000012cb  __aeabi_memset4                
000012cb  __aeabi_memset8                
00001db9  __aeabi_uidiv                  
00001db9  __aeabi_uidivmod               
ffffffff  __binit__                      
ffffffff  __c_args__                     
UNDEFED   __mpu_init                     
20007780  __stack                        
20000000  __start___llvm_prf_cnts        
20000000  __stop___llvm_prf_cnts         
00001f69  _c_int00_noargs                
UNDEFED   _system_post_cinit             
0000232b  _system_pre_init               
0000232f  abort                          
ffffffff  binit                          
2000777a  buzzer                         
200079b0  buzzer_flag                    
200079b8  buzzer_ptr                     
2000776c  g_pUARTSemaphore               
00000000  g_pfnVectors                   
00000909  main                           
0000100d  memcpy                         
000012d1  memset                         
00000ebd  pvPortMalloc                   
000021a1  pvTaskIncrementMutexHeldCount  
20007980  pxCurrentTCB                   
00002049  pxPortInitialiseStack          
2000777c  recv_flag                      
20007770  recv_mq                        
00001c61  send_string                    
00002428  ulMaxSyscallInterruptPriority  
00000df9  ulPortGetIPSR                  
000020b9  uxListRemove                   
00001857  vApplicationStackOverflowHook  
00002201  vListInitialise                
00002321  vListInitialiseItem            
00001f2f  vListInsert                    
000021b9  vListInsertEnd                 
00000ead  vPortEnableVFP                 
00002151  vPortEnterCritical             
000021d1  vPortExitCritical              
00001d31  vPortFree                      
00000e71  vPortSVCHandler                
00002241  vPortSetupTimerInterrupt       
00000e91  vPortStartFirstTask            
0000045d  vProcessingTask                
000020d9  vQueueAddToRegistry            
00001df9  vQueueWaitForMessageRestricted 
000022cd  vTaskMissedYield               
00001791  vTaskPlaceOnEventList          
000016c1  vTaskPlaceOnEventListRestricted
000010a9  vTaskPriorityInherit           
000021e9  vTaskSetTimeOutState           
00001729  vTaskStartScheduler            
00002289  vTaskSuspendAll                
00001139  vTaskSwitchContext             
00000e11  xPortPendSVHandler             
00001e39  xPortStartScheduler            
00001fcd  xPortSysTickHandler            
00001b35  xQueueCreateMutex              
00001eb9  xQueueGenericCreate            
000006e1  xQueueGenericReceive           
000011c5  xQueueGenericReset             
00000c1d  xQueueGenericSend              
000019d5  xQueueGenericSendFromISR       
20007670  xQueueRegistry                 
20007774  xReceiveMsgQueue               
00001ae1  xTaskCheckForTimeOut           
00000b1d  xTaskGenericCreate             
000020f9  xTaskGetSchedulerState         
000022d9  xTaskGetTickCount              
00000a19  xTaskIncrementTick             
00001345  xTaskPriorityDisinherit        
00001431  xTaskRemoveFromEventList       
00000d05  xTaskResumeAll                 
00001e79  xTimerCreateTimerTask          
00001d75  xTimerGenericCommand           


GLOBAL SYMBOLS: SORTED BY Symbol Address 

address   name                           
-------   ----                           
00000000  __TI_static_base__             
00000000  g_pfnVectors                   
00000200  __STACK_SIZE                   
0000026d  UARTvprintf                    
0000045d  vProcessingTask                
000005b5  UART_Receive_ISR               
000006e1  xQueueGenericReceive           
000007f9  SysCtlClockGet                 
00000909  main                           
00000a19  xTaskIncrementTick             
00000b1d  xTaskGenericCreate             
00000c1d  xQueueGenericSend              
00000d05  xTaskResumeAll                 
00000df9  ulPortGetIPSR                  
00000e11  xPortPendSVHandler             
00000e71  vPortSVCHandler                
00000e91  vPortStartFirstTask            
00000ead  vPortEnableVFP                 
00000ebd  pvPortMalloc                   
0000100d  __aeabi_memcpy                 
0000100d  __aeabi_memcpy4                
0000100d  __aeabi_memcpy8                
0000100d  memcpy                         
000010a9  vTaskPriorityInherit           
00001139  vTaskSwitchContext             
000011c5  xQueueGenericReset             
00001249  Configure_RX                   
000012c9  __aeabi_memclr                 
000012c9  __aeabi_memclr4                
000012c9  __aeabi_memclr8                
000012cb  __aeabi_memset                 
000012cb  __aeabi_memset4                
000012cb  __aeabi_memset8                
000012d1  memset                         
00001345  xTaskPriorityDisinherit        
000013bd  Configure_TX                   
00001431  xTaskRemoveFromEventList       
00001517  __aeabi_idiv0                  
00001517  __aeabi_ldiv0                  
00001589  ConfigureUART                  
000015f1  IntEnable                      
00001659  __TI_decompress_lzss           
000016c1  vTaskPlaceOnEventListRestricted
00001729  vTaskStartScheduler            
00001791  vTaskPlaceOnEventList          
00001857  vApplicationStackOverflowHook  
00001859  UARTStdioConfig                
000019d5  xQueueGenericSendFromISR       
00001ae1  xTaskCheckForTimeOut           
00001b35  xQueueCreateMutex              
00001bd1  UARTwrite                      
00001c61  send_string                    
00001ca9  __TI_auto_init_nobinit_nopinit 
00001d31  vPortFree                      
00001d75  xTimerGenericCommand           
00001db9  __aeabi_uidiv                  
00001db9  __aeabi_uidivmod               
00001df9  vQueueWaitForMessageRestricted 
00001e39  xPortStartScheduler            
00001e79  xTimerCreateTimerTask          
00001eb9  xQueueGenericCreate            
00001f2f  vListInsert                    
00001f69  _c_int00_noargs                
00001fcd  xPortSysTickHandler            
00002049  pxPortInitialiseStack          
000020b9  uxListRemove                   
000020d9  vQueueAddToRegistry            
000020f9  xTaskGetSchedulerState         
00002119  UART_Transmit_ISR              
00002151  vPortEnterCritical             
0000216d  UARTprintf                     
000021a1  pvTaskIncrementMutexHeldCount  
000021b9  vListInsertEnd                 
000021d1  vPortExitCritical              
000021e9  vTaskSetTimeOutState           
00002201  vListInitialise                
00002217  UARTEnable                     
00002241  vPortSetupTimerInterrupt       
00002267  IntMasterEnable                
00002289  vTaskSuspendAll                
00002299  UARTCharsAvail                 
000022a7  __TI_decompress_none           
000022b5  CPUcpsie                       
000022c1  __TI_zero_init                 
000022cd  vTaskMissedYield               
000022d9  xTaskGetTickCount              
000022e5  UARTCharPut                    
000022ef  UARTIntStatus                  
000022f9  UARTIntEnable                  
00002309  ResetISR                       
0000230f  SysCtlDelay                    
00002315  UARTClockSourceSet             
0000231b  UARTFIFOLevelSet               
00002321  vListInitialiseItem            
00002327  UARTIntClear                   
0000232b  _system_pre_init               
0000232f  C$$EXIT                        
0000232f  abort                          
00002428  ulMaxSyscallInterruptPriority  
00002450  __TI_Handler_Table_Base        
0000245c  __TI_Handler_Table_Limit       
00002468  __TI_CINIT_Base                
00002478  __TI_CINIT_Limit               
20000000  __start___llvm_prf_cnts        
20000000  __stop___llvm_prf_cnts         
20007670  xQueueRegistry                 
2000776c  g_pUARTSemaphore               
20007770  recv_mq                        
20007774  xReceiveMsgQueue               
20007778  LED                            
2000777a  buzzer                         
2000777c  recv_flag                      
20007780  __stack                        
20007980  __STACK_END                    
20007980  __STACK_TOP                    
20007980  pxCurrentTCB                   
200079b0  buzzer_flag                    
200079b4  LED_ptr                        
200079b8  buzzer_ptr                     
ffffffff  __TI_pprof_out_hndl            
ffffffff  __TI_prof_data_size            
ffffffff  __TI_prof_data_start           
ffffffff  __binit__                      
ffffffff  __c_args__                     
ffffffff  binit                          
UNDEFED   __mpu_init                     
UNDEFED   _system_post_cinit             

[127 symbols]
