<?xml version="1.0" encoding="ISO-8859-1" ?>
<link_info>
   <banner>TI ARM Linker PC v20.2.0.LTS</banner>
   <copyright>Copyright (c) 1996-2018 Texas Instruments Incorporated</copyright>
   <link_time>0x5ea5029c</link_time>
   <link_errors>0x0</link_errors>
   <output_file>freertos_demo.out</output_file>
   <entry_point>
      <name>_c_int00_noargs</name>
      <address>0x1f69</address>
   </entry_point>
   <input_file_list>
      <input_file id="fl-2">
         <path>.\</path>
         <kind>object</kind>
         <file>led_task.obj</file>
         <name>led_task.obj</name>
      </input_file>
      <input_file id="fl-3">
         <path>.\</path>
         <kind>object</kind>
         <file>main.obj</file>
         <name>main.obj</name>
      </input_file>
      <input_file id="fl-4">
         <path>.\</path>
         <kind>object</kind>
         <file>startup_ccs.obj</file>
         <name>startup_ccs.obj</name>
      </input_file>
      <input_file id="fl-5">
         <path>.\</path>
         <kind>object</kind>
         <file>switch_task.obj</file>
         <name>switch_task.obj</name>
      </input_file>
      <input_file id="fl-6">
         <path>.\drivers\</path>
         <kind>object</kind>
         <file>buttons.obj</file>
         <name>buttons.obj</name>
      </input_file>
      <input_file id="fl-7">
         <path>.\drivers\</path>
         <kind>object</kind>
         <file>rgb.obj</file>
         <name>rgb.obj</name>
      </input_file>
      <input_file id="fl-8">
         <path>.\source_files\</path>
         <kind>object</kind>
         <file>processing_bbb.obj</file>
         <name>processing_bbb.obj</name>
      </input_file>
      <input_file id="fl-9">
         <path>.\source_files\</path>
         <kind>object</kind>
         <file>uart.obj</file>
         <name>uart.obj</name>
      </input_file>
      <input_file id="fl-a">
         <path>.\third_party\FreeRTOS\Source\</path>
         <kind>object</kind>
         <file>list.obj</file>
         <name>list.obj</name>
      </input_file>
      <input_file id="fl-b">
         <path>.\third_party\FreeRTOS\Source\</path>
         <kind>object</kind>
         <file>queue.obj</file>
         <name>queue.obj</name>
      </input_file>
      <input_file id="fl-c">
         <path>.\third_party\FreeRTOS\Source\</path>
         <kind>object</kind>
         <file>tasks.obj</file>
         <name>tasks.obj</name>
      </input_file>
      <input_file id="fl-d">
         <path>.\third_party\FreeRTOS\Source\</path>
         <kind>object</kind>
         <file>timers.obj</file>
         <name>timers.obj</name>
      </input_file>
      <input_file id="fl-e">
         <path>.\third_party\FreeRTOS\Source\portable\CCS\ARM_CM4F\</path>
         <kind>object</kind>
         <file>port.obj</file>
         <name>port.obj</name>
      </input_file>
      <input_file id="fl-f">
         <path>.\third_party\FreeRTOS\Source\portable\CCS\ARM_CM4F\</path>
         <kind>object</kind>
         <file>portasm.obj</file>
         <name>portasm.obj</name>
      </input_file>
      <input_file id="fl-10">
         <path>.\third_party\FreeRTOS\Source\portable\MemMang\</path>
         <kind>object</kind>
         <file>heap_2.obj</file>
         <name>heap_2.obj</name>
      </input_file>
      <input_file id="fl-11">
         <path>.\utils\</path>
         <kind>object</kind>
         <file>uartstdio.obj</file>
         <name>uartstdio.obj</name>
      </input_file>
      <input_file id="fl-12">
         <path>.\utils\</path>
         <kind>object</kind>
         <file>ustdlib.obj</file>
         <name>ustdlib.obj</name>
      </input_file>
      <input_file id="fl-17">
         <kind>object</kind>
         <file>&lt;internal&gt;</file>
         <name>&lt;internal&gt;</name>
      </input_file>
      <input_file id="fl-cd">
         <path>C:\ti\ccs1000\ccs\tools\compiler\ti-cgt-arm_20.2.0.LTS\lib\</path>
         <kind>archive</kind>
         <file>rtsv7M4_T_le_v4SPD16_eabi.lib</file>
         <name>fs_toull_t2.asm.obj</name>
      </input_file>
      <input_file id="fl-ce">
         <path>C:\ti\ccs1000\ccs\tools\compiler\ti-cgt-arm_20.2.0.LTS\lib\</path>
         <kind>archive</kind>
         <file>rtsv7M4_T_le_v4SPD16_eabi.lib</file>
         <name>memcpy_t2.asm.obj</name>
      </input_file>
      <input_file id="fl-cf">
         <path>C:\ti\ccs1000\ccs\tools\compiler\ti-cgt-arm_20.2.0.LTS\lib\</path>
         <kind>archive</kind>
         <file>rtsv7M4_T_le_v4SPD16_eabi.lib</file>
         <name>memset_t2.asm.obj</name>
      </input_file>
      <input_file id="fl-d0">
         <path>C:\ti\ccs1000\ccs\tools\compiler\ti-cgt-arm_20.2.0.LTS\lib\</path>
         <kind>archive</kind>
         <file>rtsv7M4_T_le_v4SPD16_eabi.lib</file>
         <name>u_divt2.asm.obj</name>
      </input_file>
      <input_file id="fl-d1">
         <path>C:\ti\ccs1000\ccs\tools\compiler\ti-cgt-arm_20.2.0.LTS\lib\</path>
         <kind>archive</kind>
         <file>rtsv7M4_T_le_v4SPD16_eabi.lib</file>
         <name>copy_zero_init.c.obj</name>
      </input_file>
      <input_file id="fl-d2">
         <path>C:\ti\ccs1000\ccs\tools\compiler\ti-cgt-arm_20.2.0.LTS\lib\</path>
         <kind>archive</kind>
         <file>rtsv7M4_T_le_v4SPD16_eabi.lib</file>
         <name>copy_decompress_none.c.obj</name>
      </input_file>
      <input_file id="fl-d3">
         <path>C:\ti\ccs1000\ccs\tools\compiler\ti-cgt-arm_20.2.0.LTS\lib\</path>
         <kind>archive</kind>
         <file>rtsv7M4_T_le_v4SPD16_eabi.lib</file>
         <name>copy_decompress_lzss.c.obj</name>
      </input_file>
      <input_file id="fl-d4">
         <path>C:\ti\ccs1000\ccs\tools\compiler\ti-cgt-arm_20.2.0.LTS\lib\</path>
         <kind>archive</kind>
         <file>rtsv7M4_T_le_v4SPD16_eabi.lib</file>
         <name>boot_cortex_m.c.obj</name>
      </input_file>
      <input_file id="fl-d5">
         <path>C:\ti\ccs1000\ccs\tools\compiler\ti-cgt-arm_20.2.0.LTS\lib\</path>
         <kind>archive</kind>
         <file>rtsv7M4_T_le_v4SPD16_eabi.lib</file>
         <name>div0.asm.obj</name>
      </input_file>
      <input_file id="fl-d6">
         <path>C:\ti\ccs1000\ccs\tools\compiler\ti-cgt-arm_20.2.0.LTS\lib\</path>
         <kind>archive</kind>
         <file>rtsv7M4_T_le_v4SPD16_eabi.lib</file>
         <name>autoinit.c.obj</name>
      </input_file>
      <input_file id="fl-d7">
         <path>C:\ti\ccs1000\ccs\tools\compiler\ti-cgt-arm_20.2.0.LTS\lib\</path>
         <kind>archive</kind>
         <file>rtsv7M4_T_le_v4SPD16_eabi.lib</file>
         <name>pre_init.c.obj</name>
      </input_file>
      <input_file id="fl-d8">
         <path>C:\ti\ccs1000\ccs\tools\compiler\ti-cgt-arm_20.2.0.LTS\lib\</path>
         <kind>archive</kind>
         <file>rtsv7M4_T_le_v4SPD16_eabi.lib</file>
         <name>cpy_tbl.c.obj</name>
      </input_file>
      <input_file id="fl-d9">
         <path>C:\ti\ccs1000\ccs\tools\compiler\ti-cgt-arm_20.2.0.LTS\lib\</path>
         <kind>archive</kind>
         <file>rtsv7M4_T_le_v4SPD16_eabi.lib</file>
         <name>exit.c.obj</name>
      </input_file>
      <input_file id="fl-da">
         <path>C:\ti\ccs1000\ccs\tools\compiler\ti-cgt-arm_20.2.0.LTS\lib\</path>
         <kind>archive</kind>
         <file>rtsv7M4_T_le_v4SPD16_eabi.lib</file>
         <name>_lock.c.obj</name>
      </input_file>
      <input_file id="fl-db">
         <path>C:\ti\ccs1000\ccs\tools\compiler\ti-cgt-arm_20.2.0.LTS\lib\</path>
         <kind>archive</kind>
         <file>rtsv7M4_T_le_v4SPD16_eabi.lib</file>
         <name>args_main.c.obj</name>
      </input_file>
      <input_file id="fl-dc">
         <path>C:\ti\TivaWare_C_Series-2.1.4.178\driverlib\ccs\Debug\</path>
         <kind>archive</kind>
         <file>driverlib.lib</file>
         <name>interrupt.obj</name>
      </input_file>
      <input_file id="fl-dd">
         <path>C:\ti\TivaWare_C_Series-2.1.4.178\driverlib\ccs\Debug\</path>
         <kind>archive</kind>
         <file>driverlib.lib</file>
         <name>sysctl.obj</name>
      </input_file>
      <input_file id="fl-de">
         <path>C:\ti\TivaWare_C_Series-2.1.4.178\driverlib\ccs\Debug\</path>
         <kind>archive</kind>
         <file>driverlib.lib</file>
         <name>uart.obj</name>
      </input_file>
      <input_file id="fl-df">
         <path>C:\ti\TivaWare_C_Series-2.1.4.178\driverlib\ccs\Debug\</path>
         <kind>archive</kind>
         <file>driverlib.lib</file>
         <name>cpu.obj</name>
      </input_file>
   </input_file_list>
   <object_component_list>
      <object_component id="oc-12">
         <name>.intvecs</name>
         <load_address>0x0</load_address>
         <run_address>0x0</run_address>
         <size>0x26c</size>
         <input_file_ref idref="fl-4"/>
      </object_component>
      <object_component id="oc-15f">
         <name>.text:UARTvprintf</name>
         <load_address>0x26c</load_address>
         <run_address>0x26c</run_address>
         <size>0x1ee</size>
         <input_file_ref idref="fl-11"/>
      </object_component>
      <object_component id="oc-33">
         <name>.text:FaultISR</name>
         <load_address>0x45a</load_address>
         <run_address>0x45a</run_address>
         <size>0x2</size>
         <input_file_ref idref="fl-4"/>
      </object_component>
      <object_component id="oc-247">
         <name>.text:vProcessingTask</name>
         <load_address>0x45c</load_address>
         <run_address>0x45c</run_address>
         <size>0x158</size>
         <input_file_ref idref="fl-8"/>
      </object_component>
      <object_component id="oc-50">
         <name>.text:UART_Receive_ISR</name>
         <load_address>0x5b4</load_address>
         <run_address>0x5b4</run_address>
         <size>0x12c</size>
         <input_file_ref idref="fl-9"/>
      </object_component>
      <object_component id="oc-cc">
         <name>.text:xQueueGenericReceive</name>
         <load_address>0x6e0</load_address>
         <run_address>0x6e0</run_address>
         <size>0x118</size>
         <input_file_ref idref="fl-b"/>
      </object_component>
      <object_component id="oc-355">
         <name>.text:SysCtlClockGet</name>
         <load_address>0x7f8</load_address>
         <run_address>0x7f8</run_address>
         <size>0x110</size>
         <input_file_ref idref="fl-dd"/>
      </object_component>
      <object_component id="oc-115">
         <name>.text:main</name>
         <load_address>0x908</load_address>
         <run_address>0x908</run_address>
         <size>0x110</size>
         <input_file_ref idref="fl-3"/>
      </object_component>
      <object_component id="oc-a7">
         <name>.text:xTaskIncrementTick</name>
         <load_address>0xa18</load_address>
         <run_address>0xa18</run_address>
         <size>0x104</size>
         <input_file_ref idref="fl-c"/>
      </object_component>
      <object_component id="oc-23b">
         <name>.text:xTaskGenericCreate</name>
         <load_address>0xb1c</load_address>
         <run_address>0xb1c</run_address>
         <size>0x100</size>
         <input_file_ref idref="fl-c"/>
      </object_component>
      <object_component id="oc-d2">
         <name>.text:xQueueGenericSend</name>
         <load_address>0xc1c</load_address>
         <run_address>0xc1c</run_address>
         <size>0xe8</size>
         <input_file_ref idref="fl-b"/>
      </object_component>
      <object_component id="oc-1a4">
         <name>.text:xTaskResumeAll</name>
         <load_address>0xd04</load_address>
         <run_address>0xd04</run_address>
         <size>0xe4</size>
         <input_file_ref idref="fl-c"/>
      </object_component>
      <object_component id="oc-3f">
         <name>.text</name>
         <load_address>0xde8</load_address>
         <run_address>0xde8</run_address>
         <size>0xd2</size>
         <input_file_ref idref="fl-f"/>
      </object_component>
      <object_component id="oc-39">
         <name>.text:IntDefaultHandler</name>
         <load_address>0xeba</load_address>
         <run_address>0xeba</run_address>
         <size>0x2</size>
         <input_file_ref idref="fl-4"/>
      </object_component>
      <object_component id="oc-301">
         <name>.text:pvPortMalloc</name>
         <load_address>0xebc</load_address>
         <run_address>0xebc</run_address>
         <size>0xac</size>
         <input_file_ref idref="fl-10"/>
      </object_component>
      <object_component id="oc-46d">
         <name>.text:prvProcessReceivedCommands</name>
         <load_address>0xf68</load_address>
         <run_address>0xf68</run_address>
         <size>0xa4</size>
         <input_file_ref idref="fl-d"/>
      </object_component>
      <object_component id="oc-64">
         <name>.text</name>
         <load_address>0x100c</load_address>
         <run_address>0x100c</run_address>
         <size>0x9c</size>
         <input_file_ref idref="fl-ce"/>
      </object_component>
      <object_component id="oc-1b0">
         <name>.text:vTaskPriorityInherit</name>
         <load_address>0x10a8</load_address>
         <run_address>0x10a8</run_address>
         <size>0x90</size>
         <input_file_ref idref="fl-c"/>
      </object_component>
      <object_component id="oc-a0">
         <name>.text:vTaskSwitchContext</name>
         <load_address>0x1138</load_address>
         <run_address>0x1138</run_address>
         <size>0x8c</size>
         <input_file_ref idref="fl-c"/>
      </object_component>
      <object_component id="oc-30e">
         <name>.text:xQueueGenericReset</name>
         <load_address>0x11c4</load_address>
         <run_address>0x11c4</run_address>
         <size>0x84</size>
         <input_file_ref idref="fl-b"/>
      </object_component>
      <object_component id="oc-211">
         <name>.text:Configure_RX</name>
         <load_address>0x1248</load_address>
         <run_address>0x1248</run_address>
         <size>0x80</size>
         <input_file_ref idref="fl-9"/>
      </object_component>
      <object_component id="oc-109">
         <name>.text</name>
         <load_address>0x12c8</load_address>
         <run_address>0x12c8</run_address>
         <size>0x7a</size>
         <input_file_ref idref="fl-cf"/>
      </object_component>
      <object_component id="oc-2d">
         <name>.text:NmiSR</name>
         <load_address>0x1342</load_address>
         <run_address>0x1342</run_address>
         <size>0x2</size>
         <input_file_ref idref="fl-4"/>
      </object_component>
      <object_component id="oc-2b3">
         <name>.text:xTaskPriorityDisinherit</name>
         <load_address>0x1344</load_address>
         <run_address>0x1344</run_address>
         <size>0x78</size>
         <input_file_ref idref="fl-c"/>
      </object_component>
      <object_component id="oc-20b">
         <name>.text:Configure_TX</name>
         <load_address>0x13bc</load_address>
         <run_address>0x13bc</run_address>
         <size>0x74</size>
         <input_file_ref idref="fl-9"/>
      </object_component>
      <object_component id="oc-172">
         <name>.text:xTaskRemoveFromEventList</name>
         <load_address>0x1430</load_address>
         <run_address>0x1430</run_address>
         <size>0x74</size>
         <input_file_ref idref="fl-c"/>
      </object_component>
      <object_component id="oc-16c">
         <name>.text:prvCopyDataToQueue</name>
         <load_address>0x14a4</load_address>
         <run_address>0x14a4</run_address>
         <size>0x72</size>
         <input_file_ref idref="fl-b"/>
      </object_component>
      <object_component id="oc-38d">
         <name>.text</name>
         <load_address>0x1516</load_address>
         <run_address>0x1516</run_address>
         <size>0x2</size>
         <input_file_ref idref="fl-d5"/>
      </object_component>
      <object_component id="oc-467">
         <name>.text:prvProcessTimerOrBlockTask</name>
         <load_address>0x1518</load_address>
         <run_address>0x1518</run_address>
         <size>0x70</size>
         <input_file_ref idref="fl-d"/>
      </object_component>
      <object_component id="oc-205">
         <name>.text:ConfigureUART</name>
         <load_address>0x1588</load_address>
         <run_address>0x1588</run_address>
         <size>0x68</size>
         <input_file_ref idref="fl-9"/>
      </object_component>
      <object_component id="oc-22f">
         <name>.text:IntEnable</name>
         <load_address>0x15f0</load_address>
         <run_address>0x15f0</run_address>
         <size>0x68</size>
         <input_file_ref idref="fl-dc"/>
      </object_component>
      <object_component id="oc-15">
         <name>.text:decompress:lzss:__TI_decompress_lzss</name>
         <load_address>0x1658</load_address>
         <run_address>0x1658</run_address>
         <size>0x68</size>
         <input_file_ref idref="fl-d3"/>
      </object_component>
      <object_component id="oc-4d7">
         <name>.text:vTaskPlaceOnEventListRestricted</name>
         <load_address>0x16c0</load_address>
         <run_address>0x16c0</run_address>
         <size>0x68</size>
         <input_file_ref idref="fl-c"/>
      </object_component>
      <object_component id="oc-241">
         <name>.text:vTaskStartScheduler</name>
         <load_address>0x1728</load_address>
         <run_address>0x1728</run_address>
         <size>0x68</size>
         <input_file_ref idref="fl-c"/>
      </object_component>
      <object_component id="oc-1b6">
         <name>.text:vTaskPlaceOnEventList</name>
         <load_address>0x1790</load_address>
         <run_address>0x1790</run_address>
         <size>0x64</size>
         <input_file_ref idref="fl-c"/>
      </object_component>
      <object_component id="oc-19e">
         <name>.text:prvUnlockQueue</name>
         <load_address>0x17f4</load_address>
         <run_address>0x17f4</run_address>
         <size>0x62</size>
         <input_file_ref idref="fl-b"/>
      </object_component>
      <object_component id="oc-132">
         <name>.text:vApplicationStackOverflowHook</name>
         <load_address>0x1856</load_address>
         <run_address>0x1856</run_address>
         <size>0x2</size>
         <input_file_ref idref="fl-3"/>
      </object_component>
      <object_component id="oc-2f2">
         <name>.text:UARTStdioConfig</name>
         <load_address>0x1858</load_address>
         <run_address>0x1858</run_address>
         <size>0x60</size>
         <input_file_ref idref="fl-11"/>
      </object_component>
      <object_component id="oc-335">
         <name>.text:prvInitialiseTaskLists</name>
         <load_address>0x18b8</load_address>
         <run_address>0x18b8</run_address>
         <size>0x60</size>
         <input_file_ref idref="fl-c"/>
      </object_component>
      <object_component id="oc-4d0">
         <name>.text:prvSwitchTimerLists</name>
         <load_address>0x1918</load_address>
         <run_address>0x1918</run_address>
         <size>0x60</size>
         <input_file_ref idref="fl-d"/>
      </object_component>
      <object_component id="oc-3dd">
         <name>.text:prvCheckForValidListAndQueue</name>
         <load_address>0x1978</load_address>
         <run_address>0x1978</run_address>
         <size>0x5c</size>
         <input_file_ref idref="fl-d"/>
      </object_component>
      <object_component id="oc-c6">
         <name>.text:xQueueGenericSendFromISR</name>
         <load_address>0x19d4</load_address>
         <run_address>0x19d4</run_address>
         <size>0x5c</size>
         <input_file_ref idref="fl-b"/>
      </object_component>
      <object_component id="oc-3f7">
         <name>.text:prvCheckTasksWaitingTermination</name>
         <load_address>0x1a30</load_address>
         <run_address>0x1a30</run_address>
         <size>0x58</size>
         <input_file_ref idref="fl-c"/>
      </object_component>
      <object_component id="oc-329">
         <name>.text:prvInitialiseTCBVariables</name>
         <load_address>0x1a88</load_address>
         <run_address>0x1a88</run_address>
         <size>0x56</size>
         <input_file_ref idref="fl-c"/>
      </object_component>
      <object_component id="oc-198">
         <name>.text:xTaskCheckForTimeOut</name>
         <load_address>0x1ae0</load_address>
         <run_address>0x1ae0</run_address>
         <size>0x54</size>
         <input_file_ref idref="fl-c"/>
      </object_component>
      <object_component id="oc-217">
         <name>.text:xQueueCreateMutex</name>
         <load_address>0x1b34</load_address>
         <run_address>0x1b34</run_address>
         <size>0x4e</size>
         <input_file_ref idref="fl-b"/>
      </object_component>
      <object_component id="oc-2dd">
         <name>.text:prvAddCurrentTaskToDelayedList</name>
         <load_address>0x1b84</load_address>
         <run_address>0x1b84</run_address>
         <size>0x4c</size>
         <input_file_ref idref="fl-c"/>
      </object_component>
      <object_component id="oc-2a5">
         <name>.text:UARTwrite</name>
         <load_address>0x1bd0</load_address>
         <run_address>0x1bd0</run_address>
         <size>0x48</size>
         <input_file_ref idref="fl-11"/>
      </object_component>
      <object_component id="oc-4a1">
         <name>.text:prvProcessExpiredTimer</name>
         <load_address>0x1c18</load_address>
         <run_address>0x1c18</run_address>
         <size>0x48</size>
         <input_file_ref idref="fl-d"/>
      </object_component>
      <object_component id="oc-34f">
         <name>.text:send_string</name>
         <load_address>0x1c60</load_address>
         <run_address>0x1c60</run_address>
         <size>0x48</size>
         <input_file_ref idref="fl-9"/>
      </object_component>
      <object_component id="oc-25a">
         <name>.text:__TI_auto_init_nobinit_nopinit:__TI_auto_init_nobinit_nopinit</name>
         <load_address>0x1ca8</load_address>
         <run_address>0x1ca8</run_address>
         <size>0x44</size>
         <input_file_ref idref="fl-d6"/>
      </object_component>
      <object_component id="oc-4ae">
         <name>.text:prvInsertTimerInActiveList</name>
         <load_address>0x1cec</load_address>
         <run_address>0x1cec</run_address>
         <size>0x44</size>
         <input_file_ref idref="fl-d"/>
      </object_component>
      <object_component id="oc-3be">
         <name>.text:vPortFree</name>
         <load_address>0x1d30</load_address>
         <run_address>0x1d30</run_address>
         <size>0x44</size>
         <input_file_ref idref="fl-10"/>
      </object_component>
      <object_component id="oc-4b4">
         <name>.text:xTimerGenericCommand</name>
         <load_address>0x1d74</load_address>
         <run_address>0x1d74</run_address>
         <size>0x44</size>
         <input_file_ref idref="fl-d"/>
      </object_component>
      <object_component id="oc-2ab">
         <name>.text</name>
         <load_address>0x1db8</load_address>
         <run_address>0x1db8</run_address>
         <size>0x40</size>
         <input_file_ref idref="fl-d0"/>
      </object_component>
      <object_component id="oc-4a7">
         <name>.text:vQueueWaitForMessageRestricted</name>
         <load_address>0x1df8</load_address>
         <run_address>0x1df8</run_address>
         <size>0x40</size>
         <input_file_ref idref="fl-b"/>
      </object_component>
      <object_component id="oc-342">
         <name>.text:xPortStartScheduler</name>
         <load_address>0x1e38</load_address>
         <run_address>0x1e38</run_address>
         <size>0x40</size>
         <input_file_ref idref="fl-e"/>
      </object_component>
      <object_component id="oc-33c">
         <name>.text:xTimerCreateTimerTask</name>
         <load_address>0x1e78</load_address>
         <run_address>0x1e78</run_address>
         <size>0x40</size>
         <input_file_ref idref="fl-d"/>
      </object_component>
      <object_component id="oc-21d">
         <name>.text:xQueueGenericCreate</name>
         <load_address>0x1eb8</load_address>
         <run_address>0x1eb8</run_address>
         <size>0x3c</size>
         <input_file_ref idref="fl-b"/>
      </object_component>
      <object_component id="oc-323">
         <name>.text:prvAllocateTCBAndStack</name>
         <load_address>0x1ef4</load_address>
         <run_address>0x1ef4</run_address>
         <size>0x3a</size>
         <input_file_ref idref="fl-c"/>
      </object_component>
      <object_component id="oc-2d7">
         <name>.text:vListInsert</name>
         <load_address>0x1f2e</load_address>
         <run_address>0x1f2e</run_address>
         <size>0x38</size>
         <input_file_ref idref="fl-a"/>
      </object_component>
      <object_component id="oc-82">
         <name>.text:_c_int00_noargs:_c_int00_noargs</name>
         <load_address>0x1f68</load_address>
         <run_address>0x1f68</run_address>
         <size>0x34</size>
         <input_file_ref idref="fl-d4"/>
      </object_component>
      <object_component id="oc-3a6">
         <name>.text:prvHeapInit</name>
         <load_address>0x1f9c</load_address>
         <run_address>0x1f9c</run_address>
         <size>0x30</size>
         <input_file_ref idref="fl-10"/>
      </object_component>
      <object_component id="oc-44">
         <name>.text:xPortSysTickHandler</name>
         <load_address>0x1fcc</load_address>
         <run_address>0x1fcc</run_address>
         <size>0x2c</size>
         <input_file_ref idref="fl-e"/>
      </object_component>
      <object_component id="oc-13c">
         <name>.text:prvResetNextTaskUnblockTime</name>
         <load_address>0x1ff8</load_address>
         <run_address>0x1ff8</run_address>
         <size>0x28</size>
         <input_file_ref idref="fl-c"/>
      </object_component>
      <object_component id="oc-49f">
         <name>.text:prvSampleTimeNow</name>
         <load_address>0x2020</load_address>
         <run_address>0x2020</run_address>
         <size>0x28</size>
         <input_file_ref idref="fl-d"/>
      </object_component>
      <object_component id="oc-32f">
         <name>.text:pxPortInitialiseStack</name>
         <load_address>0x2048</load_address>
         <run_address>0x2048</run_address>
         <size>0x28</size>
         <input_file_ref idref="fl-e"/>
      </object_component>
      <object_component id="oc-1bc">
         <name>.text:prvCopyDataFromQueue</name>
         <load_address>0x2070</load_address>
         <run_address>0x2070</run_address>
         <size>0x26</size>
         <input_file_ref idref="fl-b"/>
      </object_component>
      <object_component id="oc-461">
         <name>.text:prvGetNextExpireTime</name>
         <load_address>0x2098</load_address>
         <run_address>0x2098</run_address>
         <size>0x20</size>
         <input_file_ref idref="fl-d"/>
      </object_component>
      <object_component id="oc-142">
         <name>.text:uxListRemove</name>
         <load_address>0x20b8</load_address>
         <run_address>0x20b8</run_address>
         <size>0x20</size>
         <input_file_ref idref="fl-a"/>
      </object_component>
      <object_component id="oc-451">
         <name>.text:vQueueAddToRegistry</name>
         <load_address>0x20d8</load_address>
         <run_address>0x20d8</run_address>
         <size>0x20</size>
         <input_file_ref idref="fl-b"/>
      </object_component>
      <object_component id="oc-4df">
         <name>.text:xTaskGetSchedulerState</name>
         <load_address>0x20f8</load_address>
         <run_address>0x20f8</run_address>
         <size>0x20</size>
         <input_file_ref idref="fl-c"/>
      </object_component>
      <object_component id="oc-4a">
         <name>.text:UART_Transmit_ISR</name>
         <load_address>0x2118</load_address>
         <run_address>0x2118</run_address>
         <size>0x1c</size>
         <input_file_ref idref="fl-9"/>
      </object_component>
      <object_component id="oc-1ce">
         <name>.text:prvIsQueueFull</name>
         <load_address>0x2134</load_address>
         <run_address>0x2134</run_address>
         <size>0x1c</size>
         <input_file_ref idref="fl-b"/>
      </object_component>
      <object_component id="oc-192">
         <name>.text:vPortEnterCritical</name>
         <load_address>0x2150</load_address>
         <run_address>0x2150</run_address>
         <size>0x1c</size>
         <input_file_ref idref="fl-e"/>
      </object_component>
      <object_component id="oc-c0">
         <name>.text:UARTprintf</name>
         <load_address>0x216c</load_address>
         <run_address>0x216c</run_address>
         <size>0x1a</size>
         <input_file_ref idref="fl-11"/>
      </object_component>
      <object_component id="oc-1aa">
         <name>.text:prvIsQueueEmpty</name>
         <load_address>0x2186</load_address>
         <run_address>0x2186</run_address>
         <size>0x1a</size>
         <input_file_ref idref="fl-b"/>
      </object_component>
      <object_component id="oc-1c2">
         <name>.text:pvTaskIncrementMutexHeldCount</name>
         <load_address>0x21a0</load_address>
         <run_address>0x21a0</run_address>
         <size>0x18</size>
         <input_file_ref idref="fl-c"/>
      </object_component>
      <object_component id="oc-148">
         <name>.text:vListInsertEnd</name>
         <load_address>0x21b8</load_address>
         <run_address>0x21b8</run_address>
         <size>0x18</size>
         <input_file_ref idref="fl-a"/>
      </object_component>
      <object_component id="oc-186">
         <name>.text:vPortExitCritical</name>
         <load_address>0x21d0</load_address>
         <run_address>0x21d0</run_address>
         <size>0x18</size>
         <input_file_ref idref="fl-e"/>
      </object_component>
      <object_component id="oc-180">
         <name>.text:vTaskSetTimeOutState</name>
         <load_address>0x21e8</load_address>
         <run_address>0x21e8</run_address>
         <size>0x18</size>
         <input_file_ref idref="fl-c"/>
      </object_component>
      <object_component id="oc-307">
         <name>.text:vListInitialise</name>
         <load_address>0x2200</load_address>
         <run_address>0x2200</run_address>
         <size>0x16</size>
         <input_file_ref idref="fl-a"/>
      </object_component>
      <object_component id="oc-2fa">
         <name>.text:UARTEnable</name>
         <load_address>0x2216</load_address>
         <run_address>0x2216</run_address>
         <size>0x14</size>
         <input_file_ref idref="fl-de"/>
      </object_component>
      <object_component id="oc-3e3">
         <name>.text:prvTimerTask</name>
         <load_address>0x222a</load_address>
         <run_address>0x222a</run_address>
         <size>0x14</size>
         <input_file_ref idref="fl-d"/>
      </object_component>
      <object_component id="oc-3f0">
         <name>.text:vPortSetupTimerInterrupt</name>
         <load_address>0x2240</load_address>
         <run_address>0x2240</run_address>
         <size>0x14</size>
         <input_file_ref idref="fl-e"/>
      </object_component>
      <object_component id="oc-47a">
         <name>.text:prvDeleteTCB</name>
         <load_address>0x2254</load_address>
         <run_address>0x2254</run_address>
         <size>0x12</size>
         <input_file_ref idref="fl-c"/>
      </object_component>
      <object_component id="oc-223">
         <name>.text:IntMasterEnable</name>
         <load_address>0x2266</load_address>
         <run_address>0x2266</run_address>
         <size>0x10</size>
         <input_file_ref idref="fl-dc"/>
      </object_component>
      <object_component id="oc-3cc">
         <name>.text:prvTaskExitError</name>
         <load_address>0x2276</load_address>
         <run_address>0x2276</run_address>
         <size>0x10</size>
         <input_file_ref idref="fl-e"/>
      </object_component>
      <object_component id="oc-18c">
         <name>.text:vTaskSuspendAll</name>
         <load_address>0x2288</load_address>
         <run_address>0x2288</run_address>
         <size>0x10</size>
         <input_file_ref idref="fl-c"/>
      </object_component>
      <object_component id="oc-d8">
         <name>.text:UARTCharsAvail</name>
         <load_address>0x2298</load_address>
         <run_address>0x2298</run_address>
         <size>0xe</size>
         <input_file_ref idref="fl-de"/>
      </object_component>
      <object_component id="oc-1b">
         <name>.text:decompress:none:__TI_decompress_none</name>
         <load_address>0x22a6</load_address>
         <run_address>0x22a6</run_address>
         <size>0xe</size>
         <input_file_ref idref="fl-d2"/>
      </object_component>
      <object_component id="oc-315">
         <name>.text:CPUcpsie</name>
         <load_address>0x22b4</load_address>
         <run_address>0x22b4</run_address>
         <size>0xc</size>
         <input_file_ref idref="fl-df"/>
      </object_component>
      <object_component id="oc-76">
         <name>.text:decompress:ZI:__TI_zero_init</name>
         <load_address>0x22c0</load_address>
         <run_address>0x22c0</run_address>
         <size>0xc</size>
         <input_file_ref idref="fl-d1"/>
      </object_component>
      <object_component id="oc-2cd">
         <name>.text:vTaskMissedYield</name>
         <load_address>0x22cc</load_address>
         <run_address>0x22cc</run_address>
         <size>0xc</size>
         <input_file_ref idref="fl-c"/>
      </object_component>
      <object_component id="oc-4ca">
         <name>.text:xTaskGetTickCount</name>
         <load_address>0x22d8</load_address>
         <run_address>0x22d8</run_address>
         <size>0xc</size>
         <input_file_ref idref="fl-c"/>
      </object_component>
      <object_component id="oc-3fe">
         <name>.text:UARTCharPut</name>
         <load_address>0x22e4</load_address>
         <run_address>0x22e4</run_address>
         <size>0xa</size>
         <input_file_ref idref="fl-de"/>
      </object_component>
      <object_component id="oc-ae">
         <name>.text:UARTIntStatus</name>
         <load_address>0x22ee</load_address>
         <run_address>0x22ee</run_address>
         <size>0xa</size>
         <input_file_ref idref="fl-de"/>
      </object_component>
      <object_component id="oc-235">
         <name>.text:UARTIntEnable</name>
         <load_address>0x22f8</load_address>
         <run_address>0x22f8</run_address>
         <size>0x8</size>
         <input_file_ref idref="fl-de"/>
      </object_component>
      <object_component id="oc-348">
         <name>.text:prvIdleTask</name>
         <load_address>0x2300</load_address>
         <run_address>0x2300</run_address>
         <size>0x8</size>
         <input_file_ref idref="fl-c"/>
      </object_component>
      <object_component id="oc-27">
         <name>.text:ResetISR</name>
         <load_address>0x2308</load_address>
         <run_address>0x2308</run_address>
         <size>0x6</size>
         <input_file_ref idref="fl-4"/>
      </object_component>
      <object_component id="oc-35b">
         <name>.text:SysCtlDelay</name>
         <load_address>0x230e</load_address>
         <run_address>0x230e</run_address>
         <size>0x6</size>
         <input_file_ref idref="fl-dd"/>
      </object_component>
      <object_component id="oc-2ec">
         <name>.text:UARTClockSourceSet</name>
         <load_address>0x2314</load_address>
         <run_address>0x2314</run_address>
         <size>0x6</size>
         <input_file_ref idref="fl-de"/>
      </object_component>
      <object_component id="oc-229">
         <name>.text:UARTFIFOLevelSet</name>
         <load_address>0x231a</load_address>
         <run_address>0x231a</run_address>
         <size>0x6</size>
         <input_file_ref idref="fl-de"/>
      </object_component>
      <object_component id="oc-3c5">
         <name>.text:vListInitialiseItem</name>
         <load_address>0x2320</load_address>
         <run_address>0x2320</run_address>
         <size>0x6</size>
         <input_file_ref idref="fl-a"/>
      </object_component>
      <object_component id="oc-b4">
         <name>.text:UARTIntClear</name>
         <load_address>0x2326</load_address>
         <run_address>0x2326</run_address>
         <size>0x4</size>
         <input_file_ref idref="fl-de"/>
      </object_component>
      <object_component id="oc-10f">
         <name>.text:_system_pre_init</name>
         <load_address>0x232a</load_address>
         <run_address>0x232a</run_address>
         <size>0x4</size>
         <input_file_ref idref="fl-d7"/>
      </object_component>
      <object_component id="oc-24e">
         <name>.text:abort:abort</name>
         <load_address>0x232e</load_address>
         <run_address>0x232e</run_address>
         <size>0x4</size>
         <input_file_ref idref="fl-d9"/>
      </object_component>
      <object_component id="oc-31d">
         <name>.const</name>
         <load_address>0x2334</load_address>
         <run_address>0x2334</run_address>
         <size>0x70</size>
         <input_file_ref idref="fl-dc"/>
      </object_component>
      <object_component id="oc-405">
         <name>.const:g_pui32Xtals</name>
         <load_address>0x23a4</load_address>
         <run_address>0x23a4</run_address>
         <size>0x6c</size>
         <input_file_ref idref="fl-dd"/>
      </object_component>
      <object_component id="oc-3a1">
         <name>.const:g_ui32UARTBase</name>
         <load_address>0x2410</load_address>
         <run_address>0x2410</run_address>
         <size>0xc</size>
         <input_file_ref idref="fl-11"/>
      </object_component>
      <object_component id="oc-39e">
         <name>.const:g_ui32UARTPeriph</name>
         <load_address>0x241c</load_address>
         <run_address>0x241c</run_address>
         <size>0xc</size>
         <input_file_ref idref="fl-11"/>
      </object_component>
      <object_component id="oc-9d">
         <name>.const</name>
         <load_address>0x2428</load_address>
         <run_address>0x2428</run_address>
         <size>0x4</size>
         <input_file_ref idref="fl-e"/>
      </object_component>
      <object_component id="oc-515">
         <name>.cinit..data.load</name>
         <load_address>0x2430</load_address>
         <run_address>0x2430</run_address>
         <size>0x1e</size>
      </object_component>
      <object_component id="oc-513">
         <name>__TI_handler_table</name>
         <load_address>0x2450</load_address>
         <run_address>0x2450</run_address>
         <size>0xc</size>
      </object_component>
      <object_component id="oc-516">
         <name>.cinit..bss.load</name>
         <load_address>0x2460</load_address>
         <run_address>0x2460</run_address>
         <size>0x8</size>
      </object_component>
      <object_component id="oc-514">
         <name>__TI_cinit_table</name>
         <load_address>0x2468</load_address>
         <run_address>0x2468</run_address>
         <size>0x10</size>
      </object_component>
      <object_component id="oc-35f">
         <name>.data</name>
         <load_address>0x200079b0</load_address>
         <run_address>0x200079b0</run_address>
         <size>0xc</size>
         <input_file_ref idref="fl-8"/>
      </object_component>
      <object_component id="oc-e6">
         <name>.data</name>
         <load_address>0x200079d8</load_address>
         <run_address>0x200079d8</run_address>
         <size>0x4</size>
         <input_file_ref idref="fl-9"/>
      </object_component>
      <object_component id="oc-9a">
         <name>.data</name>
         <load_address>0x20007980</load_address>
         <run_address>0x20007980</run_address>
         <size>0x30</size>
         <input_file_ref idref="fl-c"/>
      </object_component>
      <object_component id="oc-3e9">
         <name>.data</name>
         <load_address>0x200079c4</load_address>
         <run_address>0x200079c4</run_address>
         <size>0x8</size>
         <input_file_ref idref="fl-d"/>
      </object_component>
      <object_component id="oc-2c6">
         <name>.data</name>
         <load_address>0x200079d4</load_address>
         <run_address>0x200079d4</run_address>
         <size>0x4</size>
         <input_file_ref idref="fl-e"/>
      </object_component>
      <object_component id="oc-3ac">
         <name>.data</name>
         <load_address>0x200079bc</load_address>
         <run_address>0x200079bc</run_address>
         <size>0x8</size>
         <input_file_ref idref="fl-10"/>
      </object_component>
      <object_component id="oc-386">
         <name>.data</name>
         <load_address>0x200079cc</load_address>
         <run_address>0x200079cc</run_address>
         <size>0x5</size>
         <input_file_ref idref="fl-11"/>
      </object_component>
      <object_component id="oc-138">
         <name>.bss:pxReadyTasksLists</name>
         <uninitialized>true</uninitialized>
         <run_address>0x20007530</run_address>
         <size>0x140</size>
         <input_file_ref idref="fl-c"/>
      </object_component>
      <object_component id="oc-3d3">
         <name>.bss:xDelayedTaskList1</name>
         <uninitialized>true</uninitialized>
         <run_address>0x200076e8</run_address>
         <size>0x14</size>
         <input_file_ref idref="fl-c"/>
      </object_component>
      <object_component id="oc-3d6">
         <name>.bss:xDelayedTaskList2</name>
         <uninitialized>true</uninitialized>
         <run_address>0x200076fc</run_address>
         <size>0x14</size>
         <input_file_ref idref="fl-c"/>
      </object_component>
      <object_component id="oc-14e">
         <name>.bss</name>
         <uninitialized>true</uninitialized>
         <run_address>0x2000774c</run_address>
         <size>0x8</size>
         <input_file_ref idref="fl-c"/>
      </object_component>
      <object_component id="oc-2ba">
         <name>.bss:xPendingReadyList</name>
         <uninitialized>true</uninitialized>
         <run_address>0x20007710</run_address>
         <size>0x14</size>
         <input_file_ref idref="fl-c"/>
      </object_component>
      <object_component id="oc-3d9">
         <name>.bss:xTasksWaitingTermination</name>
         <uninitialized>true</uninitialized>
         <run_address>0x20007738</run_address>
         <size>0x14</size>
         <input_file_ref idref="fl-c"/>
      </object_component>
      <object_component id="oc-2e3">
         <name>.bss:xSuspendedTaskList</name>
         <uninitialized>true</uninitialized>
         <run_address>0x20007724</run_address>
         <size>0x14</size>
         <input_file_ref idref="fl-c"/>
      </object_component>
      <object_component id="oc-457">
         <name>.bss:xActiveTimerList1</name>
         <uninitialized>true</uninitialized>
         <run_address>0x200076c0</run_address>
         <size>0x14</size>
         <input_file_ref idref="fl-d"/>
      </object_component>
      <object_component id="oc-45a">
         <name>.bss:xActiveTimerList2</name>
         <uninitialized>true</uninitialized>
         <run_address>0x200076d4</run_address>
         <size>0x14</size>
         <input_file_ref idref="fl-d"/>
      </object_component>
      <object_component id="oc-45d">
         <name>.bss</name>
         <uninitialized>true</uninitialized>
         <run_address>0x20007754</run_address>
         <size>0x8</size>
         <input_file_ref idref="fl-d"/>
      </object_component>
      <object_component id="oc-437">
         <name>.bss:ucHeap</name>
         <uninitialized>true</uninitialized>
         <run_address>0x20000000</run_address>
         <size>0x7530</size>
         <input_file_ref idref="fl-10"/>
      </object_component>
      <object_component id="oc-3af">
         <name>.bss:xStart</name>
         <uninitialized>true</uninitialized>
         <run_address>0x20007764</run_address>
         <size>0x8</size>
         <input_file_ref idref="fl-10"/>
      </object_component>
      <object_component id="oc-3b2">
         <name>.bss:xEnd</name>
         <uninitialized>true</uninitialized>
         <run_address>0x2000775c</run_address>
         <size>0x8</size>
         <input_file_ref idref="fl-10"/>
      </object_component>
      <object_component id="oc-e5">
         <name>.common:g_pUARTSemaphore</name>
         <uninitialized>true</uninitialized>
         <run_address>0x2000776c</run_address>
         <size>0x4</size>
      </object_component>
      <object_component id="oc-e4">
         <name>.common:xReceiveMsgQueue</name>
         <uninitialized>true</uninitialized>
         <run_address>0x20007774</run_address>
         <size>0x4</size>
      </object_component>
      <object_component id="oc-e1">
         <name>.common:recv_mq</name>
         <uninitialized>true</uninitialized>
         <run_address>0x20007770</run_address>
         <size>0x4</size>
      </object_component>
      <object_component id="oc-35c">
         <name>.common:LED</name>
         <uninitialized>true</uninitialized>
         <run_address>0x20007778</run_address>
         <size>0x2</size>
      </object_component>
      <object_component id="oc-362">
         <name>.common:buzzer</name>
         <uninitialized>true</uninitialized>
         <run_address>0x2000777a</run_address>
         <size>0x2</size>
      </object_component>
      <object_component id="oc-de">
         <name>.common:recv_flag</name>
         <uninitialized>true</uninitialized>
         <run_address>0x2000777c</run_address>
         <size>0x2</size>
      </object_component>
      <object_component id="oc-496">
         <name>.common:xQueueRegistry</name>
         <uninitialized>true</uninitialized>
         <run_address>0x20007670</run_address>
         <size>0x50</size>
      </object_component>
      <object_component id="oc-24">
         <name>.stack</name>
         <uninitialized>true</uninitialized>
         <run_address>0x20007780</run_address>
         <size>0x4</size>
         <input_file_ref idref="fl-d4"/>
      </object_component>
      <object_component id="oc-518">
         <name>.stack</name>
         <uninitialized>true</uninitialized>
         <run_address>0x20007780</run_address>
         <size>0x0</size>
      </object_component>
      <object_component id="oc-1f3">
         <name>.debug_info</name>
         <load_address>0x0</load_address>
         <run_address>0x0</run_address>
         <size>0x600</size>
         <input_file_ref idref="fl-2"/>
      </object_component>
      <object_component id="oc-1c9">
         <name>.debug_info</name>
         <load_address>0x600</load_address>
         <run_address>0x600</run_address>
         <size>0x2ef</size>
         <input_file_ref idref="fl-2"/>
      </object_component>
      <object_component id="oc-ef">
         <name>.debug_info</name>
         <load_address>0x8ef</load_address>
         <run_address>0x8ef</run_address>
         <size>0x26b</size>
         <input_file_ref idref="fl-2"/>
      </object_component>
      <object_component id="oc-5f">
         <name>.debug_info</name>
         <load_address>0xb5a</load_address>
         <run_address>0xb5a</run_address>
         <size>0x84</size>
         <input_file_ref idref="fl-2"/>
      </object_component>
      <object_component id="oc-179">
         <name>.debug_info</name>
         <load_address>0xbde</load_address>
         <run_address>0xbde</run_address>
         <size>0x46</size>
         <input_file_ref idref="fl-2"/>
      </object_component>
      <object_component id="oc-1e7">
         <name>.debug_info</name>
         <load_address>0xc24</load_address>
         <run_address>0xc24</run_address>
         <size>0x2c</size>
         <input_file_ref idref="fl-2"/>
      </object_component>
      <object_component id="oc-1ee">
         <name>.debug_info</name>
         <load_address>0xc50</load_address>
         <run_address>0xc50</run_address>
         <size>0x2c</size>
         <input_file_ref idref="fl-2"/>
      </object_component>
      <object_component id="oc-15a">
         <name>.debug_info</name>
         <load_address>0xc7c</load_address>
         <run_address>0xc7c</run_address>
         <size>0x2a4</size>
         <input_file_ref idref="fl-2"/>
      </object_component>
      <object_component id="oc-bb">
         <name>.debug_info</name>
         <load_address>0xf20</load_address>
         <run_address>0xf20</run_address>
         <size>0xbb</size>
         <input_file_ref idref="fl-2"/>
      </object_component>
      <object_component id="oc-12a">
         <name>.debug_info</name>
         <load_address>0xfdb</load_address>
         <run_address>0xfdb</run_address>
         <size>0x53</size>
         <input_file_ref idref="fl-2"/>
      </object_component>
      <object_component id="oc-167">
         <name>.debug_info</name>
         <load_address>0x102e</load_address>
         <run_address>0x102e</run_address>
         <size>0x2c</size>
         <input_file_ref idref="fl-2"/>
      </object_component>
      <object_component id="oc-1dd">
         <name>.debug_info</name>
         <load_address>0x105a</load_address>
         <run_address>0x105a</run_address>
         <size>0x14c</size>
         <input_file_ref idref="fl-2"/>
      </object_component>
      <object_component id="oc-e2">
         <name>.debug_info</name>
         <load_address>0x11a6</load_address>
         <run_address>0x11a6</run_address>
         <size>0x7d2</size>
         <input_file_ref idref="fl-3"/>
      </object_component>
      <object_component id="oc-133">
         <name>.debug_info</name>
         <load_address>0x1978</load_address>
         <run_address>0x1978</run_address>
         <size>0x159</size>
         <input_file_ref idref="fl-3"/>
      </object_component>
      <object_component id="oc-116">
         <name>.debug_info</name>
         <load_address>0x1ad1</load_address>
         <run_address>0x1ad1</run_address>
         <size>0x247</size>
         <input_file_ref idref="fl-3"/>
      </object_component>
      <object_component id="oc-e8">
         <name>.debug_info</name>
         <load_address>0x1d18</load_address>
         <run_address>0x1d18</run_address>
         <size>0x8b</size>
         <input_file_ref idref="fl-3"/>
      </object_component>
      <object_component id="oc-1d8">
         <name>.debug_info</name>
         <load_address>0x1da3</load_address>
         <run_address>0x1da3</run_address>
         <size>0x46</size>
         <input_file_ref idref="fl-3"/>
      </object_component>
      <object_component id="oc-1fc">
         <name>.debug_info</name>
         <load_address>0x1de9</load_address>
         <run_address>0x1de9</run_address>
         <size>0x2c</size>
         <input_file_ref idref="fl-3"/>
      </object_component>
      <object_component id="oc-1e2">
         <name>.debug_info</name>
         <load_address>0x1e15</load_address>
         <run_address>0x1e15</run_address>
         <size>0x8b</size>
         <input_file_ref idref="fl-3"/>
      </object_component>
      <object_component id="oc-58">
         <name>.debug_info</name>
         <load_address>0x1ea0</load_address>
         <run_address>0x1ea0</run_address>
         <size>0x37b</size>
         <input_file_ref idref="fl-4"/>
      </object_component>
      <object_component id="oc-13">
         <name>.debug_info</name>
         <load_address>0x221b</load_address>
         <run_address>0x221b</run_address>
         <size>0xe8</size>
         <input_file_ref idref="fl-4"/>
      </object_component>
      <object_component id="oc-29">
         <name>.debug_info</name>
         <load_address>0x2303</load_address>
         <run_address>0x2303</run_address>
         <size>0x118</size>
         <input_file_ref idref="fl-4"/>
      </object_component>
      <object_component id="oc-30">
         <name>.debug_info</name>
         <load_address>0x241b</load_address>
         <run_address>0x241b</run_address>
         <size>0x109</size>
         <input_file_ref idref="fl-4"/>
      </object_component>
      <object_component id="oc-3b">
         <name>.debug_info</name>
         <load_address>0x2524</load_address>
         <run_address>0x2524</run_address>
         <size>0x121</size>
         <input_file_ref idref="fl-4"/>
      </object_component>
      <object_component id="oc-35">
         <name>.debug_info</name>
         <load_address>0x2645</load_address>
         <run_address>0x2645</run_address>
         <size>0x10f</size>
         <input_file_ref idref="fl-4"/>
      </object_component>
      <object_component id="oc-35d">
         <name>.debug_info</name>
         <load_address>0x2754</load_address>
         <run_address>0x2754</run_address>
         <size>0x486</size>
         <input_file_ref idref="fl-8"/>
      </object_component>
      <object_component id="oc-360">
         <name>.debug_info</name>
         <load_address>0x2bda</load_address>
         <run_address>0x2bda</run_address>
         <size>0x13a</size>
         <input_file_ref idref="fl-8"/>
      </object_component>
      <object_component id="oc-248">
         <name>.debug_info</name>
         <load_address>0x2d14</load_address>
         <run_address>0x2d14</run_address>
         <size>0x23d</size>
         <input_file_ref idref="fl-8"/>
      </object_component>
      <object_component id="oc-df">
         <name>.debug_info</name>
         <load_address>0x2f51</load_address>
         <run_address>0x2f51</run_address>
         <size>0x64d</size>
         <input_file_ref idref="fl-9"/>
      </object_component>
      <object_component id="oc-351">
         <name>.debug_info</name>
         <load_address>0x359e</load_address>
         <run_address>0x359e</run_address>
         <size>0x1b3</size>
         <input_file_ref idref="fl-9"/>
      </object_component>
      <object_component id="oc-4b">
         <name>.debug_info</name>
         <load_address>0x3751</load_address>
         <run_address>0x3751</run_address>
         <size>0x192</size>
         <input_file_ref idref="fl-9"/>
      </object_component>
      <object_component id="oc-52">
         <name>.debug_info</name>
         <load_address>0x38e3</load_address>
         <run_address>0x38e3</run_address>
         <size>0x298</size>
         <input_file_ref idref="fl-9"/>
      </object_component>
      <object_component id="oc-20c">
         <name>.debug_info</name>
         <load_address>0x3b7b</load_address>
         <run_address>0x3b7b</run_address>
         <size>0x175</size>
         <input_file_ref idref="fl-9"/>
      </object_component>
      <object_component id="oc-213">
         <name>.debug_info</name>
         <load_address>0x3cf0</load_address>
         <run_address>0x3cf0</run_address>
         <size>0x186</size>
         <input_file_ref idref="fl-9"/>
      </object_component>
      <object_component id="oc-206">
         <name>.debug_info</name>
         <load_address>0x3e76</load_address>
         <run_address>0x3e76</run_address>
         <size>0x186</size>
         <input_file_ref idref="fl-9"/>
      </object_component>
      <object_component id="oc-29f">
         <name>.debug_info</name>
         <load_address>0x3ffc</load_address>
         <run_address>0x3ffc</run_address>
         <size>0x306</size>
         <input_file_ref idref="fl-a"/>
      </object_component>
      <object_component id="oc-149">
         <name>.debug_info</name>
         <load_address>0x4302</load_address>
         <run_address>0x4302</run_address>
         <size>0x247</size>
         <input_file_ref idref="fl-a"/>
      </object_component>
      <object_component id="oc-2d8">
         <name>.debug_info</name>
         <load_address>0x4549</load_address>
         <run_address>0x4549</run_address>
         <size>0x272</size>
         <input_file_ref idref="fl-a"/>
      </object_component>
      <object_component id="oc-3c6">
         <name>.debug_info</name>
         <load_address>0x47bb</load_address>
         <run_address>0x47bb</run_address>
         <size>0x1f4</size>
         <input_file_ref idref="fl-a"/>
      </object_component>
      <object_component id="oc-309">
         <name>.debug_info</name>
         <load_address>0x49af</load_address>
         <run_address>0x49af</run_address>
         <size>0x1ec</size>
         <input_file_ref idref="fl-a"/>
      </object_component>
      <object_component id="oc-144">
         <name>.debug_info</name>
         <load_address>0x4b9b</load_address>
         <run_address>0x4b9b</run_address>
         <size>0x21f</size>
         <input_file_ref idref="fl-a"/>
      </object_component>
      <object_component id="oc-28e">
         <name>.debug_info</name>
         <load_address>0x4dba</load_address>
         <run_address>0x4dba</run_address>
         <size>0x110</size>
         <input_file_ref idref="fl-a"/>
      </object_component>
      <object_component id="oc-17e">
         <name>.debug_info</name>
         <load_address>0x4eca</load_address>
         <run_address>0x4eca</run_address>
         <size>0x7f2</size>
         <input_file_ref idref="fl-b"/>
      </object_component>
      <object_component id="oc-1a0">
         <name>.debug_info</name>
         <load_address>0x56bc</load_address>
         <run_address>0x56bc</run_address>
         <size>0x2c1</size>
         <input_file_ref idref="fl-b"/>
      </object_component>
      <object_component id="oc-1ac">
         <name>.debug_info</name>
         <load_address>0x597d</load_address>
         <run_address>0x597d</run_address>
         <size>0x241</size>
         <input_file_ref idref="fl-b"/>
      </object_component>
      <object_component id="oc-1be">
         <name>.debug_info</name>
         <load_address>0x5bbe</load_address>
         <run_address>0x5bbe</run_address>
         <size>0x23e</size>
         <input_file_ref idref="fl-b"/>
      </object_component>
      <object_component id="oc-ce">
         <name>.debug_info</name>
         <load_address>0x5dfc</load_address>
         <run_address>0x5dfc</run_address>
         <size>0x56a</size>
         <input_file_ref idref="fl-b"/>
      </object_component>
      <object_component id="oc-1d0">
         <name>.debug_info</name>
         <load_address>0x6366</load_address>
         <run_address>0x6366</run_address>
         <size>0x23f</size>
         <input_file_ref idref="fl-b"/>
      </object_component>
      <object_component id="oc-16e">
         <name>.debug_info</name>
         <load_address>0x65a5</load_address>
         <run_address>0x65a5</run_address>
         <size>0x2a7</size>
         <input_file_ref idref="fl-b"/>
      </object_component>
      <object_component id="oc-d4">
         <name>.debug_info</name>
         <load_address>0x684c</load_address>
         <run_address>0x684c</run_address>
         <size>0x4da</size>
         <input_file_ref idref="fl-b"/>
      </object_component>
      <object_component id="oc-c9">
         <name>.debug_info</name>
         <load_address>0x6d26</load_address>
         <run_address>0x6d26</run_address>
         <size>0x36d</size>
         <input_file_ref idref="fl-b"/>
      </object_component>
      <object_component id="oc-311">
         <name>.debug_info</name>
         <load_address>0x7093</load_address>
         <run_address>0x7093</run_address>
         <size>0x2c5</size>
         <input_file_ref idref="fl-b"/>
      </object_component>
      <object_component id="oc-21f">
         <name>.debug_info</name>
         <load_address>0x7358</load_address>
         <run_address>0x7358</run_address>
         <size>0x323</size>
         <input_file_ref idref="fl-b"/>
      </object_component>
      <object_component id="oc-21a">
         <name>.debug_info</name>
         <load_address>0x767b</load_address>
         <run_address>0x767b</run_address>
         <size>0x282</size>
         <input_file_ref idref="fl-b"/>
      </object_component>
      <object_component id="oc-4aa">
         <name>.debug_info</name>
         <load_address>0x78fd</load_address>
         <run_address>0x78fd</run_address>
         <size>0x316</size>
         <input_file_ref idref="fl-b"/>
      </object_component>
      <object_component id="oc-453">
         <name>.debug_info</name>
         <load_address>0x7c13</load_address>
         <run_address>0x7c13</run_address>
         <size>0x23e</size>
         <input_file_ref idref="fl-b"/>
      </object_component>
      <object_component id="oc-2c0">
         <name>.debug_info</name>
         <load_address>0x7e51</load_address>
         <run_address>0x7e51</run_address>
         <size>0x1cd</size>
         <input_file_ref idref="fl-b"/>
      </object_component>
      <object_component id="oc-129">
         <name>.debug_info</name>
         <load_address>0x801e</load_address>
         <run_address>0x801e</run_address>
         <size>0x7b5</size>
         <input_file_ref idref="fl-c"/>
      </object_component>
      <object_component id="oc-9b">
         <name>.debug_info</name>
         <load_address>0x87d3</load_address>
         <run_address>0x87d3</run_address>
         <size>0x32a</size>
         <input_file_ref idref="fl-c"/>
      </object_component>
      <object_component id="oc-139">
         <name>.debug_info</name>
         <load_address>0x8afd</load_address>
         <run_address>0x8afd</run_address>
         <size>0x126</size>
         <input_file_ref idref="fl-c"/>
      </object_component>
      <object_component id="oc-3d4">
         <name>.debug_info</name>
         <load_address>0x8c23</load_address>
         <run_address>0x8c23</run_address>
         <size>0x126</size>
         <input_file_ref idref="fl-c"/>
      </object_component>
      <object_component id="oc-3d7">
         <name>.debug_info</name>
         <load_address>0x8d49</load_address>
         <run_address>0x8d49</run_address>
         <size>0x126</size>
         <input_file_ref idref="fl-c"/>
      </object_component>
      <object_component id="oc-14f">
         <name>.debug_info</name>
         <load_address>0x8e6f</load_address>
         <run_address>0x8e6f</run_address>
         <size>0x168</size>
         <input_file_ref idref="fl-c"/>
      </object_component>
      <object_component id="oc-2bb">
         <name>.debug_info</name>
         <load_address>0x8fd7</load_address>
         <run_address>0x8fd7</run_address>
         <size>0x126</size>
         <input_file_ref idref="fl-c"/>
      </object_component>
      <object_component id="oc-3da">
         <name>.debug_info</name>
         <load_address>0x90fd</load_address>
         <run_address>0x90fd</run_address>
         <size>0x134</size>
         <input_file_ref idref="fl-c"/>
      </object_component>
      <object_component id="oc-2e4">
         <name>.debug_info</name>
         <load_address>0x9231</load_address>
         <run_address>0x9231</run_address>
         <size>0x128</size>
         <input_file_ref idref="fl-c"/>
      </object_component>
      <object_component id="oc-13e">
         <name>.debug_info</name>
         <load_address>0x9359</load_address>
         <run_address>0x9359</run_address>
         <size>0x1f2</size>
         <input_file_ref idref="fl-c"/>
      </object_component>
      <object_component id="oc-a9">
         <name>.debug_info</name>
         <load_address>0x954b</load_address>
         <run_address>0x954b</run_address>
         <size>0x2c2</size>
         <input_file_ref idref="fl-c"/>
      </object_component>
      <object_component id="oc-1a6">
         <name>.debug_info</name>
         <load_address>0x980d</load_address>
         <run_address>0x980d</run_address>
         <size>0x28a</size>
         <input_file_ref idref="fl-c"/>
      </object_component>
      <object_component id="oc-174">
         <name>.debug_info</name>
         <load_address>0x9a97</load_address>
         <run_address>0x9a97</run_address>
         <size>0x293</size>
         <input_file_ref idref="fl-c"/>
      </object_component>
      <object_component id="oc-2b5">
         <name>.debug_info</name>
         <load_address>0x9d2a</load_address>
         <run_address>0x9d2a</run_address>
         <size>0x274</size>
         <input_file_ref idref="fl-c"/>
      </object_component>
      <object_component id="oc-2df">
         <name>.debug_info</name>
         <load_address>0x9f9e</load_address>
         <run_address>0x9f9e</run_address>
         <size>0x24d</size>
         <input_file_ref idref="fl-c"/>
      </object_component>
      <object_component id="oc-4cc">
         <name>.debug_info</name>
         <load_address>0xa1eb</load_address>
         <run_address>0xa1eb</run_address>
         <size>0x1e5</size>
         <input_file_ref idref="fl-c"/>
      </object_component>
      <object_component id="oc-4e1">
         <name>.debug_info</name>
         <load_address>0xa3d0</load_address>
         <run_address>0xa3d0</run_address>
         <size>0x1f7</size>
         <input_file_ref idref="fl-c"/>
      </object_component>
      <object_component id="oc-325">
         <name>.debug_info</name>
         <load_address>0xa5c7</load_address>
         <run_address>0xa5c7</run_address>
         <size>0x2d8</size>
         <input_file_ref idref="fl-c"/>
      </object_component>
      <object_component id="oc-32b">
         <name>.debug_info</name>
         <load_address>0xa89f</load_address>
         <run_address>0xa89f</run_address>
         <size>0x2d4</size>
         <input_file_ref idref="fl-c"/>
      </object_component>
      <object_component id="oc-337">
         <name>.debug_info</name>
         <load_address>0xab73</load_address>
         <run_address>0xab73</run_address>
         <size>0x259</size>
         <input_file_ref idref="fl-c"/>
      </object_component>
      <object_component id="oc-23d">
         <name>.debug_info</name>
         <load_address>0xadcc</load_address>
         <run_address>0xadcc</run_address>
         <size>0x48f</size>
         <input_file_ref idref="fl-c"/>
      </object_component>
      <object_component id="oc-182">
         <name>.debug_info</name>
         <load_address>0xb25b</load_address>
         <run_address>0xb25b</run_address>
         <size>0x208</size>
         <input_file_ref idref="fl-c"/>
      </object_component>
      <object_component id="oc-19a">
         <name>.debug_info</name>
         <load_address>0xb463</load_address>
         <run_address>0xb463</run_address>
         <size>0x2dc</size>
         <input_file_ref idref="fl-c"/>
      </object_component>
      <object_component id="oc-a2">
         <name>.debug_info</name>
         <load_address>0xb73f</load_address>
         <run_address>0xb73f</run_address>
         <size>0x253</size>
         <input_file_ref idref="fl-c"/>
      </object_component>
      <object_component id="oc-18e">
         <name>.debug_info</name>
         <load_address>0xb992</load_address>
         <run_address>0xb992</run_address>
         <size>0x1c8</size>
         <input_file_ref idref="fl-c"/>
      </object_component>
      <object_component id="oc-243">
         <name>.debug_info</name>
         <load_address>0xbb5a</load_address>
         <run_address>0xbb5a</run_address>
         <size>0x21f</size>
         <input_file_ref idref="fl-c"/>
      </object_component>
      <object_component id="oc-1b2">
         <name>.debug_info</name>
         <load_address>0xbd79</load_address>
         <run_address>0xbd79</run_address>
         <size>0x259</size>
         <input_file_ref idref="fl-c"/>
      </object_component>
      <object_component id="oc-4d9">
         <name>.debug_info</name>
         <load_address>0xbfd2</load_address>
         <run_address>0xbfd2</run_address>
         <size>0x326</size>
         <input_file_ref idref="fl-c"/>
      </object_component>
      <object_component id="oc-1b8">
         <name>.debug_info</name>
         <load_address>0xc2f8</load_address>
         <run_address>0xc2f8</run_address>
         <size>0x2b9</size>
         <input_file_ref idref="fl-c"/>
      </object_component>
      <object_component id="oc-2cf">
         <name>.debug_info</name>
         <load_address>0xc5b1</load_address>
         <run_address>0xc5b1</run_address>
         <size>0x1ca</size>
         <input_file_ref idref="fl-c"/>
      </object_component>
      <object_component id="oc-1c4">
         <name>.debug_info</name>
         <load_address>0xc77b</load_address>
         <run_address>0xc77b</run_address>
         <size>0x1e8</size>
         <input_file_ref idref="fl-c"/>
      </object_component>
      <object_component id="oc-47c">
         <name>.debug_info</name>
         <load_address>0xc963</load_address>
         <run_address>0xc963</run_address>
         <size>0x207</size>
         <input_file_ref idref="fl-c"/>
      </object_component>
      <object_component id="oc-3f9">
         <name>.debug_info</name>
         <load_address>0xcb6a</load_address>
         <run_address>0xcb6a</run_address>
         <size>0x29d</size>
         <input_file_ref idref="fl-c"/>
      </object_component>
      <object_component id="oc-34a">
         <name>.debug_info</name>
         <load_address>0xce07</load_address>
         <run_address>0xce07</run_address>
         <size>0x200</size>
         <input_file_ref idref="fl-c"/>
      </object_component>
      <object_component id="oc-293">
         <name>.debug_info</name>
         <load_address>0xd007</load_address>
         <run_address>0xd007</run_address>
         <size>0x169</size>
         <input_file_ref idref="fl-c"/>
      </object_component>
      <object_component id="oc-474">
         <name>.debug_info</name>
         <load_address>0xd170</load_address>
         <run_address>0xd170</run_address>
         <size>0x7f4</size>
         <input_file_ref idref="fl-d"/>
      </object_component>
      <object_component id="oc-458">
         <name>.debug_info</name>
         <load_address>0xd964</load_address>
         <run_address>0xd964</run_address>
         <size>0x108</size>
         <input_file_ref idref="fl-d"/>
      </object_component>
      <object_component id="oc-45b">
         <name>.debug_info</name>
         <load_address>0xda6c</load_address>
         <run_address>0xda6c</run_address>
         <size>0x108</size>
         <input_file_ref idref="fl-d"/>
      </object_component>
      <object_component id="oc-45e">
         <name>.debug_info</name>
         <load_address>0xdb74</load_address>
         <run_address>0xdb74</run_address>
         <size>0x140</size>
         <input_file_ref idref="fl-d"/>
      </object_component>
      <object_component id="oc-3ed">
         <name>.debug_info</name>
         <load_address>0xdcb4</load_address>
         <run_address>0xdcb4</run_address>
         <size>0xfc</size>
         <input_file_ref idref="fl-d"/>
      </object_component>
      <object_component id="oc-4b6">
         <name>.debug_info</name>
         <load_address>0xddb0</load_address>
         <run_address>0xddb0</run_address>
         <size>0x353</size>
         <input_file_ref idref="fl-d"/>
      </object_component>
      <object_component id="oc-3de">
         <name>.debug_info</name>
         <load_address>0xe103</load_address>
         <run_address>0xe103</run_address>
         <size>0x218</size>
         <input_file_ref idref="fl-d"/>
      </object_component>
      <object_component id="oc-33e">
         <name>.debug_info</name>
         <load_address>0xe31b</load_address>
         <run_address>0xe31b</run_address>
         <size>0x1cf</size>
         <input_file_ref idref="fl-d"/>
      </object_component>
      <object_component id="oc-462">
         <name>.debug_info</name>
         <load_address>0xe4ea</load_address>
         <run_address>0xe4ea</run_address>
         <size>0x1ec</size>
         <input_file_ref idref="fl-d"/>
      </object_component>
      <object_component id="oc-4d1">
         <name>.debug_info</name>
         <load_address>0xe6d6</load_address>
         <run_address>0xe6d6</run_address>
         <size>0x22e</size>
         <input_file_ref idref="fl-d"/>
      </object_component>
      <object_component id="oc-3ea">
         <name>.debug_info</name>
         <load_address>0xe904</load_address>
         <run_address>0xe904</run_address>
         <size>0x251</size>
         <input_file_ref idref="fl-d"/>
      </object_component>
      <object_component id="oc-4b0">
         <name>.debug_info</name>
         <load_address>0xeb55</load_address>
         <run_address>0xeb55</run_address>
         <size>0x2b2</size>
         <input_file_ref idref="fl-d"/>
      </object_component>
      <object_component id="oc-4a3">
         <name>.debug_info</name>
         <load_address>0xee07</load_address>
         <run_address>0xee07</run_address>
         <size>0x268</size>
         <input_file_ref idref="fl-d"/>
      </object_component>
      <object_component id="oc-468">
         <name>.debug_info</name>
         <load_address>0xf06f</load_address>
         <run_address>0xf06f</run_address>
         <size>0x322</size>
         <input_file_ref idref="fl-d"/>
      </object_component>
      <object_component id="oc-46f">
         <name>.debug_info</name>
         <load_address>0xf391</load_address>
         <run_address>0xf391</run_address>
         <size>0x2be</size>
         <input_file_ref idref="fl-d"/>
      </object_component>
      <object_component id="oc-3e5">
         <name>.debug_info</name>
         <load_address>0xf64f</load_address>
         <run_address>0xf64f</run_address>
         <size>0x203</size>
         <input_file_ref idref="fl-d"/>
      </object_component>
      <object_component id="oc-4bb">
         <name>.debug_info</name>
         <load_address>0xf852</load_address>
         <run_address>0xf852</run_address>
         <size>0x1ce</size>
         <input_file_ref idref="fl-d"/>
      </object_component>
      <object_component id="oc-131">
         <name>.debug_info</name>
         <load_address>0xfa20</load_address>
         <run_address>0xfa20</run_address>
         <size>0x3e6</size>
         <input_file_ref idref="fl-e"/>
      </object_component>
      <object_component id="oc-9e">
         <name>.debug_info</name>
         <load_address>0xfe06</load_address>
         <run_address>0xfe06</run_address>
         <size>0x154</size>
         <input_file_ref idref="fl-e"/>
      </object_component>
      <object_component id="oc-2c7">
         <name>.debug_info</name>
         <load_address>0xff5a</load_address>
         <run_address>0xff5a</run_address>
         <size>0x13b</size>
         <input_file_ref idref="fl-e"/>
      </object_component>
      <object_component id="oc-46">
         <name>.debug_info</name>
         <load_address>0x10095</load_address>
         <run_address>0x10095</run_address>
         <size>0x228</size>
         <input_file_ref idref="fl-e"/>
      </object_component>
      <object_component id="oc-3f2">
         <name>.debug_info</name>
         <load_address>0x102bd</load_address>
         <run_address>0x102bd</run_address>
         <size>0x219</size>
         <input_file_ref idref="fl-e"/>
      </object_component>
      <object_component id="oc-344">
         <name>.debug_info</name>
         <load_address>0x104d6</load_address>
         <run_address>0x104d6</run_address>
         <size>0x261</size>
         <input_file_ref idref="fl-e"/>
      </object_component>
      <object_component id="oc-188">
         <name>.debug_info</name>
         <load_address>0x10737</load_address>
         <run_address>0x10737</run_address>
         <size>0x20b</size>
         <input_file_ref idref="fl-e"/>
      </object_component>
      <object_component id="oc-193">
         <name>.debug_info</name>
         <load_address>0x10942</load_address>
         <run_address>0x10942</run_address>
         <size>0x20d</size>
         <input_file_ref idref="fl-e"/>
      </object_component>
      <object_component id="oc-330">
         <name>.debug_info</name>
         <load_address>0x10b4f</load_address>
         <run_address>0x10b4f</run_address>
         <size>0x2c2</size>
         <input_file_ref idref="fl-e"/>
      </object_component>
      <object_component id="oc-3cd">
         <name>.debug_info</name>
         <load_address>0x10e11</load_address>
         <run_address>0x10e11</run_address>
         <size>0x1fb</size>
         <input_file_ref idref="fl-e"/>
      </object_component>
      <object_component id="oc-42">
         <name>.debug_info</name>
         <load_address>0x1100c</load_address>
         <run_address>0x1100c</run_address>
         <size>0x289</size>
         <input_file_ref idref="fl-f"/>
      </object_component>
      <object_component id="oc-3b6">
         <name>.debug_info</name>
         <load_address>0x11295</load_address>
         <run_address>0x11295</run_address>
         <size>0x3af</size>
         <input_file_ref idref="fl-10"/>
      </object_component>
      <object_component id="oc-438">
         <name>.debug_info</name>
         <load_address>0x11644</load_address>
         <run_address>0x11644</run_address>
         <size>0x122</size>
         <input_file_ref idref="fl-10"/>
      </object_component>
      <object_component id="oc-3b0">
         <name>.debug_info</name>
         <load_address>0x11766</load_address>
         <run_address>0x11766</run_address>
         <size>0x122</size>
         <input_file_ref idref="fl-10"/>
      </object_component>
      <object_component id="oc-3b3">
         <name>.debug_info</name>
         <load_address>0x11888</load_address>
         <run_address>0x11888</run_address>
         <size>0x11e</size>
         <input_file_ref idref="fl-10"/>
      </object_component>
      <object_component id="oc-3ad">
         <name>.debug_info</name>
         <load_address>0x119a6</load_address>
         <run_address>0x119a6</run_address>
         <size>0x13c</size>
         <input_file_ref idref="fl-10"/>
      </object_component>
      <object_component id="oc-3bf">
         <name>.debug_info</name>
         <load_address>0x11ae2</load_address>
         <run_address>0x11ae2</run_address>
         <size>0x284</size>
         <input_file_ref idref="fl-10"/>
      </object_component>
      <object_component id="oc-3a7">
         <name>.debug_info</name>
         <load_address>0x11d66</load_address>
         <run_address>0x11d66</run_address>
         <size>0x1f5</size>
         <input_file_ref idref="fl-10"/>
      </object_component>
      <object_component id="oc-303">
         <name>.debug_info</name>
         <load_address>0x11f5b</load_address>
         <run_address>0x11f5b</run_address>
         <size>0x367</size>
         <input_file_ref idref="fl-10"/>
      </object_component>
      <object_component id="oc-43f">
         <name>.debug_info</name>
         <load_address>0x122c2</load_address>
         <run_address>0x122c2</run_address>
         <size>0x62</size>
         <input_file_ref idref="fl-10"/>
      </object_component>
      <object_component id="oc-166">
         <name>.debug_info</name>
         <load_address>0x12324</load_address>
         <run_address>0x12324</run_address>
         <size>0x2c5</size>
         <input_file_ref idref="fl-11"/>
      </object_component>
      <object_component id="oc-387">
         <name>.debug_info</name>
         <load_address>0x125e9</load_address>
         <run_address>0x125e9</run_address>
         <size>0x106</size>
         <input_file_ref idref="fl-11"/>
      </object_component>
      <object_component id="oc-3a2">
         <name>.debug_info</name>
         <load_address>0x126ef</load_address>
         <run_address>0x126ef</run_address>
         <size>0x10e</size>
         <input_file_ref idref="fl-11"/>
      </object_component>
      <object_component id="oc-39f">
         <name>.debug_info</name>
         <load_address>0x127fd</load_address>
         <run_address>0x127fd</run_address>
         <size>0x112</size>
         <input_file_ref idref="fl-11"/>
      </object_component>
      <object_component id="oc-2a7">
         <name>.debug_info</name>
         <load_address>0x1290f</load_address>
         <run_address>0x1290f</run_address>
         <size>0x1fd</size>
         <input_file_ref idref="fl-11"/>
[...]
         </cprec>
         <cprec>
            <name>.bss</name>
            <load_address>0x2460</load_address>
            <load_size>0x8</load_size>
            <run_address>0x20000000</run_address>
            <run_size>0x777e</run_size>
            <compression>zero_init</compression>
         </cprec>
      </cptbl>
   </cptbl_list>
   <handler_table>
      <handler_table_name>__TI_handler_table</handler_table_name>
      <handler>
         <index>0x0</index>
         <name>__TI_decompress_lzss</name>
      </handler>
      <handler>
         <index>0x1</index>
         <name>__TI_decompress_none</name>
      </handler>
      <handler>
         <index>0x2</index>
         <name>__TI_zero_init</name>
      </handler>
   </handler_table>
   <symbol_table>
      <symbol id="sm-1">
         <name>__STACK_TOP</name>
         <value>0x20007980</value>
      </symbol>
      <symbol id="sm-2">
         <name>__start___llvm_prf_cnts</name>
         <value>0x20000000</value>
      </symbol>
      <symbol id="sm-3">
         <name>__stop___llvm_prf_cnts</name>
         <value>0x20000000</value>
      </symbol>
      <symbol id="sm-4">
         <name>__TI_CINIT_Base</name>
         <value>0x2468</value>
      </symbol>
      <symbol id="sm-5">
         <name>__TI_CINIT_Limit</name>
         <value>0x2478</value>
      </symbol>
      <symbol id="sm-6">
         <name>__TI_Handler_Table_Base</name>
         <value>0x2450</value>
      </symbol>
      <symbol id="sm-7">
         <name>__TI_Handler_Table_Limit</name>
         <value>0x245c</value>
      </symbol>
      <symbol id="sm-8">
         <name>binit</name>
         <value>0xffffffff</value>
      </symbol>
      <symbol id="sm-9">
         <name>__binit__</name>
         <value>0xffffffff</value>
      </symbol>
      <symbol id="sm-a">
         <name>__STACK_SIZE</name>
         <value>0x200</value>
      </symbol>
      <symbol id="sm-b">
         <name>__STACK_END</name>
         <value>0x20007980</value>
      </symbol>
      <symbol id="sm-c">
         <name>__c_args__</name>
         <value>0xffffffff</value>
      </symbol>
      <symbol id="sm-d">
         <name>__TI_pprof_out_hndl</name>
         <value>0xffffffff</value>
      </symbol>
      <symbol id="sm-e">
         <name>__TI_prof_data_start</name>
         <value>0xffffffff</value>
      </symbol>
      <symbol id="sm-f">
         <name>__TI_prof_data_size</name>
         <value>0xffffffff</value>
      </symbol>
      <symbol id="sm-9c">
         <name>g_pUARTSemaphore</name>
         <value>0x2000776c</value>
      </symbol>
      <symbol id="sm-9d">
         <name>xReceiveMsgQueue</name>
         <value>0x20007774</value>
      </symbol>
      <symbol id="sm-9e">
         <name>recv_mq</name>
         <value>0x20007770</value>
      </symbol>
      <symbol id="sm-9f">
         <name>vApplicationStackOverflowHook</name>
         <value>0x1857</value>
         <object_component_ref idref="oc-132"/>
      </symbol>
      <symbol id="sm-a0">
         <name>main</name>
         <value>0x909</value>
         <object_component_ref idref="oc-115"/>
      </symbol>
      <symbol id="sm-d1">
         <name>ResetISR</name>
         <value>0x2309</value>
         <object_component_ref idref="oc-27"/>
      </symbol>
      <symbol id="sm-d2">
         <name>g_pfnVectors</name>
         <value>0x0</value>
         <object_component_ref idref="oc-12"/>
      </symbol>
      <symbol id="sm-fe">
         <name>LED</name>
         <value>0x20007778</value>
      </symbol>
      <symbol id="sm-ff">
         <name>buzzer</name>
         <value>0x2000777a</value>
      </symbol>
      <symbol id="sm-100">
         <name>vProcessingTask</name>
         <value>0x45d</value>
         <object_component_ref idref="oc-247"/>
      </symbol>
      <symbol id="sm-101">
         <name>buzzer_ptr</name>
         <value>0x200079b8</value>
         <object_component_ref idref="oc-35f"/>
      </symbol>
      <symbol id="sm-102">
         <name>buzzer_flag</name>
         <value>0x200079b0</value>
         <object_component_ref idref="oc-35f"/>
      </symbol>
      <symbol id="sm-103">
         <name>LED_ptr</name>
         <value>0x200079b4</value>
         <object_component_ref idref="oc-35f"/>
      </symbol>
      <symbol id="sm-16b">
         <name>recv_flag</name>
         <value>0x2000777c</value>
      </symbol>
      <symbol id="sm-16c">
         <name>Configure_TX</name>
         <value>0x13bd</value>
         <object_component_ref idref="oc-20b"/>
      </symbol>
      <symbol id="sm-16d">
         <name>Configure_RX</name>
         <value>0x1249</value>
         <object_component_ref idref="oc-211"/>
      </symbol>
      <symbol id="sm-16e">
         <name>UART_Receive_ISR</name>
         <value>0x5b5</value>
         <object_component_ref idref="oc-50"/>
      </symbol>
      <symbol id="sm-16f">
         <name>ConfigureUART</name>
         <value>0x1589</value>
         <object_component_ref idref="oc-205"/>
      </symbol>
      <symbol id="sm-170">
         <name>send_string</name>
         <value>0x1c61</value>
         <object_component_ref idref="oc-34f"/>
      </symbol>
      <symbol id="sm-171">
         <name>UART_Transmit_ISR</name>
         <value>0x2119</value>
         <object_component_ref idref="oc-4a"/>
      </symbol>
      <symbol id="sm-1a6">
         <name>uxListRemove</name>
         <value>0x20b9</value>
         <object_component_ref idref="oc-142"/>
      </symbol>
      <symbol id="sm-1a7">
         <name>vListInsert</name>
         <value>0x1f2f</value>
         <object_component_ref idref="oc-2d7"/>
      </symbol>
      <symbol id="sm-1a8">
         <name>vListInitialiseItem</name>
         <value>0x2321</value>
         <object_component_ref idref="oc-3c5"/>
      </symbol>
      <symbol id="sm-1a9">
         <name>vListInsertEnd</name>
         <value>0x21b9</value>
         <object_component_ref idref="oc-148"/>
      </symbol>
      <symbol id="sm-1aa">
         <name>vListInitialise</name>
         <value>0x2201</value>
         <object_component_ref idref="oc-307"/>
      </symbol>
      <symbol id="sm-25c">
         <name>xQueueRegistry</name>
         <value>0x20007670</value>
      </symbol>
      <symbol id="sm-25d">
         <name>xQueueGenericSendFromISR</name>
         <value>0x19d5</value>
         <object_component_ref idref="oc-c6"/>
      </symbol>
      <symbol id="sm-25e">
         <name>vQueueAddToRegistry</name>
         <value>0x20d9</value>
         <object_component_ref idref="oc-451"/>
      </symbol>
      <symbol id="sm-25f">
         <name>xQueueGenericCreate</name>
         <value>0x1eb9</value>
         <object_component_ref idref="oc-21d"/>
      </symbol>
      <symbol id="sm-260">
         <name>xQueueCreateMutex</name>
         <value>0x1b35</value>
         <object_component_ref idref="oc-217"/>
      </symbol>
      <symbol id="sm-261">
         <name>xQueueGenericSend</name>
         <value>0xc1d</value>
         <object_component_ref idref="oc-d2"/>
      </symbol>
      <symbol id="sm-262">
         <name>xQueueGenericReset</name>
         <value>0x11c5</value>
         <object_component_ref idref="oc-30e"/>
      </symbol>
      <symbol id="sm-263">
         <name>xQueueGenericReceive</name>
         <value>0x6e1</value>
         <object_component_ref idref="oc-cc"/>
      </symbol>
      <symbol id="sm-264">
         <name>vQueueWaitForMessageRestricted</name>
         <value>0x1df9</value>
         <object_component_ref idref="oc-4a7"/>
      </symbol>
      <symbol id="sm-42b">
         <name>vTaskSuspendAll</name>
         <value>0x2289</value>
         <object_component_ref idref="oc-18c"/>
      </symbol>
      <symbol id="sm-42c">
         <name>vTaskPriorityInherit</name>
         <value>0x10a9</value>
         <object_component_ref idref="oc-1b0"/>
      </symbol>
      <symbol id="sm-42d">
         <name>vTaskPlaceOnEventList</name>
         <value>0x1791</value>
         <object_component_ref idref="oc-1b6"/>
      </symbol>
      <symbol id="sm-42e">
         <name>xTaskCheckForTimeOut</name>
         <value>0x1ae1</value>
         <object_component_ref idref="oc-198"/>
      </symbol>
      <symbol id="sm-42f">
         <name>xTaskPriorityDisinherit</name>
         <value>0x1345</value>
         <object_component_ref idref="oc-2b3"/>
      </symbol>
      <symbol id="sm-430">
         <name>vTaskStartScheduler</name>
         <value>0x1729</value>
         <object_component_ref idref="oc-241"/>
      </symbol>
      <symbol id="sm-431">
         <name>pvTaskIncrementMutexHeldCount</name>
         <value>0x21a1</value>
         <object_component_ref idref="oc-1c2"/>
      </symbol>
      <symbol id="sm-432">
         <name>vTaskMissedYield</name>
         <value>0x22cd</value>
         <object_component_ref idref="oc-2cd"/>
      </symbol>
      <symbol id="sm-433">
         <name>xTaskResumeAll</name>
         <value>0xd05</value>
         <object_component_ref idref="oc-1a4"/>
      </symbol>
      <symbol id="sm-434">
         <name>xTaskGetTickCount</name>
         <value>0x22d9</value>
         <object_component_ref idref="oc-4ca"/>
      </symbol>
      <symbol id="sm-435">
         <name>xTaskGenericCreate</name>
         <value>0xb1d</value>
         <object_component_ref idref="oc-23b"/>
      </symbol>
      <symbol id="sm-436">
         <name>pxCurrentTCB</name>
         <value>0x20007980</value>
         <object_component_ref idref="oc-9a"/>
      </symbol>
      <symbol id="sm-437">
         <name>vTaskPlaceOnEventListRestricted</name>
         <value>0x16c1</value>
         <object_component_ref idref="oc-4d7"/>
      </symbol>
      <symbol id="sm-438">
         <name>vTaskSetTimeOutState</name>
         <value>0x21e9</value>
         <object_component_ref idref="oc-180"/>
      </symbol>
      <symbol id="sm-439">
         <name>xTaskIncrementTick</name>
         <value>0xa19</value>
         <object_component_ref idref="oc-a7"/>
      </symbol>
      <symbol id="sm-43a">
         <name>vTaskSwitchContext</name>
         <value>0x1139</value>
         <object_component_ref idref="oc-a0"/>
      </symbol>
      <symbol id="sm-43b">
         <name>xTaskGetSchedulerState</name>
         <value>0x20f9</value>
         <object_component_ref idref="oc-4df"/>
      </symbol>
      <symbol id="sm-43c">
         <name>xTaskRemoveFromEventList</name>
         <value>0x1431</value>
         <object_component_ref idref="oc-172"/>
      </symbol>
      <symbol id="sm-4ff">
         <name>xTimerCreateTimerTask</name>
         <value>0x1e79</value>
         <object_component_ref idref="oc-33c"/>
      </symbol>
      <symbol id="sm-500">
         <name>xTimerGenericCommand</name>
         <value>0x1d75</value>
         <object_component_ref idref="oc-4b4"/>
      </symbol>
      <symbol id="sm-55a">
         <name>ulMaxSyscallInterruptPriority</name>
         <value>0x2428</value>
         <object_component_ref idref="oc-9d"/>
      </symbol>
      <symbol id="sm-55b">
         <name>vPortSetupTimerInterrupt</name>
         <value>0x2241</value>
         <object_component_ref idref="oc-3f0"/>
      </symbol>
      <symbol id="sm-55c">
         <name>xPortSysTickHandler</name>
         <value>0x1fcd</value>
         <object_component_ref idref="oc-44"/>
      </symbol>
      <symbol id="sm-55d">
         <name>pxPortInitialiseStack</name>
         <value>0x2049</value>
         <object_component_ref idref="oc-32f"/>
      </symbol>
      <symbol id="sm-55e">
         <name>vPortExitCritical</name>
         <value>0x21d1</value>
         <object_component_ref idref="oc-186"/>
      </symbol>
      <symbol id="sm-55f">
         <name>xPortStartScheduler</name>
         <value>0x1e39</value>
         <object_component_ref idref="oc-342"/>
      </symbol>
      <symbol id="sm-560">
         <name>vPortEnterCritical</name>
         <value>0x2151</value>
         <object_component_ref idref="oc-192"/>
      </symbol>
      <symbol id="sm-56f">
         <name>vPortStartFirstTask</name>
         <value>0xe91</value>
         <object_component_ref idref="oc-3f"/>
      </symbol>
      <symbol id="sm-570">
         <name>ulPortGetIPSR</name>
         <value>0xdf9</value>
         <object_component_ref idref="oc-3f"/>
      </symbol>
      <symbol id="sm-571">
         <name>vPortEnableVFP</name>
         <value>0xead</value>
         <object_component_ref idref="oc-3f"/>
      </symbol>
      <symbol id="sm-572">
         <name>xPortPendSVHandler</name>
         <value>0xe11</value>
         <object_component_ref idref="oc-3f"/>
      </symbol>
      <symbol id="sm-573">
         <name>vPortSVCHandler</name>
         <value>0xe71</value>
         <object_component_ref idref="oc-3f"/>
      </symbol>
      <symbol id="sm-5c8">
         <name>pvPortMalloc</name>
         <value>0xebd</value>
         <object_component_ref idref="oc-301"/>
      </symbol>
      <symbol id="sm-5c9">
         <name>vPortFree</name>
         <value>0x1d31</value>
         <object_component_ref idref="oc-3be"/>
      </symbol>
      <symbol id="sm-637">
         <name>UARTStdioConfig</name>
         <value>0x1859</value>
         <object_component_ref idref="oc-2f2"/>
      </symbol>
      <symbol id="sm-638">
         <name>UARTwrite</name>
         <value>0x1bd1</value>
         <object_component_ref idref="oc-2a5"/>
      </symbol>
      <symbol id="sm-639">
         <name>UARTprintf</name>
         <value>0x216d</value>
         <object_component_ref idref="oc-c0"/>
      </symbol>
      <symbol id="sm-63a">
         <name>UARTvprintf</name>
         <value>0x26d</value>
         <object_component_ref idref="oc-15f"/>
      </symbol>
      <symbol id="sm-657">
         <name>memcpy</name>
         <value>0x100d</value>
         <object_component_ref idref="oc-64"/>
      </symbol>
      <symbol id="sm-658">
         <name>__aeabi_memcpy</name>
         <value>0x100d</value>
         <object_component_ref idref="oc-64"/>
      </symbol>
      <symbol id="sm-659">
         <name>__aeabi_memcpy8</name>
         <value>0x100d</value>
         <object_component_ref idref="oc-64"/>
      </symbol>
      <symbol id="sm-65a">
         <name>__aeabi_memcpy4</name>
         <value>0x100d</value>
         <object_component_ref idref="oc-64"/>
      </symbol>
      <symbol id="sm-669">
         <name>__aeabi_memset</name>
         <value>0x12cb</value>
         <object_component_ref idref="oc-109"/>
      </symbol>
      <symbol id="sm-66a">
         <name>memset</name>
         <value>0x12d1</value>
         <object_component_ref idref="oc-109"/>
      </symbol>
      <symbol id="sm-66b">
         <name>__aeabi_memset8</name>
         <value>0x12cb</value>
         <object_component_ref idref="oc-109"/>
      </symbol>
      <symbol id="sm-66c">
         <name>__aeabi_memset4</name>
         <value>0x12cb</value>
         <object_component_ref idref="oc-109"/>
      </symbol>
      <symbol id="sm-66d">
         <name>__aeabi_memclr8</name>
         <value>0x12c9</value>
         <object_component_ref idref="oc-109"/>
      </symbol>
      <symbol id="sm-66e">
         <name>__aeabi_memclr4</name>
         <value>0x12c9</value>
         <object_component_ref idref="oc-109"/>
      </symbol>
      <symbol id="sm-66f">
         <name>__aeabi_memclr</name>
         <value>0x12c9</value>
         <object_component_ref idref="oc-109"/>
      </symbol>
      <symbol id="sm-67e">
         <name>__aeabi_uidivmod</name>
         <value>0x1db9</value>
         <object_component_ref idref="oc-2ab"/>
      </symbol>
      <symbol id="sm-67f">
         <name>__aeabi_uidiv</name>
         <value>0x1db9</value>
         <object_component_ref idref="oc-2ab"/>
      </symbol>
      <symbol id="sm-691">
         <name>__TI_zero_init</name>
         <value>0x22c1</value>
         <object_component_ref idref="oc-76"/>
      </symbol>
      <symbol id="sm-6a8">
         <name>__TI_decompress_none</name>
         <value>0x22a7</value>
         <object_component_ref idref="oc-1b"/>
      </symbol>
      <symbol id="sm-6cb">
         <name>__TI_decompress_lzss</name>
         <value>0x1659</value>
         <object_component_ref idref="oc-15"/>
      </symbol>
      <symbol id="sm-6de">
         <name>__stack</name>
         <value>0x20007780</value>
         <object_component_ref idref="oc-24"/>
      </symbol>
      <symbol id="sm-6df">
         <name>_c_int00_noargs</name>
         <value>0x1f69</value>
         <object_component_ref idref="oc-82"/>
      </symbol>
      <symbol id="sm-6e9">
         <name>__aeabi_idiv0</name>
         <value>0x1517</value>
         <object_component_ref idref="oc-38d"/>
      </symbol>
      <symbol id="sm-6ea">
         <name>__aeabi_ldiv0</name>
         <value>0x1517</value>
         <object_component_ref idref="oc-38d"/>
      </symbol>
      <symbol id="sm-712">
         <name>__TI_auto_init_nobinit_nopinit</name>
         <value>0x1ca9</value>
         <object_component_ref idref="oc-25a"/>
      </symbol>
      <symbol id="sm-71c">
         <name>_system_pre_init</name>
         <value>0x232b</value>
         <object_component_ref idref="oc-10f"/>
      </symbol>
      <symbol id="sm-728">
         <name>C$$EXIT</name>
         <value>0x232f</value>
         <object_component_ref idref="oc-24e"/>
      </symbol>
      <symbol id="sm-729">
         <name>abort</name>
         <value>0x232f</value>
         <object_component_ref idref="oc-24e"/>
      </symbol>
      <symbol id="sm-760">
         <name>IntEnable</name>
         <value>0x15f1</value>
         <object_component_ref idref="oc-22f"/>
      </symbol>
      <symbol id="sm-761">
         <name>IntMasterEnable</name>
         <value>0x2267</value>
         <object_component_ref idref="oc-223"/>
      </symbol>
      <symbol id="sm-793">
         <name>SysCtlDelay</name>
         <value>0x230f</value>
         <object_component_ref idref="oc-35b"/>
      </symbol>
      <symbol id="sm-794">
         <name>SysCtlClockGet</name>
         <value>0x7f9</value>
         <object_component_ref idref="oc-355"/>
      </symbol>
      <symbol id="sm-7da">
         <name>UARTIntEnable</name>
         <value>0x22f9</value>
         <object_component_ref idref="oc-235"/>
      </symbol>
      <symbol id="sm-7db">
         <name>UARTCharsAvail</name>
         <value>0x2299</value>
         <object_component_ref idref="oc-d8"/>
      </symbol>
      <symbol id="sm-7dc">
         <name>UARTClockSourceSet</name>
         <value>0x2315</value>
         <object_component_ref idref="oc-2ec"/>
      </symbol>
      <symbol id="sm-7dd">
         <name>UARTCharPut</name>
         <value>0x22e5</value>
         <object_component_ref idref="oc-3fe"/>
      </symbol>
      <symbol id="sm-7de">
         <name>UARTEnable</name>
         <value>0x2217</value>
         <object_component_ref idref="oc-2fa"/>
      </symbol>
      <symbol id="sm-7df">
         <name>UARTIntClear</name>
         <value>0x2327</value>
         <object_component_ref idref="oc-b4"/>
      </symbol>
      <symbol id="sm-7e0">
         <name>UARTIntStatus</name>
         <value>0x22ef</value>
         <object_component_ref idref="oc-ae"/>
      </symbol>
      <symbol id="sm-7e1">
         <name>UARTFIFOLevelSet</name>
         <value>0x231b</value>
         <object_component_ref idref="oc-229"/>
      </symbol>
      <symbol id="sm-7eb">
         <name>CPUcpsie</name>
         <value>0x22b5</value>
         <object_component_ref idref="oc-315"/>
      </symbol>
      <symbol id="sm-7ec">
         <name>__TI_static_base__</name>
         <value>0x0</value>
      </symbol>
      <symbol id="sm-7ef">
         <name>__mpu_init</name>
         <value>0x0</value>
      </symbol>
      <symbol id="sm-7f0">
         <name>_system_post_cinit</name>
         <value>0x0</value>
      </symbol>
   </symbol_table>
   <title>Link successful</title>
</link_info>
