******************************************************************************
                  TI ARM Linker PC v18.12.4                    
******************************************************************************
>> Linked Thu Apr 16 17:08:51 2020

OUTPUT FILE NAME:   <freertos_demo.out>
ENTRY POINT SYMBOL: "_c_int00_noargs"  address: 00000c19


MEMORY CONFIGURATION

         name            origin    length      used     unused   attr    fill
----------------------  --------  ---------  --------  --------  ----  --------
  FLASH                 00000000   00040000  00000e14  0003f1ec  R  X
  SRAM                  20000000   00008000  0000037e  00007c82  RW X


SEGMENT ALLOCATION MAP

run origin  load origin   length   init length attrs members
----------  ----------- ---------- ----------- ----- -------
00000000    00000000    00000e18   00000e18    r-x
  00000000    00000000    0000026c   0000026c    r-- .intvecs
  0000026c    0000026c    00000ae8   00000ae8    r-x .text
  00000d54    00000d54    00000090   00000090    r-- .const
  00000de8    00000de8    00000030   00000030    r-- .cinit
20000000    20000000    0000037e   00000000    rw-
  20000000    20000000    00000200   00000000    rw- .stack
  20000200    20000200    00000148   00000000    rw- .bss
  20000348    20000348    00000036   00000000    rw- .data


SECTION ALLOCATION MAP

 output                                  attributes/
section   page    origin      length       input sections
--------  ----  ----------  ----------   ----------------
.intvecs   0    00000000    0000026c     
                  00000000    0000026c     startup_ccs.obj (.intvecs)

.text      0    0000026c    00000ae8     
                  0000026c    000001ee     uartstdio.obj (.text:UARTvprintf)
                  0000045a    00000002     startup_ccs.obj (.text:FaultISR)
                  0000045c    00000110     driverlib.lib : sysctl.obj (.text:SysCtlClockGet)
                  0000056c    00000104     tasks.obj (.text:xTaskIncrementTick)
                  00000670    000000d2     portasm.obj (.text)
                  00000742    0000009c     rtsv7M4_T_le_v4SPD16_eabi.lib : memcpy_t2.asm.obj (.text)
                  000007de    00000002     startup_ccs.obj (.text:IntDefaultHandler)
                  000007e0    0000008c     tasks.obj (.text:vTaskSwitchContext)
                  0000086c    00000080     main.obj (.text:main)
                  000008ec    00000078     main.obj (.text:Configure_RX)
                  00000964    00000078     main.obj (.text:Configure_TX)
                  000009dc    00000068     rtsv7M4_T_le_v4SPD16_eabi.lib : copy_decompress_lzss.c.obj (.text:decompress:lzss:__TI_decompress_lzss)
                  00000a44    00000064     main.obj (.text:ConfigureUART)
                  00000aa8    00000060     uartstdio.obj (.text:UARTStdioConfig)
                  00000b08    00000048     uartstdio.obj (.text:UARTwrite)
                  00000b50    00000044     rtsv7M4_T_le_v4SPD16_eabi.lib : autoinit.c.obj (.text:__TI_auto_init_nobinit_nopinit:__TI_auto_init_nobinit_nopinit)
                  00000b94    00000044     main.obj (.text:send_string)
                  00000bd8    00000040     rtsv7M4_T_le_v4SPD16_eabi.lib : u_divt2.asm.obj (.text)
                  00000c18    00000034                                   : boot_cortex_m.c.obj (.text:_c_int00_noargs:_c_int00_noargs)
                  00000c4c    0000002c     port.obj (.text:xPortSysTickHandler)
                  00000c78    00000028     tasks.obj (.text:prvResetNextTaskUnblockTime)
                  00000ca0    00000020     list.obj (.text:uxListRemove)
                  00000cc0    0000001c     rtsv7M4_T_le_v4SPD16_eabi.lib : copy_zero_init.c.obj (.text:decompress:ZI:__TI_zero_init_nomemset:__TI_zero_init_nomemset)
                  00000cdc    0000001a     uartstdio.obj (.text:UARTprintf)
                  00000cf6    00000018     list.obj (.text:vListInsertEnd)
                  00000d0e    0000000e     driverlib.lib : uart.obj (.text:UARTCharsAvail)
                  00000d1c    0000000e     rtsv7M4_T_le_v4SPD16_eabi.lib : copy_decompress_none.c.obj (.text:decompress:none:__TI_decompress_none)
                  00000d2a    0000000a     driverlib.lib : uart.obj (.text:UARTCharPut)
                  00000d34    00000006     startup_ccs.obj (.text:ResetISR)
                  00000d3a    00000006     driverlib.lib : sysctl.obj (.text:SysCtlDelay)
                  00000d40    00000006                   : uart.obj (.text:UARTClockSourceSet)
                  00000d46    00000004     rtsv7M4_T_le_v4SPD16_eabi.lib : pre_init.c.obj (.text:_system_pre_init)
                  00000d4a    00000004                                   : exit.c.obj (.text:abort:abort)
                  00000d4e    00000002     startup_ccs.obj (.text:NmiSR)
                  00000d50    00000002     rtsv7M4_T_le_v4SPD16_eabi.lib : div0.asm.obj (.text)
                  00000d52    00000002     main.obj (.text:vApplicationStackOverflowHook)

.const     0    00000d54    00000090     
                  00000d54    0000006c     driverlib.lib : sysctl.obj (.const:g_pui32Xtals)
                  00000dc0    0000000c     uartstdio.obj (.const:g_ui32UARTBase)
                  00000dcc    0000000c     uartstdio.obj (.const:g_ui32UARTPeriph)
                  00000dd8    00000006     main.obj (.const:.string:$P$T0$1)
                  00000dde    00000002     --HOLE-- [fill = 0]
                  00000de0    00000004     port.obj (.const)

.cinit     0    00000de8    00000030     
                  00000de8    0000000c     (__TI_handler_table)
                  00000df4    00000004     --HOLE-- [fill = 0]
                  00000df8    00000008     (.cinit..bss.load) [load image, compression = zero_init]
                  00000e00    00000008     (.cinit..data.load) [load image, compression = lzss]
                  00000e08    00000010     (__TI_cinit_table)

.init_array 
*          0    00000000    00000000     UNINITIALIZED

.bss       0    20000200    00000148     UNINITIALIZED
                  20000200    00000140     tasks.obj (.bss:pxReadyTasksLists)
                  20000340    00000008     tasks.obj (.bss)

.data      0    20000348    00000036     UNINITIALIZED
                  20000348    00000030     tasks.obj (.data)
                  20000378    00000005     uartstdio.obj (.data)
                  2000037d    00000001     main.obj (.data)

.stack     0    20000000    00000200     UNINITIALIZED
                  20000000    00000004     rtsv7M4_T_le_v4SPD16_eabi.lib : boot_cortex_m.c.obj (.stack)
                  20000004    000001fc     --HOLE--

MODULE SUMMARY

       Module                       code   ro data   rw data
       ------                       ----   -------   -------
    .\
       startup_ccs.obj              12     620       0      
       main.obj                     538    6         1      
    +--+----------------------------+------+---------+---------+
       Total:                       550    626       1      
                                                            
    .\third_party\FreeRTOS\Source\
       tasks.obj                    440    0         376    
       list.obj                     56     0         0      
    +--+----------------------------+------+---------+---------+
       Total:                       496    0         376    
                                                            
    .\third_party\FreeRTOS\Source\portable\CCS\ARM_CM4F\
       portasm.obj                  210    0         0      
       port.obj                     44     4         0      
    +--+----------------------------+------+---------+---------+
       Total:                       254    4         0      
                                                            
    .\utils\
       uartstdio.obj                688    24        5      
    +--+----------------------------+------+---------+---------+
       Total:                       688    24        5      
                                                            
    C:/ti/TivaWare_C_Series-2.1.4.178/driverlib/ccs/Debug/driverlib.lib
       sysctl.obj                   278    108       0      
       uart.obj                     30     0         0      
    +--+----------------------------+------+---------+---------+
       Total:                       308    108       0      
                                                            
    C:\ti\ccs930\ccs\tools\compiler\ti-cgt-arm_18.12.4.LTS\lib\rtsv7M4_T_le_v4SPD16_eabi.lib
       memcpy_t2.asm.obj            156    0         0      
       copy_decompress_lzss.c.obj   104    0         0      
       autoinit.c.obj               68     0         0      
       u_divt2.asm.obj              64     0         0      
       boot_cortex_m.c.obj          52     0         0      
       copy_zero_init.c.obj         28     0         0      
       copy_decompress_none.c.obj   14     0         0      
       exit.c.obj                   4      0         0      
       pre_init.c.obj               4      0         0      
       div0.asm.obj                 2      0         0      
    +--+----------------------------+------+---------+---------+
       Total:                       496    0         0      
                                                            
       Stack:                       0      0         512    
       Linker Generated:            0      44        0      
    +--+----------------------------+------+---------+---------+
       Grand Total:                 2792   806       894    


LINKER GENERATED COPY TABLES

__TI_cinit_table @ 00000e08 records: 2, size/record: 8, table size: 16
	.bss: load addr=00000df8, load size=00000008 bytes, run addr=20000200, run size=00000148 bytes, compression=zero_init
	.data: load addr=00000e00, load size=00000008 bytes, run addr=20000348, run size=00000036 bytes, compression=lzss


LINKER GENERATED HANDLER TABLE

__TI_handler_table @ 00000de8 records: 3, size/record: 4, table size: 12
	index: 0, handler: __TI_decompress_lzss
	index: 1, handler: __TI_decompress_none
	index: 2, handler: __TI_zero_init


GLOBAL SYMBOLS: SORTED ALPHABETICALLY BY Name 

address   name                          
-------   ----                          
00000d4b  C$$EXIT                       
00000a45  ConfigureUART                 
000008ed  Configure_RX                  
00000965  Configure_TX                  
00000d35  ResetISR                      
0000045d  SysCtlClockGet                
00000d3b  SysCtlDelay                   
00000d2b  UARTCharPut                   
00000d0f  UARTCharsAvail                
00000d41  UARTClockSourceSet            
00000aa9  UARTStdioConfig               
00000cdd  UARTprintf                    
0000026d  UARTvprintf                   
00000b09  UARTwrite                     
20000200  __STACK_END                   
00000200  __STACK_SIZE                  
20000200  __STACK_TOP                   
00000e08  __TI_CINIT_Base               
00000e18  __TI_CINIT_Limit              
00000de8  __TI_Handler_Table_Base       
00000df4  __TI_Handler_Table_Limit      
00000b51  __TI_auto_init_nobinit_nopinit
000009dd  __TI_decompress_lzss          
00000d1d  __TI_decompress_none          
ffffffff  __TI_pprof_out_hndl           
ffffffff  __TI_prof_data_size           
ffffffff  __TI_prof_data_start          
00000000  __TI_static_base__            
00000cc1  __TI_zero_init_nomemset       
00000d51  __aeabi_idiv0                 
00000d51  __aeabi_ldiv0                 
00000743  __aeabi_memcpy                
00000743  __aeabi_memcpy4               
00000743  __aeabi_memcpy8               
00000bd9  __aeabi_uidiv                 
00000bd9  __aeabi_uidivmod              
ffffffff  __binit__                     
ffffffff  __c_args__                    
UNDEFED   __mpu_init                    
20000000  __stack                       
00000c19  _c_int00_noargs               
UNDEFED   _system_post_cinit            
00000d47  _system_pre_init              
00000d4b  abort                         
ffffffff  binit                         
00000000  g_pfnVectors                  
0000086d  main                          
00000743  memcpy                        
20000348  pxCurrentTCB                  
00000b95  send_string                   
2000037d  string_complete               
00000de0  ulMaxSyscallInterruptPriority 
00000681  ulPortGetIPSR                 
00000ca1  uxListRemove                  
00000d53  vApplicationStackOverflowHook 
00000cf7  vListInsertEnd                
00000735  vPortEnableVFP                
000006f9  vPortSVCHandler               
00000719  vPortStartFirstTask           
000007e1  vTaskSwitchContext            
00000699  xPortPendSVHandler            
00000c4d  xPortSysTickHandler           
0000056d  xTaskIncrementTick            


GLOBAL SYMBOLS: SORTED BY Symbol Address 

address   name                          
-------   ----                          
00000000  __TI_static_base__            
00000000  g_pfnVectors                  
00000200  __STACK_SIZE                  
0000026d  UARTvprintf                   
0000045d  SysCtlClockGet                
0000056d  xTaskIncrementTick            
00000681  ulPortGetIPSR                 
00000699  xPortPendSVHandler            
000006f9  vPortSVCHandler               
00000719  vPortStartFirstTask           
00000735  vPortEnableVFP                
00000743  __aeabi_memcpy                
00000743  __aeabi_memcpy4               
00000743  __aeabi_memcpy8               
00000743  memcpy                        
000007e1  vTaskSwitchContext            
0000086d  main                          
000008ed  Configure_RX                  
00000965  Configure_TX                  
000009dd  __TI_decompress_lzss          
00000a45  ConfigureUART                 
00000aa9  UARTStdioConfig               
00000b09  UARTwrite                     
00000b51  __TI_auto_init_nobinit_nopinit
00000b95  send_string                   
00000bd9  __aeabi_uidiv                 
00000bd9  __aeabi_uidivmod              
00000c19  _c_int00_noargs               
00000c4d  xPortSysTickHandler           
00000ca1  uxListRemove                  
00000cc1  __TI_zero_init_nomemset       
00000cdd  UARTprintf                    
00000cf7  vListInsertEnd                
00000d0f  UARTCharsAvail                
00000d1d  __TI_decompress_none          
00000d2b  UARTCharPut                   
00000d35  ResetISR                      
00000d3b  SysCtlDelay                   
00000d41  UARTClockSourceSet            
00000d47  _system_pre_init              
00000d4b  C$$EXIT                       
00000d4b  abort                         
00000d51  __aeabi_idiv0                 
00000d51  __aeabi_ldiv0                 
00000d53  vApplicationStackOverflowHook 
00000de0  ulMaxSyscallInterruptPriority 
00000de8  __TI_Handler_Table_Base       
00000df4  __TI_Handler_Table_Limit      
00000e08  __TI_CINIT_Base               
00000e18  __TI_CINIT_Limit              
20000000  __stack                       
20000200  __STACK_END                   
20000200  __STACK_TOP                   
20000348  pxCurrentTCB                  
2000037d  string_complete               
ffffffff  __TI_pprof_out_hndl           
ffffffff  __TI_prof_data_size           
ffffffff  __TI_prof_data_start          
ffffffff  __binit__                     
ffffffff  __c_args__                    
ffffffff  binit                         
UNDEFED   __mpu_init                    
UNDEFED   _system_post_cinit            

[63 symbols]
